05-01 10:42:21.658  2459  2560 I WindowManager: Destroying surface Surface(name=Splash Screen com.example.valuefinder)/@0xba0f933 called by com.android.server.wm.WindowStateAnimator.destroySurface:1893 com.android.server.wm.WindowStateAnimator.destroySurfaceLocked:821 com.android.server.wm.WindowState.destroySurfaceUnchecked:3882 com.android.server.wm.WindowState.destroySurface:3863 com.android.server.wm.AppWindowToken.destroySurfaces:896 com.android.server.wm.AppWindowToken.destroySurfaces:877 com.android.server.wm.WindowState.onExitAnimationDone:5496 com.android.server.wm.WindowStateAnimator.onAnimationFinished:320 
05-01 10:42:21.658   702  5273 I SurfaceFlinger: id=4983 Removed Splash Screen com.example.valuefinder#0 (0/46)
05-01 10:42:21.660  2459  2560 D WindowManager: clearSavedLeashOnCommit, savedLeash=Surface(name=Surface(name=248b116 Splash Screen com.example.valuefinder)/@0xea8b3a0 - animation-leash)/@0x24f6b59, caller=com.android.server.wm.WindowContainer.removeImmediately:329 com.android.server.wm.WindowState.removeImmediately:2715 com.android.server.wm.WindowState.destroySurface:3866 com.android.server.wm.AppWindowToken.destroySurfaces:896 com.android.server.wm.AppWindowToken.destroySurfaces:877 com.android.server.wm.WindowState.onExitAnimationDone:5496 
05-01 10:42:21.663   702   702 I Layer   : id=4983 onRemoved Splash Screen com.example.valuefinder#0 
05-01 10:42:21.683  2459  2923 D MdnieScenarioControlService:  packageName : com.example.valuefinder    className : com.example.valuefinder.MainActivity
05-01 10:42:21.683   702   765 D Layer   : [248b116 Splash Screen com.example.valuefinder#0]::reparent oldParent:[Surface(name=248b116 Splash Screen com.example.valuefinder)/@0xea8b3a0 - animation-leash#0], newParent:[AppWindowToken{7d3ce90 token=Token{7b65553 ActivityRecord{ab58142 u0 com.example.valuefinder/.MainActivity t986}}}#0]
05-01 10:42:21.683   702   765 I SurfaceFlinger: id=4988 Removed Surface(name=248b116 Splash Screen com.example.valuefinder)/@0xea8b3a0 - animation-leash#0 (2/45)
05-01 10:42:21.683   702   765 I SurfaceFlinger: id=4982 Removed 248b116 Splash Screen com.example.valuefinder#0 (1/44)
05-01 10:42:21.697   702   702 I Layer   : id=4988 onRemoved Surface(name=248b116 Splash Screen com.example.valuefinder)/@0xea8b3a0 - animation-leash#0 
05-01 10:42:21.697   702   702 I Layer   : id=4982 onRemoved 248b116 Splash Screen com.example.valuefinder#0 
05-01 10:42:21.860 17417 17417 D ConnectivityManager: requestNetwork; CallingUid : 10406, CallingPid : 17417, PackageName : com.example.valuefinder
05-01 10:42:22.151  2459  2641 D WifiTrafficPoller: TrafficStats TxPkts=591752 RxPkts=1646730 TxBytes=223735865 RxBytes=1254158015 , Foreground uid=10406 pkgName=com.example.valuefinder TxPackets=2549 RxPackets=4033 TxBytes=289411 RxBytes=5090412
05-01 10:42:22.834 17417 17417 V InputMethodManager: Starting input: tba=com.example.valuefinder ic=null mNaviBarColor -855310 mIsGetNaviBarColorSuccess true , NavVisible : true , NavTrans : false
05-01 10:42:22.847  2459  2939 V InputMethodManagerService: windowGainedFocus : reason=WINDOW_FOCUS_GAIN client=android.os.BinderProxy@ba69e52 inputContext=null missingMethods= attribute=android.view.inputmethod.EditorInfo@8d8fd82 nm = com.example.valuefinder controlFlags=#104 softInputMode=#120 windowFlags=#81810100
05-01 10:42:23.011 17417 17417 V InputMethodManager: Starting input: tba=com.example.valuefinder ic=null mNaviBarColor -855310 mIsGetNaviBarColorSuccess true , NavVisible : true , NavTrans : false
05-01 10:42:23.345  2459  2508 D CodecSolution: isMaxAspectPackageEx: com.example.valuefinder : false(0)
05-01 10:42:23.476  2459  2923 D MdnieScenarioControlService:  packageName : com.example.valuefinder    className : com.example.valuefinder.MainActivity
05-01 10:42:23.628 17417 17633 D ProfileInstaller: Skipping profile installation for com.example.valuefinder
05-01 10:42:23.685  2459  2939 W BroadcastQueue: Background execution not allowed: receiving Intent { act=android.intent.action.PACKAGE_REPLACED dat=package:com.example.valuefinder flg=0x4000010 (has extras) } to com.google.android.gms/.gass.chimera.PackageChangeBroadcastReceiver
05-01 10:42:23.691  2459  2507 W BroadcastQueue: Background execution not allowed: receiving Intent { act=android.intent.action.PACKAGE_REPLACED dat=package:com.example.valuefinder flg=0x4000010 (has extras) } to com.google.android.gms/.chimera.GmsIntentOperationService$PersistentTrustedReceiver
05-01 10:42:23.692  2459  2507 W BroadcastQueue: Background execution not allowed: receiving Intent { act=android.intent.action.PACKAGE_REPLACED dat=package:com.example.valuefinder flg=0x4000010 (has extras) } to com.samsung.accessibility/.assistantmenu.AssistantMenuReceiver
05-01 10:42:23.692  2459  2507 W BroadcastQueue: Background execution not allowed: receiving Intent { act=android.intent.action.PACKAGE_REPLACED dat=package:com.example.valuefinder flg=0x4000010 (has extras) } to com.samsung.android.beaconmanager/.BeaconBroadcastReceiver
05-01 10:42:23.692  2459  2507 W BroadcastQueue: Background execution not allowed: receiving Intent { act=android.intent.action.PACKAGE_REPLACED dat=package:com.example.valuefinder flg=0x4000010 (has extras) } to com.samsung.android.calendar/com.samsung.android.app.calendar.model.settings.receiver.UpdateReceiver
05-01 10:42:23.693  2459  2507 W BroadcastQueue: Background execution not allowed: receiving Intent { act=android.intent.action.PACKAGE_REPLACED dat=package:com.example.valuefinder flg=0x4000010 (has extras) } to com.sec.android.app.samsungapps/.receiver.PackageAddedReceiver
05-01 10:42:23.693  2459  2507 W BroadcastQueue: Background execution not allowed: receiving Intent { act=android.intent.action.PACKAGE_REPLACED dat=package:com.example.valuefinder flg=0x4000010 (has extras) } to com.sec.android.app.samsungapps/com.samsung.android.iap.receiver.IapReceiver
05-01 10:42:23.698 17520 17520 D PacakageChanageReceiver: The DATA: package:com.example.valuefinder
05-01 10:42:23.702  2459  2939 W BroadcastQueue: Background execution not allowed: receiving Intent { act=android.intent.action.PACKAGE_REPLACED dat=package:com.example.valuefinder flg=0x4000010 (has extras) } to com.sec.imsservice/com.sec.internal.tapi.service.receiver.PackageEventReceiver
05-01 10:42:23.706  2459  2507 W BroadcastQueue: Background execution not allowed: receiving Intent { act=android.intent.action.PACKAGE_REPLACED dat=package:com.example.valuefinder flg=0x4000010 (has extras) } to com.sec.imsservice/com.sec.internal.ims.imsservice.ImsIntentReceiver
05-01 10:42:23.821  2459  6471 D GameManagerService: identifyGamePackage. com.example.valuefinder
05-01 10:42:23.821  2459  6471 D GamePkgDataHelper: getGamePkgData(). com.example.valuefinder
05-01 10:42:24.391 17417 17431 I ple.valuefinde: JIT allocated 108KB for stack maps of void com.example.valuefinder.ui.ItemListScreenKt.ItemListScreen(java.util.List, java.util.List, kotlin.jvm.functions.Function0, kotlin.jvm.functions.Function1, kotlin.jvm.functions.Function1, kotlin.jvm.functions.Function0, kotlin.jvm.functions.Function0, kotlin.jvm.functions.Function0, kotlin.jvm.functions.Function0, kotlin.jvm.functions.Function0, kotlin.jvm.functions.Function1, boolean, boolean, kotlin.jvm.functions.Function5, kotlin.jvm.functions.Function4, kotlin.jvm.functions.Function5, kotlin.jvm.functions.Function2, boolean, com.example.valuefinder.ExportProgress, java.lang.String, kotlin.jvm.functions.Function0, int, kotlin.jvm.functions.Function1, kotlin.jvm.functions.Function0, java.lang.String, int, int, java.lang.String, java.lang.String, java.lang.String, int, int, int, int, java.lang.String, int, kotlin.jvm.functions.Function0, kotlin.jvm.functions.Function0, boolean, kotlin.jvm.functions.Function2, kotlin.jvm.functions.Function3, kotlin.jvm.functions.Func
05-01 10:42:25.133  2459  2506 D MediaSessionService: Received change in packages, intent=Intent { act=android.intent.action.PACKAGE_ADDED dat=package:com.example.valuefinder flg=0x4000010 (has extras) }
05-01 10:42:25.140  2459  2506 I GameManagerService: PkgInstallationReceiver, onPackageUpdateFinished : com.example.valuefinder uid : 10406 userID : UserHandle{0}
05-01 10:42:25.142  2459  2736 D GameManagerService:GosNotifyThread: notifyPackageChangedToGos(), before send intent to GOS. type:2, changeType: 8, packageName:com.example.valuefinder
05-01 10:42:25.146  2459  2506 D MetaDataCollector: onReceive: done pkgName=com.example.valuefinder
05-01 10:42:25.149  4081  4081 D Launcher.Model: onPackageChanged:com.example.valuefinder, user:UserHandle{0}, isUpsModeEnabled = false, isEmergencyEnabled = false
05-01 10:42:25.153  4081  4316 D Launcher.Model: Loader.updatePackage com.example.valuefinder
05-01 10:42:25.153  2459  2506 D MediaSessionService: Received change in packages, intent=Intent { act=android.intent.action.PACKAGE_REPLACED dat=package:com.example.valuefinder flg=0x4000010 (has extras) }
05-01 10:42:25.153  4081  4081 D SuggestedItemsProvider: onPackageChanged: com.example.valuefinder / UserHandle{0}
05-01 10:42:25.154  4081  4081 D SuggestedItemsProvider: onPackageRemoved: com.example.valuefinder / UserHandle{0}
05-01 10:42:25.154  2459  2506 D MetaDataCollector: onReceive: done pkgName=com.example.valuefinder
05-01 10:42:25.157  4081  4081 D SuggestedItemsProvider: onPackageAdded: com.example.valuefinder / UserHandle{0}
05-01 10:42:25.174 17227 17657 D GOS:MainIntentService: onHandleIntent(). type(PACKAGE_CHANGED), changeType(REPLACED), packageName(com.example.valuefinder), UserHandle(0), Installed(true)
05-01 10:42:25.174 17227 17657 D GOS:SystemEventReactor: onPackageUpdated(). packageName: com.example.valuefinder, versionCode: 49
05-01 10:42:25.179  2459  4926 D PackageManager: getComponentMetadataForIconTray : com.example.valuefinder.MainActivity does not exist in mServices
05-01 10:42:25.180  2459  4926 D PackageManager: getComponentMetadataForIconTray : com.example.valuefinder.MainActivity does not exist in mProviders
05-01 10:42:25.180  2459  4926 D PackageManager: getComponentMetadataForIconTray : com.example.valuefinder.MainActivity does not exist in mReceivers
05-01 10:42:25.181 17227 17657 D GOS:PkgData: PkgData(), pkgName: com.example.valuefinder
05-01 10:42:25.181 17227 17657 D GOS:PkgData: setCustomFeatureFlag, pkgName: com.example.valuefinder, old featureFlag: 342277969730895875, new featureFlag: 342277969730895875
05-01 10:42:25.182  4081  4316 D LauncherActivityInfo: packageName: com.example.valuefinder, supportTheme: false, height: 144, width: 144, density: 480
05-01 10:42:25.192 17227 17657 D GOS:PkgData: PkgData(), pkgName: com.example.valuefinder
05-01 10:42:25.192 17227 17657 D GOS:PkgData: setCustomFeatureFlag, pkgName: com.example.valuefinder, old featureFlag: 342277969730895875, new featureFlag: 342277969730895875
05-01 10:42:25.193 17227 17657 D GOS:MonitoredAppsDAO: getSubscriberApps(com.example.valuefinder)
05-01 10:42:25.216  4081  4316 D DataLoader: updatePackage:com.example.valuefinder
05-01 10:42:25.217  4081  4316 D DataLoader: updatePackageActivities, modified : IconInfo(title=ValuePics intent=Intent { act=android.intent.action.MAIN cat=[android.intent.category.LAUNCHER] flg=0x10200000 cmp=com.example.valuefinder/.MainActivity (has extras) } id=240 type=0 container=-102 screen=1 cellX=4 cellY=4 spanX=1 spanY=1 rank=28 hidden=0 dropPos=null user=UserHandle{0} screenType=0)
05-01 10:42:25.221  4081  4316 I AppsLoader: addOrUpdater cn = ComponentInfo{com.example.valuefinder/com.example.valuefinder.MainActivity}, UserHandle{0}, screenType = 0
05-01 10:42:25.229  4081  4316 I AppsLoader: addOrUpdater update item = IconInfo(title=ValuePics intent=Intent { act=android.intent.action.MAIN cat=[android.intent.category.LAUNCHER] flg=0x10200000 cmp=com.example.valuefinder/.MainActivity (has extras) } id=240 type=0 container=-102 screen=1 cellX=4 cellY=4 spanX=1 spanY=1 rank=28 hidden=0 dropPos=null user=UserHandle{0} screenType=0)
05-01 10:42:26.191  2459  2641 D WifiTrafficPoller: TrafficStats TxPkts=591769 RxPkts=1646760 TxBytes=223737902 RxBytes=1254170584 , Foreground uid=10406 pkgName=com.example.valuefinder TxPackets=2549 RxPackets=4033 TxBytes=289411 RxBytes=5090412
05-01 10:42:30.225  2459  2641 D WifiTrafficPoller: TrafficStats TxPkts=591769 RxPkts=1646788 TxBytes=223737902 RxBytes=1254174435 , Foreground uid=10406 pkgName=com.example.valuefinder TxPackets=2549 RxPackets=4033 TxBytes=289411 RxBytes=5090412
05-01 10:42:31.982 17681 17681 D AndroidRuntime: >>>>>> START com.android.internal.os.RuntimeInit uid 2000 <<<<<<
05-01 10:42:32.675 17681 17681 D AndroidRuntime: Calling main entry com.android.commands.uiautomator.Launcher
05-01 10:42:34.260  2459  2641 D WifiTrafficPoller: TrafficStats TxPkts=591770 RxPkts=1646819 TxBytes=223737942 RxBytes=1254180409 , Foreground uid=10406 pkgName=com.example.valuefinder TxPackets=2549 RxPackets=4033 TxBytes=289411 RxBytes=5090412
05-01 10:42:34.270 17681 17681 D AndroidRuntime: Shutting down VM
05-01 10:42:34.767 17705 17705 D AndroidRuntime: >>>>>> START com.android.internal.os.RuntimeInit uid 2000 <<<<<<
05-01 10:42:35.007 17705 17705 D AndroidRuntime: Calling main entry com.android.commands.input.Input
05-01 10:42:35.032 17705 17705 D AndroidRuntime: Shutting down VM
05-01 10:42:38.311  2459  2641 D WifiTrafficPoller: TrafficStats TxPkts=591770 RxPkts=1646827 TxBytes=223737942 RxBytes=1254181442 , Foreground uid=10406 pkgName=com.example.valuefinder TxPackets=2549 RxPackets=4033 TxBytes=289411 RxBytes=5090412
05-01 10:42:39.563 17729 17729 D AndroidRuntime: >>>>>> START com.android.internal.os.RuntimeInit uid 2000 <<<<<<
05-01 10:42:39.754 17729 17729 D AndroidRuntime: Calling main entry com.android.commands.input.Input
05-01 10:42:39.822 17729 17729 D AndroidRuntime: Shutting down VM
05-01 10:42:39.876  2459  3056 V WindowManager: Changing focus from Window{a545a20 u0 com.example.valuefinder/com.example.valuefinder.MainActivity} to Window{6cb6d42 u0 Pop-up window} Callers=com.android.server.wm.WindowManagerService.addWindow:1773 com.android.server.wm.Session.addToDisplayForTranslate:250 android.view.IWindowSession$Stub.onTransact:208 com.android.server.wm.Session.onTransact:192 
05-01 10:42:40.525  2459  2519 D WindowManager: reportFocusChangedSerialized, focused=false, inTouchMode=true, win=Window{a545a20 u0 com.example.valuefinder/com.example.valuefinder.MainActivity}
05-01 10:42:40.530 17417 17417 V InputMethodManager: Starting input: tba=com.example.valuefinder ic=null mNaviBarColor Fail mIsGetNaviBarColorSuccess false , NavVisible : true , NavTrans : false
05-01 10:42:40.533   702   702 I SurfaceFlinger:      Device | 0x701e433480 | 0002 | RGBA_8888 |   0.0    0.0 2048.0 1536.0 |    0    0 2048 1536 | com.example.valuefinder/com.example.valuefinder.MainActivity[17417]#0
05-01 10:42:40.534  2459  4791 V InputMethodManagerService: windowGainedFocus : reason=WINDOW_FOCUS_GAIN client=android.os.BinderProxy@ba69e52 inputContext=null missingMethods= attribute=android.view.inputmethod.EditorInfo@4c99a90 nm = com.example.valuefinder controlFlags=#104 softInputMode=#20 windowFlags=#1040000
05-01 10:42:42.253 17760 17760 D AndroidRuntime: >>>>>> START com.android.internal.os.RuntimeInit uid 2000 <<<<<<
05-01 10:42:42.335  2459  2641 D WifiTrafficPoller: TrafficStats TxPkts=591770 RxPkts=1646852 TxBytes=223737942 RxBytes=1254184639 , Foreground uid=10406 pkgName=com.example.valuefinder TxPackets=2549 RxPackets=4033 TxBytes=289411 RxBytes=5090412
05-01 10:42:42.448 17760 17760 D AndroidRuntime: Calling main entry com.android.commands.uiautomator.Launcher
05-01 10:42:43.759 17760 17760 D AndroidRuntime: Shutting down VM
05-01 10:42:46.389  2459  2641 D WifiTrafficPoller: TrafficStats TxPkts=591772 RxPkts=1646881 TxBytes=223738130 RxBytes=1254188494 , Foreground uid=10406 pkgName=com.example.valuefinder TxPackets=2549 RxPackets=4033 TxBytes=289411 RxBytes=5090412
05-01 10:42:50.447  2459  2641 D WifiTrafficPoller: TrafficStats TxPkts=591772 RxPkts=1646885 TxBytes=223738130 RxBytes=1254189294 , Foreground uid=10406 pkgName=com.example.valuefinder TxPackets=2549 RxPackets=4033 TxBytes=289411 RxBytes=5090412
05-01 10:42:54.510  2459  2641 D WifiTrafficPoller: TrafficStats TxPkts=591772 RxPkts=1646911 TxBytes=223738130 RxBytes=1254193587 , Foreground uid=10406 pkgName=com.example.valuefinder TxPackets=2549 RxPackets=4033 TxBytes=289411 RxBytes=5090412
05-01 10:42:58.209 17837 17837 D AndroidRuntime: >>>>>> START com.android.internal.os.RuntimeInit uid 2000 <<<<<<
05-01 10:42:58.432 17837 17837 D AndroidRuntime: Calling main entry com.android.commands.input.Input
05-01 10:42:58.549  2459  2641 D WifiTrafficPoller: TrafficStats TxPkts=591772 RxPkts=1646945 TxBytes=223738130 RxBytes=1254200559 , Foreground uid=10406 pkgName=com.example.valuefinder TxPackets=2549 RxPackets=4033 TxBytes=289411 RxBytes=5090412
05-01 10:42:58.570 17837 17837 D AndroidRuntime: Shutting down VM
05-01 10:42:58.654   702   762 I SurfaceFlinger: id=4993 createSurf (4096x4096),2 flag=4, a71c387 com.example.valuefinder/com.example.valuefinder.MainActivity#0
05-01 10:42:58.658  2459  3974 V WindowManager: Changing focus from Window{6cb6d42 u0 Pop-up window} to Window{a71c387 u0 com.example.valuefinder/com.example.valuefinder.MainActivity} Callers=com.android.server.wm.WindowManagerService.addWindow:1773 com.android.server.wm.Session.addToDisplayForTranslate:250 android.view.IWindowSession$Stub.onTransact:208 com.android.server.wm.Session.onTransact:192 
05-01 10:42:58.661  2459  2519 D WindowManager: reportFocusChangedSerialized, focused=true, inTouchMode=true, win=Window{a71c387 u0 com.example.valuefinder/com.example.valuefinder.MainActivity}
05-01 10:42:58.771  2459  4008 V WindowManager: Relayout Window{a71c387 u0 com.example.valuefinder/com.example.valuefinder.MainActivity}: viewVisibility=0 req=1120x1288 {(0,0)(wrapxwrap) gr=CENTER sim={adjust=pan} ty=APPLICATION fmt=TRANSPARENT wanim=0x1030300 surfaceInsets=Rect(64, 64 - 64, 64)
05-01 10:42:58.775  2459  4008 V WindowManager: Resize reasons for w=Window{a71c387 u0 com.example.valuefinder/com.example.valuefinder.MainActivity}:  contentInsetsChanged=false [0,0][0,0] visibleInsetsChanged=false [0,0][0,0] stableInsetsChanged=false [0,0][0,0] outsetsChanged=false [0,0][0,0] surfaceResized=false configChanged=true dragResizingChanged=false reportOrientationChanged=false displayCutoutChanged=false nextForceRelayoutToClient=false
05-01 10:42:58.784   702  5273 D SurfaceFlinger: duplicate layer name: changing com.example.valuefinder/com.example.valuefinder.MainActivity[17417] to com.example.valuefinder/com.example.valuefinder.MainActivity[17417]#1
05-01 10:42:58.785   702  5273 I SurfaceFlinger: id=4994 createSurf (1248x1416),1 flag=4, com.example.valuefinder/com.example.valuefinder.MainActivity[17417]#1
05-01 10:42:58.787  2459  4008 D WindowManager: makeSurface duration=4 name=com.example.valuefinder/com.example.valuefinder.MainActivity[17417]
05-01 10:42:58.911  2459  3974 V WindowManager: Relayout Window{a71c387 u0 com.example.valuefinder/com.example.valuefinder.MainActivity}: viewVisibility=0 req=1120x1288 {(0,0)(wrapxwrap) gr=CENTER sim={adjust=pan} ty=APPLICATION fmt=TRANSPARENT wanim=0x1030300 surfaceInsets=Rect(64, 64 - 64, 64)
05-01 10:42:58.935   702   702 I SurfaceFlinger:      Device | 0x701e433480 | 0002 | RGBA_8888 |   0.0    0.0 2048.0 1536.0 |    0    0 2048 1536 | com.example.valuefinder/com.example.valuefinder.MainActivity[17417]#0
05-01 10:42:58.961  2459  3974 D WindowManager: finishDrawingWindow: Window{a71c387 u0 com.example.valuefinder/com.example.valuefinder.MainActivity} mDrawState=DRAW_PENDING
05-01 10:42:58.969  2459  2560 I WindowManager: commitFinishDrawingLocked: mDrawState=READY_TO_SHOW Surface(name=com.example.valuefinder/com.example.valuefinder.MainActivity[17417])/@0xd6d92b4
05-01 10:42:58.973 17417 17417 V InputMethodManager: Starting input: tba=com.example.valuefinder ic=null mNaviBarColor -855310 mIsGetNaviBarColorSuccess true , NavVisible : true , NavTrans : false
05-01 10:42:58.977  2459  2560 I WindowManager: commitFinishDrawingLocked: mDrawState=READY_TO_SHOW Surface(name=com.example.valuefinder/com.example.valuefinder.MainActivity[17417])/@0xd6d92b4
05-01 10:42:58.984  2459  2560 I WindowManager: Cancelling animation restarting=true, leash=null, surface=Surface(name=a71c387 com.example.valuefinder/com.example.valuefinder.MainActivity)/@0xdf58a52, parent=Surface(name=AppWindowToken{7d3ce90 token=Token{7b65553 ActivityRecord{ab58142 u0 com.example.valuefinder/.MainActivity t986}}})/@0xfe9d4f0
05-01 10:42:58.984  2459  2560 I WindowManager: Reparenting to leash, surface=Surface(name=a71c387 com.example.valuefinder/com.example.valuefinder.MainActivity)/@0xdf58a52
05-01 10:42:58.985   702  5273 I SurfaceFlinger: id=4995 createSurf (4096x4096),2 flag=4, Surface(name=a71c387 com.example.valuefinder/com.example.valuefinder.MainActivity)/@0xdf58a52 - animation-leash#0
05-01 10:42:58.987  2459  2560 D WindowManager: makeSurface duration=3 leash=Surface(name=Surface(name=a71c387 com.example.valuefinder/com.example.valuefinder.MainActivity)/@0xdf58a52 - animation-leash)/@0xf1d1123
05-01 10:42:58.987  2459  2560 D SurfaceControl: reparent is called, sc=Surface(name=a71c387 com.example.valuefinder/com.example.valuefinder.MainActivity)/@0xdf58a52, newParentHandle=android.os.BinderProxy@eab2620, transaction=android.view.SurfaceControl$Transaction@13d2bd9
05-01 10:42:58.988  2459  2560 V WindowManager: performShowLocked: mDrawState=HAS_DRAWN in Window{a71c387 u0 com.example.valuefinder/com.example.valuefinder.MainActivity}
05-01 10:42:58.997   702  5273 D Layer   : [a71c387 com.example.valuefinder/com.example.valuefinder.MainActivity#0]::reparent oldParent:[AppWindowToken{7d3ce90 token=Token{7b65553 ActivityRecord{ab58142 u0 com.example.valuefinder/.MainActivity t986}}}#0], newParent:[Surface(name=a71c387 com.example.valuefinder/com.example.valuefinder.MainActivity)/@0xdf58a52 - animation-leash#0]
05-01 10:42:58.999  2459  2508 D WindowManager: setSystemUiVisibility: vis= 0x8, fullscreenVis= 0x0, dockedVis= 0x0, win=Window{a71c387 u0 com.example.valuefinder/com.example.valuefinder.MainActivity}
05-01 10:42:59.001  2459  3974 V InputMethodManagerService: windowGainedFocus : reason=WINDOW_FOCUS_GAIN client=android.os.BinderProxy@ba69e52 inputContext=null missingMethods= attribute=android.view.inputmethod.EditorInfo@1039938 nm = com.example.valuefinder controlFlags=#104 softInputMode=#20 windowFlags=#1800002
05-01 10:42:59.011  2459  2560 I WindowManager: reset, Reparenting to original parent, shouldDeferScheduleAnimation=false, destroyLeash=true, surface=Surface(name=a71c387 com.example.valuefinder/com.example.valuefinder.MainActivity)/@0xdf58a52, parent=Surface(name=AppWindowToken{7d3ce90 token=Token{7b65553 ActivityRecord{ab58142 u0 com.example.valuefinder/.MainActivity t986}}})/@0xfe9d4f0, parentNativeHandle=android.os.BinderProxy@36c9c77, caller=com.android.server.wm.SurfaceAnimator.lambda$getFinishedCallback$0:97 com.android.server.wm.-$$Lambda$SurfaceAnimator$SIBia0mND666K8lMCPsoid8pUTI.run:4 com.android.server.wm.SurfaceAnimator.lambda$getFinishedCallback$1:104 com.android.server.wm.-$$Lambda$SurfaceAnimator$vdRZk66hQVbQCvVXEaQCT1kVmFc.onAnimationFinished:4 com.android.server.wm.LocalAnimationAdapter.lambda$startAnimation$0:74 
05-01 10:42:59.012  2459  2560 D SurfaceControl: reparent is called, sc=Surface(name=a71c387 com.example.valuefinder/com.example.valuefinder.MainActivity)/@0xdf58a52, newParentHandle=android.os.BinderProxy@36c9c77, transaction=android.view.SurfaceControl$Transaction@13d2bd9
05-01 10:42:59.012  2459  2560 D SurfaceControl: destroy(transaction), animation-leash is destroyed, sc=Surface(name=Surface(name=a71c387 com.example.valuefinder/com.example.valuefinder.MainActivity)/@0xdf58a52 - animation-leash)/@0xf1d1123, transaction=android.view.SurfaceControl$Transaction@13d2bd9, caller=com.android.server.wm.SurfaceAnimator.reset:344 com.android.server.wm.SurfaceAnimator.lambda$getFinishedCallback$0:97 com.android.server.wm.-$$Lambda$SurfaceAnimator$SIBia0mND666K8lMCPsoid8pUTI.run:4 com.android.server.wm.SurfaceAnimator.lambda$getFinishedCallback$1:104 com.android.server.wm.-$$Lambda$SurfaceAnimator$vdRZk66hQVbQCvVXEaQCT1kVmFc.onAnimationFinished:4 com.android.server.wm.LocalAnimationAdapter.lambda$startAnimation$0:74 com.android.server.wm.-$$Lambda$LocalAnimationAdapter$X--EomqUvw4qy89IeeTFTH7aCMo.run:4 
05-01 10:42:59.014  2459  2560 D WindowManager: prepareSurfaces, request to clear saved leash, surface=Surface(name=a71c387 com.example.valuefinder/com.example.valuefinder.MainActivity)/@0xdf58a52
05-01 10:42:59.014   702   762 D Layer   : [a71c387 com.example.valuefinder/com.example.valuefinder.MainActivity#0]::reparent oldParent:[Surface(name=a71c387 com.example.valuefinder/com.example.valuefinder.MainActivity)/@0xdf58a52 - animation-leash#0], newParent:[AppWindowToken{7d3ce90 token=Token{7b65553 ActivityRecord{ab58142 u0 com.example.valuefinder/.MainActivity t986}}}#0]
05-01 10:42:59.014   702   762 I SurfaceFlinger: id=4995 Removed Surface(name=a71c387 com.example.valuefinder/com.example.valuefinder.MainActivity)/@0xdf58a52 - animation-leash#0 (2/48)
05-01 10:42:59.016  2459  2560 D WindowManager: clearSavedLeashOnCommit, savedLeash=Surface(name=Surface(name=a71c387 com.example.valuefinder/com.example.valuefinder.MainActivity)/@0xdf58a52 - animation-leash)/@0xf1d1123, caller=com.android.server.wm.WindowContainer.clearSavedLeashOnCommit:1156 com.android.server.wm.WindowContainer.clearSavedLeashOnCommit:1160 com.android.server.wm.WindowContainer.clearSavedLeashOnCommit:1160 com.android.server.wm.WindowContainer.clearSavedLeashOnCommit:1160 com.android.server.wm.WindowContainer.clearSavedLeashOnCommit:1160 com.android.server.wm.WindowContainer.clearSavedLeashOnCommit:1160 
05-01 10:42:59.026   702   702 I SurfaceFlinger:      Device | 0x701e433d80 | 0002 | RGBA_8888 |   0.0    0.0 2048.0 1536.0 |    0    0 2048 1536 | com.example.valuefinder/com.example.valuefinder.MainActivity[17417]#0
05-01 10:42:59.026   702   702 I SurfaceFlinger:      Device | 0x701e473080 | 0000 | RGBA_8888 |   0.0    0.0 1416.0 1248.0 |  340  144 1756 1392 | com.example.valuefinder/com.example.valuefinder.MainActivity[17417]#1
05-01 10:42:59.030   702   702 I Layer   : id=4995 onRemoved Surface(name=a71c387 com.example.valuefinder/com.example.valuefinder.MainActivity)/@0xdf58a52 - animation-leash#0 
05-01 10:43:00.937 17872 17872 D AndroidRuntime: >>>>>> START com.android.internal.os.RuntimeInit uid 2000 <<<<<<
05-01 10:43:01.137 17872 17872 D AndroidRuntime: Calling main entry com.android.commands.uiautomator.Launcher
05-01 10:43:02.404 17872 17872 D AndroidRuntime: Shutting down VM
05-01 10:43:02.590  2459  2641 D WifiTrafficPoller: TrafficStats TxPkts=591775 RxPkts=1646951 TxBytes=223738317 RxBytes=1254201409 , Foreground uid=10406 pkgName=com.example.valuefinder TxPackets=2549 RxPackets=4033 TxBytes=289411 RxBytes=5090412
05-01 10:43:06.666  2459  2641 D WifiTrafficPoller: TrafficStats TxPkts=591805 RxPkts=1647005 TxBytes=223743645 RxBytes=1254207479 , Foreground uid=10406 pkgName=com.example.valuefinder TxPackets=2549 RxPackets=4033 TxBytes=289411 RxBytes=5090412
05-01 10:43:10.727  2459  2641 D WifiTrafficPoller: TrafficStats TxPkts=591825 RxPkts=1647039 TxBytes=223749721 RxBytes=1254216968 , Foreground uid=10406 pkgName=com.example.valuefinder TxPackets=2549 RxPackets=4033 TxBytes=289411 RxBytes=5090412
05-01 10:43:14.783  2459  2641 D WifiTrafficPoller: TrafficStats TxPkts=591828 RxPkts=1647058 TxBytes=223750001 RxBytes=1254220396 , Foreground uid=10406 pkgName=com.example.valuefinder TxPackets=2549 RxPackets=4033 TxBytes=289411 RxBytes=5090412
05-01 10:43:18.853  2459  2641 D WifiTrafficPoller: TrafficStats TxPkts=591828 RxPkts=1647085 TxBytes=223750001 RxBytes=1254224299 , Foreground uid=10406 pkgName=com.example.valuefinder TxPackets=2549 RxPackets=4033 TxBytes=289411 RxBytes=5090412
05-01 10:43:22.918  2459  2641 D WifiTrafficPoller: TrafficStats TxPkts=591828 RxPkts=1647113 TxBytes=223750001 RxBytes=1254231287 , Foreground uid=10406 pkgName=com.example.valuefinder TxPackets=2549 RxPackets=4033 TxBytes=289411 RxBytes=5090412
05-01 10:43:26.986  2459  2641 D WifiTrafficPoller: TrafficStats TxPkts=591835 RxPkts=1647144 TxBytes=223750457 RxBytes=1254239859 , Foreground uid=10406 pkgName=com.example.valuefinder TxPackets=2549 RxPackets=4033 TxBytes=289411 RxBytes=5090412
05-01 10:43:31.053  2459  2641 D WifiTrafficPoller: TrafficStats TxPkts=591852 RxPkts=1647171 TxBytes=223752212 RxBytes=1254248660 , Foreground uid=10406 pkgName=com.example.valuefinder TxPackets=2549 RxPackets=4033 TxBytes=289411 RxBytes=5090412
05-01 10:43:35.115  2459  2641 D WifiTrafficPoller: TrafficStats TxPkts=591859 RxPkts=1647205 TxBytes=223754585 RxBytes=1254254409 , Foreground uid=10406 pkgName=com.example.valuefinder TxPackets=2549 RxPackets=4033 TxBytes=289411 RxBytes=5090412
05-01 10:43:39.174  2459  2641 D WifiTrafficPoller: TrafficStats TxPkts=591859 RxPkts=1647221 TxBytes=223754585 RxBytes=1254256872 , Foreground uid=10406 pkgName=com.example.valuefinder TxPackets=2549 RxPackets=4033 TxBytes=289411 RxBytes=5090412
05-01 10:43:43.237  2459  2641 D WifiTrafficPoller: TrafficStats TxPkts=591859 RxPkts=1647231 TxBytes=223754585 RxBytes=1254257993 , Foreground uid=10406 pkgName=com.example.valuefinder TxPackets=2549 RxPackets=4033 TxBytes=289411 RxBytes=5090412
05-01 10:43:47.307  2459  2641 D WifiTrafficPoller: TrafficStats TxPkts=591859 RxPkts=1647260 TxBytes=223754585 RxBytes=1254262571 , Foreground uid=10406 pkgName=com.example.valuefinder TxPackets=2549 RxPackets=4033 TxBytes=289411 RxBytes=5090412
05-01 10:43:51.368  2459  2641 D WifiTrafficPoller: TrafficStats TxPkts=591860 RxPkts=1647279 TxBytes=223754657 RxBytes=1254265252 , Foreground uid=10406 pkgName=com.example.valuefinder TxPackets=2549 RxPackets=4033 TxBytes=289411 RxBytes=5090412
05-01 10:43:55.427  2459  2641 D WifiTrafficPoller: TrafficStats TxPkts=591860 RxPkts=1647309 TxBytes=223754657 RxBytes=1254273305 , Foreground uid=10406 pkgName=com.example.valuefinder TxPackets=2549 RxPackets=4033 TxBytes=289411 RxBytes=5090412
05-01 10:44:00.490  2459  2641 D WifiTrafficPoller: TrafficStats TxPkts=591860 RxPkts=1647328 TxBytes=223754657 RxBytes=1254276199 , Foreground uid=10406 pkgName=com.example.valuefinder TxPackets=2549 RxPackets=4033 TxBytes=289411 RxBytes=5090412
05-01 10:44:04.552  2459  2641 D WifiTrafficPoller: TrafficStats TxPkts=591862 RxPkts=1647355 TxBytes=223754797 RxBytes=1254279486 , Foreground uid=10406 pkgName=com.example.valuefinder TxPackets=2549 RxPackets=4033 TxBytes=289411 RxBytes=5090412
05-01 10:44:08.629  2459  2641 D WifiTrafficPoller: TrafficStats TxPkts=591862 RxPkts=1647359 TxBytes=223754797 RxBytes=1254280174 , Foreground uid=10406 pkgName=com.example.valuefinder TxPackets=2549 RxPackets=4033 TxBytes=289411 RxBytes=5090412
05-01 10:44:12.692  2459  2641 D WifiTrafficPoller: TrafficStats TxPkts=591864 RxPkts=1647380 TxBytes=223754941 RxBytes=1254283103 , Foreground uid=10406 pkgName=com.example.valuefinder TxPackets=2549 RxPackets=4033 TxBytes=289411 RxBytes=5090412
05-01 10:44:16.751  2459  2641 D WifiTrafficPoller: TrafficStats TxPkts=591865 RxPkts=1647420 TxBytes=223755005 RxBytes=1254289801 , Foreground uid=10406 pkgName=com.example.valuefinder TxPackets=2549 RxPackets=4033 TxBytes=289411 RxBytes=5090412
05-01 10:44:20.812  2459  2641 D WifiTrafficPoller: TrafficStats TxPkts=591866 RxPkts=1647446 TxBytes=223755077 RxBytes=1254295012 , Foreground uid=10406 pkgName=com.example.valuefinder TxPackets=2549 RxPackets=4033 TxBytes=289411 RxBytes=5090412
05-01 10:44:24.888  2459  2641 D WifiTrafficPoller: TrafficStats TxPkts=591874 RxPkts=1647482 TxBytes=223755653 RxBytes=1254301762 , Foreground uid=10406 pkgName=com.example.valuefinder TxPackets=2549 RxPackets=4033 TxBytes=289411 RxBytes=5090412
05-01 10:44:28.951  2459  2641 D WifiTrafficPoller: TrafficStats TxPkts=591874 RxPkts=1647514 TxBytes=223755653 RxBytes=1254308842 , Foreground uid=10406 pkgName=com.example.valuefinder TxPackets=2549 RxPackets=4033 TxBytes=289411 RxBytes=5090412
05-01 10:44:34.028  2459  2641 D WifiTrafficPoller: TrafficStats TxPkts=591874 RxPkts=1647517 TxBytes=223755653 RxBytes=1254309526 , Foreground uid=10406 pkgName=com.example.valuefinder TxPackets=2549 RxPackets=4033 TxBytes=289411 RxBytes=5090412
05-01 10:44:38.091  2459  2641 D WifiTrafficPoller: TrafficStats TxPkts=591876 RxPkts=1647547 TxBytes=223755765 RxBytes=1254314124 , Foreground uid=10406 pkgName=com.example.valuefinder TxPackets=2549 RxPackets=4033 TxBytes=289411 RxBytes=5090412
05-01 10:44:42.154  2459  2641 D WifiTrafficPoller: TrafficStats TxPkts=591876 RxPkts=1647569 TxBytes=223755765 RxBytes=1254317143 , Foreground uid=10406 pkgName=com.example.valuefinder TxPackets=2549 RxPackets=4033 TxBytes=289411 RxBytes=5090412
05-01 10:44:46.216  2459  2641 D WifiTrafficPoller: TrafficStats TxPkts=591877 RxPkts=1647584 TxBytes=223755881 RxBytes=1254319142 , Foreground uid=10406 pkgName=com.example.valuefinder TxPackets=2549 RxPackets=4033 TxBytes=289411 RxBytes=5090412
05-01 10:44:50.273  2459  2641 D WifiTrafficPoller: TrafficStats TxPkts=591877 RxPkts=1647611 TxBytes=223755881 RxBytes=1254322624 , Foreground uid=10406 pkgName=com.example.valuefinder TxPackets=2549 RxPackets=4033 TxBytes=289411 RxBytes=5090412
05-01 10:44:54.335  2459  2641 D WifiTrafficPoller: TrafficStats TxPkts=591877 RxPkts=1647631 TxBytes=223755881 RxBytes=1254325903 , Foreground uid=10406 pkgName=com.example.valuefinder TxPackets=2549 RxPackets=4033 TxBytes=289411 RxBytes=5090412
05-01 10:44:58.395  2459  2641 D WifiTrafficPoller: TrafficStats TxPkts=591878 RxPkts=1647656 TxBytes=223755953 RxBytes=1254332705 , Foreground uid=10406 pkgName=com.example.valuefinder TxPackets=2549 RxPackets=4033 TxBytes=289411 RxBytes=5090412
05-01 10:45:02.451  2459  2641 D WifiTrafficPoller: TrafficStats TxPkts=591879 RxPkts=1647674 TxBytes=223756025 RxBytes=1254335397 , Foreground uid=10406 pkgName=com.example.valuefinder TxPackets=2549 RxPackets=4033 TxBytes=289411 RxBytes=5090412
05-01 10:45:06.510  2459  2641 D WifiTrafficPoller: TrafficStats TxPkts=591882 RxPkts=1647697 TxBytes=223756229 RxBytes=1254338396 , Foreground uid=10406 pkgName=com.example.valuefinder TxPackets=2549 RxPackets=4033 TxBytes=289411 RxBytes=5090412
05-01 10:45:10.548  2459  2641 D WifiTrafficPoller: TrafficStats TxPkts=591883 RxPkts=1647708 TxBytes=223756301 RxBytes=1254339580 , Foreground uid=10406 pkgName=com.example.valuefinder TxPackets=2549 RxPackets=4033 TxBytes=289411 RxBytes=5090412
05-01 10:45:14.612  2459  2641 D WifiTrafficPoller: TrafficStats TxPkts=591883 RxPkts=1647725 TxBytes=223756301 RxBytes=1254342033 , Foreground uid=10406 pkgName=com.example.valuefinder TxPackets=2549 RxPackets=4033 TxBytes=289411 RxBytes=5090412
05-01 10:45:18.686  2459  2641 D WifiTrafficPoller: TrafficStats TxPkts=591885 RxPkts=1647761 TxBytes=223756471 RxBytes=1254347745 , Foreground uid=10406 pkgName=com.example.valuefinder TxPackets=2549 RxPackets=4033 TxBytes=289411 RxBytes=5090412
05-01 10:45:22.771  2459  2641 D WifiTrafficPoller: TrafficStats TxPkts=591886 RxPkts=1647776 TxBytes=223756543 RxBytes=1254352575 , Foreground uid=10406 pkgName=com.example.valuefinder TxPackets=2549 RxPackets=4033 TxBytes=289411 RxBytes=5090412
05-01 10:45:26.830  2459  2641 D WifiTrafficPoller: TrafficStats TxPkts=591886 RxPkts=1647813 TxBytes=223756543 RxBytes=1254362445 , Foreground uid=10406 pkgName=com.example.valuefinder TxPackets=2549 RxPackets=4033 TxBytes=289411 RxBytes=5090412
05-01 10:45:30.908  2459  2641 D WifiTrafficPoller: TrafficStats TxPkts=591886 RxPkts=1647843 TxBytes=223756543 RxBytes=1254367152 , Foreground uid=10406 pkgName=com.example.valuefinder TxPackets=2549 RxPackets=4033 TxBytes=289411 RxBytes=5090412
05-01 10:45:34.965  2459  2641 D WifiTrafficPoller: TrafficStats TxPkts=591886 RxPkts=1647862 TxBytes=223756543 RxBytes=1254369693 , Foreground uid=10406 pkgName=com.example.valuefinder TxPackets=2549 RxPackets=4033 TxBytes=289411 RxBytes=5090412
05-01 10:45:40.022  2459  2641 D WifiTrafficPoller: TrafficStats TxPkts=591886 RxPkts=1647883 TxBytes=223756543 RxBytes=1254373253 , Foreground uid=10406 pkgName=com.example.valuefinder TxPackets=2549 RxPackets=4033 TxBytes=289411 RxBytes=5090412
05-01 10:45:44.131  2459  2641 D WifiTrafficPoller: TrafficStats TxPkts=591887 RxPkts=1647900 TxBytes=223756615 RxBytes=1254375712 , Foreground uid=10406 pkgName=com.example.valuefinder TxPackets=2549 RxPackets=4033 TxBytes=289411 RxBytes=5090412
05-01 10:45:48.193  2459  2641 D WifiTrafficPoller: TrafficStats TxPkts=591888 RxPkts=1647924 TxBytes=223756687 RxBytes=1254379117 , Foreground uid=10406 pkgName=com.example.valuefinder TxPackets=2549 RxPackets=4033 TxBytes=289411 RxBytes=5090412
05-01 10:45:52.265  2459  2641 D WifiTrafficPoller: TrafficStats TxPkts=591889 RxPkts=1647928 TxBytes=223756751 RxBytes=1254379805 , Foreground uid=10406 pkgName=com.example.valuefinder TxPackets=2549 RxPackets=4033 TxBytes=289411 RxBytes=5090412
05-01 10:45:56.294  2459  2641 D WifiTrafficPoller: TrafficStats TxPkts=591889 RxPkts=1647962 TxBytes=223756751 RxBytes=1254386770 , Foreground uid=10406 pkgName=com.example.valuefinder TxPackets=2549 RxPackets=4033 TxBytes=289411 RxBytes=5090412
05-01 10:46:00.358  2459  2641 D WifiTrafficPoller: TrafficStats TxPkts=591889 RxPkts=1647993 TxBytes=223756751 RxBytes=1254391867 , Foreground uid=10406 pkgName=com.example.valuefinder TxPackets=2549 RxPackets=4033 TxBytes=289411 RxBytes=5090412
05-01 10:46:04.415  2459  2641 D WifiTrafficPoller: TrafficStats TxPkts=591895 RxPkts=1648006 TxBytes=223758200 RxBytes=1254393598 , Foreground uid=10406 pkgName=com.example.valuefinder TxPackets=2549 RxPackets=4033 TxBytes=289411 RxBytes=5090412
05-01 10:46:08.467  2459  2641 D WifiTrafficPoller: TrafficStats TxPkts=591898 RxPkts=1648029 TxBytes=223758412 RxBytes=1254396925 , Foreground uid=10406 pkgName=com.example.valuefinder TxPackets=2549 RxPackets=4033 TxBytes=289411 RxBytes=5090412
05-01 10:46:12.556  2459  2641 D WifiTrafficPoller: TrafficStats TxPkts=591898 RxPkts=1648047 TxBytes=223758412 RxBytes=1254399656 , Foreground uid=10406 pkgName=com.example.valuefinder TxPackets=2549 RxPackets=4033 TxBytes=289411 RxBytes=5090412
05-01 10:46:16.592  2459  2641 D WifiTrafficPoller: TrafficStats TxPkts=591898 RxPkts=1648063 TxBytes=223758412 RxBytes=1254401743 , Foreground uid=10406 pkgName=com.example.valuefinder TxPackets=2549 RxPackets=4033 TxBytes=289411 RxBytes=5090412
05-01 10:46:20.665  2459  2641 D WifiTrafficPoller: TrafficStats TxPkts=591900 RxPkts=1648093 TxBytes=223758556 RxBytes=1254406724 , Foreground uid=10406 pkgName=com.example.valuefinder TxPackets=2549 RxPackets=4033 TxBytes=289411 RxBytes=5090412
05-01 10:46:24.732  2459  2641 D WifiTrafficPoller: TrafficStats TxPkts=591900 RxPkts=1648117 TxBytes=223758556 RxBytes=1254413426 , Foreground uid=10406 pkgName=com.example.valuefinder TxPackets=2549 RxPackets=4033 TxBytes=289411 RxBytes=5090412
05-01 10:46:28.806  2459  2641 D WifiTrafficPoller: TrafficStats TxPkts=591902 RxPkts=1648135 TxBytes=223758700 RxBytes=1254418578 , Foreground uid=10406 pkgName=com.example.valuefinder TxPackets=2549 RxPackets=4033 TxBytes=289411 RxBytes=5090412
05-01 10:46:33.904  2459  2641 D WifiTrafficPoller: TrafficStats TxPkts=591903 RxPkts=1648156 TxBytes=223758772 RxBytes=1254421390 , Foreground uid=10406 pkgName=com.example.valuefinder TxPackets=2549 RxPackets=4033 TxBytes=289411 RxBytes=5090412
05-01 10:46:37.976  2459  2641 D WifiTrafficPoller: TrafficStats TxPkts=591904 RxPkts=1648177 TxBytes=223758836 RxBytes=1254424327 , Foreground uid=10406 pkgName=com.example.valuefinder TxPackets=2549 RxPackets=4033 TxBytes=289411 RxBytes=5090412
05-01 10:46:42.033  2459  2641 D WifiTrafficPoller: TrafficStats TxPkts=591905 RxPkts=1648216 TxBytes=223758876 RxBytes=1254430080 , Foreground uid=10406 pkgName=com.example.valuefinder TxPackets=2549 RxPackets=4033 TxBytes=289411 RxBytes=5090412
05-01 10:46:46.127  2459  2641 D WifiTrafficPoller: TrafficStats TxPkts=591905 RxPkts=1648220 TxBytes=223758876 RxBytes=1254430777 , Foreground uid=10406 pkgName=com.example.valuefinder TxPackets=2549 RxPackets=4033 TxBytes=289411 RxBytes=5090412
05-01 10:46:50.172  2459  2641 D WifiTrafficPoller: TrafficStats TxPkts=591907 RxPkts=1648249 TxBytes=223759064 RxBytes=1254434936 , Foreground uid=10406 pkgName=com.example.valuefinder TxPackets=2549 RxPackets=4033 TxBytes=289411 RxBytes=5090412
05-01 10:46:54.243  2459  2641 D WifiTrafficPoller: TrafficStats TxPkts=591907 RxPkts=1648274 TxBytes=223759064 RxBytes=1254438320 , Foreground uid=10406 pkgName=com.example.valuefinder TxPackets=2549 RxPackets=4033 TxBytes=289411 RxBytes=5090412
05-01 10:46:58.313  2459  2641 D WifiTrafficPoller: TrafficStats TxPkts=591907 RxPkts=1648289 TxBytes=223759064 RxBytes=1254443047 , Foreground uid=10406 pkgName=com.example.valuefinder TxPackets=2549 RxPackets=4033 TxBytes=289411 RxBytes=5090412
05-01 10:47:02.357  2459  2641 D WifiTrafficPoller: TrafficStats TxPkts=591951 RxPkts=1648375 TxBytes=223766336 RxBytes=1254473242 , Foreground uid=10406 pkgName=com.example.valuefinder TxPackets=2549 RxPackets=4033 TxBytes=289411 RxBytes=5090412
05-01 10:47:06.435  2459  2641 D WifiTrafficPoller: TrafficStats TxPkts=591987 RxPkts=1648441 TxBytes=223780850 RxBytes=1254491434 , Foreground uid=10406 pkgName=com.example.valuefinder TxPackets=2549 RxPackets=4033 TxBytes=289411 RxBytes=5090412
05-01 10:47:10.528  2459  2641 D WifiTrafficPoller: TrafficStats TxPkts=591988 RxPkts=1648445 TxBytes=223780922 RxBytes=1254491967 , Foreground uid=10406 pkgName=com.example.valuefinder TxPackets=2549 RxPackets=4033 TxBytes=289411 RxBytes=5090412
05-01 10:47:14.591  2459  2641 D WifiTrafficPoller: TrafficStats TxPkts=591989 RxPkts=1648463 TxBytes=223780986 RxBytes=1254494599 , Foreground uid=10406 pkgName=com.example.valuefinder TxPackets=2549 RxPackets=4033 TxBytes=289411 RxBytes=5090412
05-01 10:47:18.636  2459  2641 D WifiTrafficPoller: TrafficStats TxPkts=591993 RxPkts=1648492 TxBytes=223781336 RxBytes=1254498691 , Foreground uid=10406 pkgName=com.example.valuefinder TxPackets=2549 RxPackets=4033 TxBytes=289411 RxBytes=5090412
05-01 10:47:22.718  2459  2641 D WifiTrafficPoller: TrafficStats TxPkts=591993 RxPkts=1648520 TxBytes=223781336 RxBytes=1254503746 , Foreground uid=10406 pkgName=com.example.valuefinder TxPackets=2549 RxPackets=4033 TxBytes=289411 RxBytes=5090412
05-01 10:47:26.799  2459  2641 D WifiTrafficPoller: TrafficStats TxPkts=591995 RxPkts=1648554 TxBytes=223781511 RxBytes=1254512869 , Foreground uid=10406 pkgName=com.example.valuefinder TxPackets=2549 RxPackets=4033 TxBytes=289411 RxBytes=5090412
05-01 10:47:30.854  2459  2641 D WifiTrafficPoller: TrafficStats TxPkts=591995 RxPkts=1648574 TxBytes=223781511 RxBytes=1254515718 , Foreground uid=10406 pkgName=com.example.valuefinder TxPackets=2549 RxPackets=4033 TxBytes=289411 RxBytes=5090412
05-01 10:47:34.931  2459  2641 D WifiTrafficPoller: TrafficStats TxPkts=591996 RxPkts=1648578 TxBytes=223781583 RxBytes=1254516318 , Foreground uid=10406 pkgName=com.example.valuefinder TxPackets=2549 RxPackets=4033 TxBytes=289411 RxBytes=5090412
05-01 10:47:39.998  2459  2641 D WifiTrafficPoller: TrafficStats TxPkts=591997 RxPkts=1648598 TxBytes=223781655 RxBytes=1254519330 , Foreground uid=10406 pkgName=com.example.valuefinder TxPackets=2549 RxPackets=4033 TxBytes=289411 RxBytes=5090412
05-01 10:47:44.084  2459  2641 D WifiTrafficPoller: TrafficStats TxPkts=591998 RxPkts=1648626 TxBytes=223781719 RxBytes=1254523793 , Foreground uid=10406 pkgName=com.example.valuefinder TxPackets=2549 RxPackets=4033 TxBytes=289411 RxBytes=5090412
05-01 10:47:48.166  2459  2641 D WifiTrafficPoller: TrafficStats TxPkts=591998 RxPkts=1648657 TxBytes=223781719 RxBytes=1254528073 , Foreground uid=10406 pkgName=com.example.valuefinder TxPackets=2549 RxPackets=4033 TxBytes=289411 RxBytes=5090412
05-01 10:47:52.246  2459  2641 D WifiTrafficPoller: TrafficStats TxPkts=591998 RxPkts=1648661 TxBytes=223781719 RxBytes=1254528766 , Foreground uid=10406 pkgName=com.example.valuefinder TxPackets=2549 RxPackets=4033 TxBytes=289411 RxBytes=5090412
05-01 10:47:56.329  2459  2641 D WifiTrafficPoller: TrafficStats TxPkts=591999 RxPkts=1648690 TxBytes=223781791 RxBytes=1254535491 , Foreground uid=10406 pkgName=com.example.valuefinder TxPackets=2549 RxPackets=4033 TxBytes=289411 RxBytes=5090412
05-01 10:48:00.425  2459  2641 D WifiTrafficPoller: TrafficStats TxPkts=591999 RxPkts=1648706 TxBytes=223781791 RxBytes=1254537863 , Foreground uid=10406 pkgName=com.example.valuefinder TxPackets=2549 RxPackets=4033 TxBytes=289411 RxBytes=5090412
05-01 10:48:04.493  2459  2641 D WifiTrafficPoller: TrafficStats TxPkts=592000 RxPkts=1648730 TxBytes=223781863 RxBytes=1254543271 , Foreground uid=10406 pkgName=com.example.valuefinder TxPackets=2549 RxPackets=4033 TxBytes=289411 RxBytes=5090412
05-01 10:48:08.548  2459  2641 D WifiTrafficPoller: TrafficStats TxPkts=592002 RxPkts=1648757 TxBytes=223782003 RxBytes=1254546775 , Foreground uid=10406 pkgName=com.example.valuefinder TxPackets=2549 RxPackets=4033 TxBytes=289411 RxBytes=5090412
05-01 10:48:11.835  2459  2612 I clp-JNI : Add pinfo) a71c387 com.example.valuefinder/com.example.valuefinder.MainActivity (server) : AppWindowToken{7d3ce90 token=Token{7b65553 ActivityRecord{ab58142 u0 com.example.valuefinder/.MainActivity t986}}} : 17417 : 10406 : 1
05-01 10:48:11.881  2459  4005 V WindowManager: Remove Window{a71c387 u0 com.example.valuefinder/com.example.valuefinder.MainActivity}: mSurfaceController=Surface(name=com.example.valuefinder/com.example.valuefinder.MainActivity[17417])/@0xd6d92b4 mAnimatingExit=false mRemoveOnExit=false mHasSurface=true surfaceShowing=true isAnimationSet=false app-animation=false mWillReplaceWindow=false inPendingTransaction=false mDisplayFrozen=false callers=com.android.server.wm.WindowState.removeIfPossible:2803 com.android.server.wm.WindowManagerService.removeWindow:1954 com.android.server.wm.Session.remove:274 android.view.IWindowSession$Stub.onTransact:347 com.android.server.wm.Session.onTransact:192 android.os.Binder.execTransact:739 
05-01 10:48:11.883  2459  4005 I WindowManager: Cancelling animation restarting=true, leash=null, surface=Surface(name=a71c387 com.example.valuefinder/com.example.valuefinder.MainActivity)/@0xdf58a52, parent=Surface(name=AppWindowToken{7d3ce90 token=Token{7b65553 ActivityRecord{ab58142 u0 com.example.valuefinder/.MainActivity t986}}})/@0xfe9d4f0
05-01 10:48:11.883  2459  4005 I WindowManager: Reparenting to leash, surface=Surface(name=a71c387 com.example.valuefinder/com.example.valuefinder.MainActivity)/@0xdf58a52
05-01 10:48:11.885   702   762 I SurfaceFlinger: id=4999 createSurf (4096x4096),2 flag=4, Surface(name=a71c387 com.example.valuefinder/com.example.valuefinder.MainActivity)/@0xdf58a52 - animation-leash#0
05-01 10:48:11.887  2459  4005 D WindowManager: makeSurface duration=3 leash=Surface(name=Surface(name=a71c387 com.example.valuefinder/com.example.valuefinder.MainActivity)/@0xdf58a52 - animation-leash)/@0x2b8674c
05-01 10:48:11.887  2459  4005 D SurfaceControl: reparent is called, sc=Surface(name=a71c387 com.example.valuefinder/com.example.valuefinder.MainActivity)/@0xdf58a52, newParentHandle=android.os.BinderProxy@8c55395, transaction=android.view.SurfaceControl$Transaction@13d2bd9
05-01 10:48:11.889  2459  4005 V WindowManager: Changing focus from Window{a71c387 u0 com.example.valuefinder/com.example.valuefinder.MainActivity EXITING} to Window{a545a20 u0 com.example.valuefinder/com.example.valuefinder.MainActivity} Callers=com.android.server.wm.WindowState.setupWindowForRemoveOnExit:2953 com.android.server.wm.WindowState.removeIfPossible:2924 com.android.server.wm.WindowState.removeIfPossible:2803 com.android.server.wm.WindowManagerService.removeWindow:1954 
05-01 10:48:11.896   702   762 D Layer   : [a71c387 com.example.valuefinder/com.example.valuefinder.MainActivity#0]::reparent oldParent:[AppWindowToken{7d3ce90 token=Token{7b65553 ActivityRecord{ab58142 u0 com.example.valuefinder/.MainActivity t986}}}#0], newParent:[Surface(name=a71c387 com.example.valuefinder/com.example.valuefinder.MainActivity)/@0xdf58a52 - animation-leash#0]
05-01 10:48:11.899  2459  2508 D WindowManager: setSystemUiVisibility: vis= 0x18, fullscreenVis= 0x0, dockedVis= 0x0, win=Window{a545a20 u0 com.example.valuefinder/com.example.valuefinder.MainActivity}
05-01 10:48:11.905  2459  2519 D WindowManager: reportFocusChangedSerialized, focused=true, inTouchMode=true, win=Window{a545a20 u0 com.example.valuefinder/com.example.valuefinder.MainActivity}
05-01 10:48:11.906  2459  2519 D WindowManager: reportFocusChangedSerialized, focused=false, inTouchMode=true, win=Window{a71c387 u0 com.example.valuefinder/com.example.valuefinder.MainActivity EXITING}
05-01 10:48:11.910  2459  2560 I WindowManager: reset, Reparenting to original parent, shouldDeferScheduleAnimation=false, destroyLeash=true, surface=Surface(name=a71c387 com.example.valuefinder/com.example.valuefinder.MainActivity)/@0xdf58a52, parent=Surface(name=AppWindowToken{7d3ce90 token=Token{7b65553 ActivityRecord{ab58142 u0 com.example.valuefinder/.MainActivity t986}}})/@0xfe9d4f0, parentNativeHandle=android.os.BinderProxy@4fd604d, caller=com.android.server.wm.SurfaceAnimator.lambda$getFinishedCallback$0:97 com.android.server.wm.-$$Lambda$SurfaceAnimator$SIBia0mND666K8lMCPsoid8pUTI.run:4 com.android.server.wm.SurfaceAnimator.lambda$getFinishedCallback$1:104 com.android.server.wm.-$$Lambda$SurfaceAnimator$vdRZk66hQVbQCvVXEaQCT1kVmFc.onAnimationFinished:4 com.android.server.wm.LocalAnimationAdapter.lambda$startAnimation$0:74 
