04-30 22:46:05.897  7126  7159 E AndroidRuntime: FATAL EXCEPTION: BeaconManagerWorkHandler
04-30 22:46:05.897  7126  7159 E AndroidRuntime: Process: com.samsung.android.beaconmanager, PID: 7126
04-30 22:46:05.897  7126  7159 E AndroidRuntime: java.lang.NullPointerException: Attempt to invoke virtual method 'java.lang.String com.samsung.android.library.beaconmanager.BleScanFilter.a()' on a null object reference
04-30 22:46:05.897  7126  7159 E AndroidRuntime: 	at com.samsung.android.beaconmanager.a.f(Unknown Source:76)
04-30 22:46:05.897  7126  7159 E AndroidRuntime: 	at com.samsung.android.beaconmanager.a.k(Unknown Source:0)
04-30 22:46:05.897  7126  7159 E AndroidRuntime: 	at com.samsung.android.beaconmanager.e.handleMessage(Unknown Source:85)
04-30 22:46:05.897  7126  7159 E AndroidRuntime: 	at android.os.Handler.dispatchMessage(Handler.java:106)
04-30 22:46:05.897  7126  7159 E AndroidRuntime: 	at android.os.Looper.loop(Looper.java:216)
04-30 22:46:05.897  7126  7159 E AndroidRuntime: 	at android.os.HandlerThread.run(HandlerThread.java:65)
05-01 10:35:45.898  2459  2641 D WifiTrafficPoller: TrafficStats TxPkts=590957 RxPkts=1643454 TxBytes=223599322 RxBytes=1252564745 , Foreground uid=10406 pkgName=com.example.valuefinder TxPackets=2549 RxPackets=4033 TxBytes=289411 RxBytes=5090412
05-01 10:35:49.966  2459  2641 D WifiTrafficPoller: TrafficStats TxPkts=590957 RxPkts=1643480 TxBytes=223599322 RxBytes=1252568698 , Foreground uid=10406 pkgName=com.example.valuefinder TxPackets=2549 RxPackets=4033 TxBytes=289411 RxBytes=5090412
05-01 10:35:54.032  2459  2641 D WifiTrafficPoller: TrafficStats TxPkts=590958 RxPkts=1643499 TxBytes=223599394 RxBytes=1252571101 , Foreground uid=10406 pkgName=com.example.valuefinder TxPackets=2549 RxPackets=4033 TxBytes=289411 RxBytes=5090412
05-01 10:35:58.093  2459  2641 D WifiTrafficPoller: TrafficStats TxPkts=590959 RxPkts=1643522 TxBytes=223599466 RxBytes=1252577740 , Foreground uid=10406 pkgName=com.example.valuefinder TxPackets=2549 RxPackets=4033 TxBytes=289411 RxBytes=5090412
05-01 10:36:02.153  2459  2641 D WifiTrafficPoller: TrafficStats TxPkts=590962 RxPkts=1643547 TxBytes=223599678 RxBytes=1252581119 , Foreground uid=10406 pkgName=com.example.valuefinder TxPackets=2549 RxPackets=4033 TxBytes=289411 RxBytes=5090412
05-01 10:36:06.228  2459  2641 D WifiTrafficPoller: TrafficStats TxPkts=590983 RxPkts=1643602 TxBytes=223603762 RxBytes=1252591059 , Foreground uid=10406 pkgName=com.example.valuefinder TxPackets=2549 RxPackets=4033 TxBytes=289411 RxBytes=5090412
05-01 10:36:10.299  2459  2641 D WifiTrafficPoller: TrafficStats TxPkts=590985 RxPkts=1643612 TxBytes=223603890 RxBytes=1252593222 , Foreground uid=10406 pkgName=com.example.valuefinder TxPackets=2549 RxPackets=4033 TxBytes=289411 RxBytes=5090412
05-01 10:36:14.344  2459  2641 D WifiTrafficPoller: TrafficStats TxPkts=590987 RxPkts=1643642 TxBytes=223604034 RxBytes=1252598538 , Foreground uid=10406 pkgName=com.example.valuefinder TxPackets=2549 RxPackets=4033 TxBytes=289411 RxBytes=5090412
05-01 10:36:18.411  2459  2641 D WifiTrafficPoller: TrafficStats TxPkts=590988 RxPkts=1643672 TxBytes=223604074 RxBytes=1252604778 , Foreground uid=10406 pkgName=com.example.valuefinder TxPackets=2549 RxPackets=4033 TxBytes=289411 RxBytes=5090412
05-01 10:36:22.480  2459  2641 D WifiTrafficPoller: TrafficStats TxPkts=590988 RxPkts=1643688 TxBytes=223604074 RxBytes=1252611693 , Foreground uid=10406 pkgName=com.example.valuefinder TxPackets=2549 RxPackets=4033 TxBytes=289411 RxBytes=5090412
05-01 10:36:26.551  2459  2641 D WifiTrafficPoller: TrafficStats TxPkts=590988 RxPkts=1643728 TxBytes=223604074 RxBytes=1252619339 , Foreground uid=10406 pkgName=com.example.valuefinder TxPackets=2549 RxPackets=4033 TxBytes=289411 RxBytes=5090412
05-01 10:36:30.623  2459  2641 D WifiTrafficPoller: TrafficStats TxPkts=590990 RxPkts=1643755 TxBytes=223604262 RxBytes=1252622534 , Foreground uid=10406 pkgName=com.example.valuefinder TxPackets=2549 RxPackets=4033 TxBytes=289411 RxBytes=5090412
05-01 10:36:34.715  2459  2641 D WifiTrafficPoller: TrafficStats TxPkts=590998 RxPkts=1643768 TxBytes=223604931 RxBytes=1252624671 , Foreground uid=10406 pkgName=com.example.valuefinder TxPackets=2549 RxPackets=4033 TxBytes=289411 RxBytes=5090412
05-01 10:36:38.767  2459  2641 D WifiTrafficPoller: TrafficStats TxPkts=590999 RxPkts=1643804 TxBytes=223604995 RxBytes=1252631272 , Foreground uid=10406 pkgName=com.example.valuefinder TxPackets=2549 RxPackets=4033 TxBytes=289411 RxBytes=5090412
05-01 10:36:42.848  2459  2641 D WifiTrafficPoller: TrafficStats TxPkts=591022 RxPkts=1643852 TxBytes=223619602 RxBytes=1252642280 , Foreground uid=10406 pkgName=com.example.valuefinder TxPackets=2549 RxPackets=4033 TxBytes=289411 RxBytes=5090412
05-01 10:36:46.911  2459  2641 D WifiTrafficPoller: TrafficStats TxPkts=591025 RxPkts=1643859 TxBytes=223619818 RxBytes=1252643212 , Foreground uid=10406 pkgName=com.example.valuefinder TxPackets=2549 RxPackets=4033 TxBytes=289411 RxBytes=5090412
05-01 10:36:50.972  2459  2641 D WifiTrafficPoller: TrafficStats TxPkts=591025 RxPkts=1643890 TxBytes=223619818 RxBytes=1252649491 , Foreground uid=10406 pkgName=com.example.valuefinder TxPackets=2549 RxPackets=4033 TxBytes=289411 RxBytes=5090412
05-01 10:36:56.080  2459  2641 D WifiTrafficPoller: TrafficStats TxPkts=591026 RxPkts=1643922 TxBytes=223619890 RxBytes=1252657819 , Foreground uid=10406 pkgName=com.example.valuefinder TxPackets=2549 RxPackets=4033 TxBytes=289411 RxBytes=5090412
05-01 10:37:00.128  2459  2641 D WifiTrafficPoller: TrafficStats TxPkts=591027 RxPkts=1643950 TxBytes=223619962 RxBytes=1252662067 , Foreground uid=10406 pkgName=com.example.valuefinder TxPackets=2549 RxPackets=4033 TxBytes=289411 RxBytes=5090412
05-01 10:37:04.189  2459  2641 D WifiTrafficPoller: TrafficStats TxPkts=591030 RxPkts=1643962 TxBytes=223620166 RxBytes=1252663597 , Foreground uid=10406 pkgName=com.example.valuefinder TxPackets=2549 RxPackets=4033 TxBytes=289411 RxBytes=5090412
05-01 10:37:08.266  2459  2641 D WifiTrafficPoller: TrafficStats TxPkts=591033 RxPkts=1643983 TxBytes=223620921 RxBytes=1252666435 , Foreground uid=10406 pkgName=com.example.valuefinder TxPackets=2549 RxPackets=4033 TxBytes=289411 RxBytes=5090412
05-01 10:37:12.320  2459  2641 D WifiTrafficPoller: TrafficStats TxPkts=591033 RxPkts=1644005 TxBytes=223620921 RxBytes=1252669438 , Foreground uid=10406 pkgName=com.example.valuefinder TxPackets=2549 RxPackets=4033 TxBytes=289411 RxBytes=5090412
05-01 10:37:16.392  2459  2641 D WifiTrafficPoller: TrafficStats TxPkts=591034 RxPkts=1644017 TxBytes=223620993 RxBytes=1252671326 , Foreground uid=10406 pkgName=com.example.valuefinder TxPackets=2549 RxPackets=4033 TxBytes=289411 RxBytes=5090412
05-01 10:37:20.453  2459  2641 D WifiTrafficPoller: TrafficStats TxPkts=591034 RxPkts=1644057 TxBytes=223620993 RxBytes=1252680083 , Foreground uid=10406 pkgName=com.example.valuefinder TxPackets=2549 RxPackets=4033 TxBytes=289411 RxBytes=5090412
05-01 10:37:24.507  2459  2641 D WifiTrafficPoller: TrafficStats TxPkts=591234 RxPkts=1644542 TxBytes=223637143 RxBytes=1253347574 , Foreground uid=10406 pkgName=com.example.valuefinder TxPackets=2549 RxPackets=4033 TxBytes=289411 RxBytes=5090412
05-01 10:37:28.573  2459  2641 D WifiTrafficPoller: TrafficStats TxPkts=591235 RxPkts=1644558 TxBytes=223637215 RxBytes=1253352262 , Foreground uid=10406 pkgName=com.example.valuefinder TxPackets=2549 RxPackets=4033 TxBytes=289411 RxBytes=5090412
05-01 10:37:33.628  2459  2641 D WifiTrafficPoller: TrafficStats TxPkts=591236 RxPkts=1644580 TxBytes=223637279 RxBytes=1253355050 , Foreground uid=10406 pkgName=com.example.valuefinder TxPackets=2549 RxPackets=4033 TxBytes=289411 RxBytes=5090412
05-01 10:37:37.677  2459  2641 D WifiTrafficPoller: TrafficStats TxPkts=591236 RxPkts=1644598 TxBytes=223637279 RxBytes=1253357689 , Foreground uid=10406 pkgName=com.example.valuefinder TxPackets=2549 RxPackets=4033 TxBytes=289411 RxBytes=5090412
05-01 10:37:41.770  2459  2641 D WifiTrafficPoller: TrafficStats TxPkts=591237 RxPkts=1644627 TxBytes=223637351 RxBytes=1253362094 , Foreground uid=10406 pkgName=com.example.valuefinder TxPackets=2549 RxPackets=4033 TxBytes=289411 RxBytes=5090412
05-01 10:37:45.811  2459  2641 D WifiTrafficPoller: TrafficStats TxPkts=591238 RxPkts=1644639 TxBytes=223637423 RxBytes=1253364000 , Foreground uid=10406 pkgName=com.example.valuefinder TxPackets=2549 RxPackets=4033 TxBytes=289411 RxBytes=5090412
05-01 10:37:49.885  2459  2641 D WifiTrafficPoller: TrafficStats TxPkts=591238 RxPkts=1644669 TxBytes=223637423 RxBytes=1253369569 , Foreground uid=10406 pkgName=com.example.valuefinder TxPackets=2549 RxPackets=4033 TxBytes=289411 RxBytes=5090412
05-01 10:37:53.965  2459  2641 D WifiTrafficPoller: TrafficStats TxPkts=591238 RxPkts=1644693 TxBytes=223637423 RxBytes=1253373522 , Foreground uid=10406 pkgName=com.example.valuefinder TxPackets=2549 RxPackets=4033 TxBytes=289411 RxBytes=5090412
05-01 10:37:58.011  2459  2641 D WifiTrafficPoller: TrafficStats TxPkts=591238 RxPkts=1644720 TxBytes=223637423 RxBytes=1253381691 , Foreground uid=10406 pkgName=com.example.valuefinder TxPackets=2549 RxPackets=4033 TxBytes=289411 RxBytes=5090412
05-01 10:38:02.079  2459  2641 D WifiTrafficPoller: TrafficStats TxPkts=591238 RxPkts=1644754 TxBytes=223637503 RxBytes=1253391311 , Foreground uid=10406 pkgName=com.example.valuefinder TxPackets=2549 RxPackets=4033 TxBytes=289411 RxBytes=5090412
05-01 10:38:06.151  2459  2641 D WifiTrafficPoller: TrafficStats TxPkts=591257 RxPkts=1644796 TxBytes=223640704 RxBytes=1253403834 , Foreground uid=10406 pkgName=com.example.valuefinder TxPackets=2549 RxPackets=4033 TxBytes=289411 RxBytes=5090412
05-01 10:38:10.218  2459  2641 D WifiTrafficPoller: TrafficStats TxPkts=591280 RxPkts=1644818 TxBytes=223652184 RxBytes=1253411221 , Foreground uid=10406 pkgName=com.example.valuefinder TxPackets=2549 RxPackets=4033 TxBytes=289411 RxBytes=5090412
05-01 10:38:14.288  2459  2641 D WifiTrafficPoller: TrafficStats TxPkts=591281 RxPkts=1644852 TxBytes=223652248 RxBytes=1253418233 , Foreground uid=10406 pkgName=com.example.valuefinder TxPackets=2549 RxPackets=4033 TxBytes=289411 RxBytes=5090412
05-01 10:38:18.362  2459  2641 D WifiTrafficPoller: TrafficStats TxPkts=591281 RxPkts=1644880 TxBytes=223652248 RxBytes=1253423657 , Foreground uid=10406 pkgName=com.example.valuefinder TxPackets=2549 RxPackets=4033 TxBytes=289411 RxBytes=5090412
05-01 10:38:22.432  2459  2641 D WifiTrafficPoller: TrafficStats TxPkts=591281 RxPkts=1644913 TxBytes=223652248 RxBytes=1253432611 , Foreground uid=10406 pkgName=com.example.valuefinder TxPackets=2549 RxPackets=4033 TxBytes=289411 RxBytes=5090412
05-01 10:38:26.472  2459  2641 D WifiTrafficPoller: TrafficStats TxPkts=591283 RxPkts=1644944 TxBytes=223652360 RxBytes=1253439439 , Foreground uid=10406 pkgName=com.example.valuefinder TxPackets=2549 RxPackets=4033 TxBytes=289411 RxBytes=5090412
05-01 10:38:30.557  2459  2641 D WifiTrafficPoller: TrafficStats TxPkts=591285 RxPkts=1644975 TxBytes=223652548 RxBytes=1253445349 , Foreground uid=10406 pkgName=com.example.valuefinder TxPackets=2549 RxPackets=4033 TxBytes=289411 RxBytes=5090412
05-01 10:38:32.431 16684 16684 D AndroidRuntime: >>>>>> START com.android.internal.os.RuntimeInit uid 2000 <<<<<<
05-01 10:38:33.045 16684 16684 D AndroidRuntime: Calling main entry com.android.tools.screensharing.Main
05-01 10:38:34.609  2459  2641 D WifiTrafficPoller: TrafficStats TxPkts=591285 RxPkts=1644981 TxBytes=223652548 RxBytes=1253446226 , Foreground uid=10406 pkgName=com.example.valuefinder TxPackets=2549 RxPackets=4033 TxBytes=289411 RxBytes=5090412
05-01 10:38:39.672  2459  2641 D WifiTrafficPoller: TrafficStats TxPkts=591285 RxPkts=1644998 TxBytes=223652548 RxBytes=1253448849 , Foreground uid=10406 pkgName=com.example.valuefinder TxPackets=2549 RxPackets=4033 TxBytes=289411 RxBytes=5090412
05-01 10:38:43.735  2459  2641 D WifiTrafficPoller: TrafficStats TxPkts=591286 RxPkts=1645035 TxBytes=223652620 RxBytes=1253454316 , Foreground uid=10406 pkgName=com.example.valuefinder TxPackets=2549 RxPackets=4033 TxBytes=289411 RxBytes=5090412
05-01 10:38:47.823  2459  2641 D WifiTrafficPoller: TrafficStats TxPkts=591287 RxPkts=1645043 TxBytes=223652692 RxBytes=1253455284 , Foreground uid=10406 pkgName=com.example.valuefinder TxPackets=2549 RxPackets=4033 TxBytes=289411 RxBytes=5090412
05-01 10:38:51.874  2459  2641 D WifiTrafficPoller: TrafficStats TxPkts=591288 RxPkts=1645062 TxBytes=223652756 RxBytes=1253457841 , Foreground uid=10406 pkgName=com.example.valuefinder TxPackets=2549 RxPackets=4033 TxBytes=289411 RxBytes=5090412
05-01 10:38:55.933  2459  2641 D WifiTrafficPoller: TrafficStats TxPkts=591290 RxPkts=1645094 TxBytes=223652900 RxBytes=1253465052 , Foreground uid=10406 pkgName=com.example.valuefinder TxPackets=2549 RxPackets=4033 TxBytes=289411 RxBytes=5090412
05-01 10:39:00.022  2459  2641 D WifiTrafficPoller: TrafficStats TxPkts=591290 RxPkts=1645103 TxBytes=223652900 RxBytes=1253466655 , Foreground uid=10406 pkgName=com.example.valuefinder TxPackets=2549 RxPackets=4033 TxBytes=289411 RxBytes=5090412
05-01 10:39:04.077  2459  2641 D WifiTrafficPoller: TrafficStats TxPkts=591292 RxPkts=1645146 TxBytes=223653040 RxBytes=1253475457 , Foreground uid=10406 pkgName=com.example.valuefinder TxPackets=2549 RxPackets=4033 TxBytes=289411 RxBytes=5090412
05-01 10:39:08.127  2459  2641 D WifiTrafficPoller: TrafficStats TxPkts=591295 RxPkts=1645169 TxBytes=223653791 RxBytes=1253478556 , Foreground uid=10406 pkgName=com.example.valuefinder TxPackets=2549 RxPackets=4033 TxBytes=289411 RxBytes=5090412
05-01 10:39:12.190  2459  2641 D WifiTrafficPoller: TrafficStats TxPkts=591296 RxPkts=1645188 TxBytes=223653863 RxBytes=1253481188 , Foreground uid=10406 pkgName=com.example.valuefinder TxPackets=2549 RxPackets=4033 TxBytes=289411 RxBytes=5090412
05-01 10:39:16.251  2459  2641 D WifiTrafficPoller: TrafficStats TxPkts=591298 RxPkts=1645205 TxBytes=223654007 RxBytes=1253483518 , Foreground uid=10406 pkgName=com.example.valuefinder TxPackets=2549 RxPackets=4033 TxBytes=289411 RxBytes=5090412
05-01 10:39:20.306  2459  2641 D WifiTrafficPoller: TrafficStats TxPkts=591302 RxPkts=1645233 TxBytes=223654399 RxBytes=1253489979 , Foreground uid=10406 pkgName=com.example.valuefinder TxPackets=2549 RxPackets=4033 TxBytes=289411 RxBytes=5090412
05-01 10:39:24.389  2459  2641 D WifiTrafficPoller: TrafficStats TxPkts=591302 RxPkts=1645259 TxBytes=223654399 RxBytes=1253495421 , Foreground uid=10406 pkgName=com.example.valuefinder TxPackets=2549 RxPackets=4033 TxBytes=289411 RxBytes=5090412
05-01 10:39:28.447  2459  2641 D WifiTrafficPoller: TrafficStats TxPkts=591302 RxPkts=1645277 TxBytes=223654399 RxBytes=1253500942 , Foreground uid=10406 pkgName=com.example.valuefinder TxPackets=2549 RxPackets=4033 TxBytes=289411 RxBytes=5090412
05-01 10:39:32.511  2459  2641 D WifiTrafficPoller: TrafficStats TxPkts=591302 RxPkts=1645297 TxBytes=223654399 RxBytes=1253503782 , Foreground uid=10406 pkgName=com.example.valuefinder TxPackets=2549 RxPackets=4033 TxBytes=289411 RxBytes=5090412
05-01 10:39:36.584  2459  2641 D WifiTrafficPoller: TrafficStats TxPkts=591302 RxPkts=1645317 TxBytes=223654399 RxBytes=1253506647 , Foreground uid=10406 pkgName=com.example.valuefinder TxPackets=2549 RxPackets=4033 TxBytes=289411 RxBytes=5090412
05-01 10:39:41.688  2459  2641 D WifiTrafficPoller: TrafficStats TxPkts=591302 RxPkts=1645322 TxBytes=223654399 RxBytes=1253507568 , Foreground uid=10406 pkgName=com.example.valuefinder TxPackets=2549 RxPackets=4033 TxBytes=289411 RxBytes=5090412
05-01 10:39:45.736  2459  2641 D WifiTrafficPoller: TrafficStats TxPkts=591303 RxPkts=1645361 TxBytes=223654471 RxBytes=1253513868 , Foreground uid=10406 pkgName=com.example.valuefinder TxPackets=2549 RxPackets=4033 TxBytes=289411 RxBytes=5090412
05-01 10:39:49.794  2459  2641 D WifiTrafficPoller: TrafficStats TxPkts=591304 RxPkts=1645381 TxBytes=223654543 RxBytes=1253516613 , Foreground uid=10406 pkgName=com.example.valuefinder TxPackets=2549 RxPackets=4033 TxBytes=289411 RxBytes=5090412
05-01 10:39:53.869  2459  2641 D WifiTrafficPoller: TrafficStats TxPkts=591304 RxPkts=1645385 TxBytes=223654543 RxBytes=1253517213 , Foreground uid=10406 pkgName=com.example.valuefinder TxPackets=2549 RxPackets=4033 TxBytes=289411 RxBytes=5090412
05-01 10:39:57.946  2459  2641 D WifiTrafficPoller: TrafficStats TxPkts=591305 RxPkts=1645415 TxBytes=223654607 RxBytes=1253524050 , Foreground uid=10406 pkgName=com.example.valuefinder TxPackets=2549 RxPackets=4033 TxBytes=289411 RxBytes=5090412
05-01 10:40:01.990  2459  2641 D WifiTrafficPoller: TrafficStats TxPkts=591305 RxPkts=1645437 TxBytes=223654607 RxBytes=1253527058 , Foreground uid=10406 pkgName=com.example.valuefinder TxPackets=2549 RxPackets=4033 TxBytes=289411 RxBytes=5090412
05-01 10:40:06.084  2459  2641 D WifiTrafficPoller: TrafficStats TxPkts=591309 RxPkts=1645460 TxBytes=223655486 RxBytes=1253532553 , Foreground uid=10406 pkgName=com.example.valuefinder TxPackets=2549 RxPackets=4033 TxBytes=289411 RxBytes=5090412
05-01 10:40:10.128  2459  2641 D WifiTrafficPoller: TrafficStats TxPkts=591310 RxPkts=1645474 TxBytes=223655558 RxBytes=1253534444 , Foreground uid=10406 pkgName=com.example.valuefinder TxPackets=2549 RxPackets=4033 TxBytes=289411 RxBytes=5090412
05-01 10:40:14.197  2459  2641 D WifiTrafficPoller: TrafficStats TxPkts=591311 RxPkts=1645499 TxBytes=223655630 RxBytes=1253538178 , Foreground uid=10406 pkgName=com.example.valuefinder TxPackets=2549 RxPackets=4033 TxBytes=289411 RxBytes=5090412
05-01 10:40:18.252  2459  2641 D WifiTrafficPoller: TrafficStats TxPkts=591311 RxPkts=1645515 TxBytes=223655630 RxBytes=1253540155 , Foreground uid=10406 pkgName=com.example.valuefinder TxPackets=2549 RxPackets=4033 TxBytes=289411 RxBytes=5090412
05-01 10:40:22.323  2459  2641 D WifiTrafficPoller: TrafficStats TxPkts=591430 RxPkts=1645727 TxBytes=223686094 RxBytes=1253728949 , Foreground uid=10406 pkgName=com.example.valuefinder TxPackets=2549 RxPackets=4033 TxBytes=289411 RxBytes=5090412
05-01 10:40:26.376  2459  2641 D WifiTrafficPoller: TrafficStats TxPkts=591612 RxPkts=1646025 TxBytes=223709056 RxBytes=1254019673 , Foreground uid=10406 pkgName=com.example.valuefinder TxPackets=2549 RxPackets=4033 TxBytes=289411 RxBytes=5090412
05-01 10:40:30.455  2459  2641 D WifiTrafficPoller: TrafficStats TxPkts=591614 RxPkts=1646032 TxBytes=223709168 RxBytes=1254020835 , Foreground uid=10406 pkgName=com.example.valuefinder TxPackets=2549 RxPackets=4033 TxBytes=289411 RxBytes=5090412
05-01 10:40:34.525  2459  2641 D WifiTrafficPoller: TrafficStats TxPkts=591614 RxPkts=1646056 TxBytes=223709168 RxBytes=1254024433 , Foreground uid=10406 pkgName=com.example.valuefinder TxPackets=2549 RxPackets=4033 TxBytes=289411 RxBytes=5090412
05-01 10:40:38.596  2459  2641 D WifiTrafficPoller: TrafficStats TxPkts=591617 RxPkts=1646090 TxBytes=223709428 RxBytes=1254029022 , Foreground uid=10406 pkgName=com.example.valuefinder TxPackets=2549 RxPackets=4033 TxBytes=289411 RxBytes=5090412
05-01 10:40:43.672  2459  2641 D WifiTrafficPoller: TrafficStats TxPkts=591630 RxPkts=1646126 TxBytes=223712303 RxBytes=1254039221 , Foreground uid=10406 pkgName=com.example.valuefinder TxPackets=2549 RxPackets=4033 TxBytes=289411 RxBytes=5090412
05-01 10:40:47.750  2459  2641 D WifiTrafficPoller: TrafficStats TxPkts=591631 RxPkts=1646152 TxBytes=223712375 RxBytes=1254043549 , Foreground uid=10406 pkgName=com.example.valuefinder TxPackets=2549 RxPackets=4033 TxBytes=289411 RxBytes=5090412
05-01 10:40:51.803  2459  2641 D WifiTrafficPoller: TrafficStats TxPkts=591633 RxPkts=1646175 TxBytes=223712511 RxBytes=1254046634 , Foreground uid=10406 pkgName=com.example.valuefinder TxPackets=2549 RxPackets=4033 TxBytes=289411 RxBytes=5090412
05-01 10:40:55.870  2459  2641 D WifiTrafficPoller: TrafficStats TxPkts=591633 RxPkts=1646205 TxBytes=223712511 RxBytes=1254053411 , Foreground uid=10406 pkgName=com.example.valuefinder TxPackets=2549 RxPackets=4033 TxBytes=289411 RxBytes=5090412
05-01 10:40:59.931  2459  2641 D WifiTrafficPoller: TrafficStats TxPkts=591634 RxPkts=1646208 TxBytes=223712583 RxBytes=1254053939 , Foreground uid=10406 pkgName=com.example.valuefinder TxPackets=2549 RxPackets=4033 TxBytes=289411 RxBytes=5090412
05-01 10:41:03.979  2459  2641 D WifiTrafficPoller: TrafficStats TxPkts=591637 RxPkts=1646231 TxBytes=223712795 RxBytes=1254057197 , Foreground uid=10406 pkgName=com.example.valuefinder TxPackets=2549 RxPackets=4033 TxBytes=289411 RxBytes=5090412
05-01 10:41:08.033  2459  2641 D WifiTrafficPoller: TrafficStats TxPkts=591639 RxPkts=1646241 TxBytes=223713475 RxBytes=1254059516 , Foreground uid=10406 pkgName=com.example.valuefinder TxPackets=2549 RxPackets=4033 TxBytes=289411 RxBytes=5090412
05-01 10:41:12.083  2459  2641 D WifiTrafficPoller: TrafficStats TxPkts=591640 RxPkts=1646262 TxBytes=223713547 RxBytes=1254062508 , Foreground uid=10406 pkgName=com.example.valuefinder TxPackets=2549 RxPackets=4033 TxBytes=289411 RxBytes=5090412
05-01 10:41:16.147  2459  2641 D WifiTrafficPoller: TrafficStats TxPkts=591640 RxPkts=1646292 TxBytes=223713547 RxBytes=1254066633 , Foreground uid=10406 pkgName=com.example.valuefinder TxPackets=2549 RxPackets=4033 TxBytes=289411 RxBytes=5090412
05-01 10:41:20.204  2459  2641 D WifiTrafficPoller: TrafficStats TxPkts=591640 RxPkts=1646302 TxBytes=223713547 RxBytes=1254069629 , Foreground uid=10406 pkgName=com.example.valuefinder TxPackets=2549 RxPackets=4033 TxBytes=289411 RxBytes=5090412
05-01 10:41:24.251  2459  2641 D WifiTrafficPoller: TrafficStats TxPkts=591641 RxPkts=1646323 TxBytes=223713619 RxBytes=1254076616 , Foreground uid=10406 pkgName=com.example.valuefinder TxPackets=2549 RxPackets=4033 TxBytes=289411 RxBytes=5090412
05-01 10:41:28.334  2459  2641 D WifiTrafficPoller: TrafficStats TxPkts=591643 RxPkts=1646359 TxBytes=223713763 RxBytes=1254084528 , Foreground uid=10406 pkgName=com.example.valuefinder TxPackets=2549 RxPackets=4033 TxBytes=289411 RxBytes=5090412
05-01 10:41:32.369  2459  2641 D WifiTrafficPoller: TrafficStats TxPkts=591644 RxPkts=1646379 TxBytes=223713835 RxBytes=1254087969 , Foreground uid=10406 pkgName=com.example.valuefinder TxPackets=2549 RxPackets=4033 TxBytes=289411 RxBytes=5090412
05-01 10:41:36.408  2459  2641 D WifiTrafficPoller: TrafficStats TxPkts=591644 RxPkts=1646386 TxBytes=223713835 RxBytes=1254088925 , Foreground uid=10406 pkgName=com.example.valuefinder TxPackets=2549 RxPackets=4033 TxBytes=289411 RxBytes=5090412
05-01 10:41:40.451  2459  2641 D WifiTrafficPoller: TrafficStats TxPkts=591645 RxPkts=1646408 TxBytes=223713899 RxBytes=1254091933 , Foreground uid=10406 pkgName=com.example.valuefinder TxPackets=2549 RxPackets=4033 TxBytes=289411 RxBytes=5090412
05-01 10:41:44.496  2459  2641 D WifiTrafficPoller: TrafficStats TxPkts=591646 RxPkts=1646429 TxBytes=223713971 RxBytes=1254095263 , Foreground uid=10406 pkgName=com.example.valuefinder TxPackets=2549 RxPackets=4033 TxBytes=289411 RxBytes=5090412
05-01 10:41:48.551  2459  2641 D WifiTrafficPoller: TrafficStats TxPkts=591648 RxPkts=1646445 TxBytes=223714115 RxBytes=1254097618 , Foreground uid=10406 pkgName=com.example.valuefinder TxPackets=2549 RxPackets=4033 TxBytes=289411 RxBytes=5090412
05-01 10:41:53.637  2459  2641 D WifiTrafficPoller: TrafficStats TxPkts=591649 RxPkts=1646467 TxBytes=223714187 RxBytes=1254100929 , Foreground uid=10406 pkgName=com.example.valuefinder TxPackets=2549 RxPackets=4033 TxBytes=289411 RxBytes=5090412
05-01 10:41:57.680  2459  2641 D WifiTrafficPoller: TrafficStats TxPkts=591649 RxPkts=1646494 TxBytes=223714187 RxBytes=1254107369 , Foreground uid=10406 pkgName=com.example.valuefinder TxPackets=2549 RxPackets=4033 TxBytes=289411 RxBytes=5090412
05-01 10:41:59.998  2459  2531 D PackageManager: EAS IT Policy com.example.valuefinder isPackageSignedByPlatform = false
05-01 10:42:00.151  2459  2531 D PackageManager: EAS IT Policy com.example.valuefinder isPackageSignedByPlatform = false
05-01 10:42:00.198  2459  2531 W SELinux : SELinux: set fc_digest(/data/app/com.example.valuefinder-O5TPPKDM9FbxuvRNYueHMA==)
05-01 10:42:00.270  2459  2612 W InputDispatcher: channel 'f428edb com.example.valuefinder/com.example.valuefinder.MainActivity (server)' ~ Consumer closed input channel or an error occurred.  events=0x9, fd=669
05-01 10:42:00.271  2459  2612 E InputDispatcher: channel 'f428edb com.example.valuefinder/com.example.valuefinder.MainActivity (server)' ~ Channel is unrecoverably broken and will be disposed!
05-01 10:42:00.344  2459  2507 W InputDispatcher: Attempted to unregister already unregistered input channel 'f428edb com.example.valuefinder/com.example.valuefinder.MainActivity (server)'
05-01 10:42:00.346   702   765 I SurfaceFlinger: id=4971 Removed com.example.valuefinder/com.example.valuefinder.MainActivity[13112]#0 (0/51)
05-01 10:42:00.352   702   765 I SurfaceFlinger: id=4970 Removed f428edb com.example.valuefinder/com.example.valuefinder.MainActivity#0 (0/50)
05-01 10:42:00.356   702   702 I Layer   : id=4971 onRemoved com.example.valuefinder/com.example.valuefinder.MainActivity[13112]#0 
05-01 10:42:00.356   702   702 I Layer   : id=4970 onRemoved f428edb com.example.valuefinder/com.example.valuefinder.MainActivity#0 
05-01 10:42:00.358   702   765 I SurfaceFlinger: id=4965 Removed AppWindowToken{8b02cda token=Token{8af7685 ActivityRecord{79a7ffc u0 com.example.valuefinder/.MainActivity t985}}}#0 (0/49)
05-01 10:42:00.373   702   702 I Layer   : id=4965 onRemoved AppWindowToken{8b02cda token=Token{8af7685 ActivityRecord{79a7ffc u0 com.example.valuefinder/.MainActivity t985}}}#0 
05-01 10:42:00.595  2459  2531 D PackageManager: EAS IT Policy com.example.valuefinder isPackageSignedByPlatform = false
05-01 10:42:00.595  2459  2531 D PackageManager: EAS IT Policy destCodeFile /data/app/com.example.valuefinder-O5TPPKDM9FbxuvRNYueHMA==
05-01 10:42:00.948 17242 17242 I         : SS_ART_lib [I]: permission is absent: /data/app/com.example.valuefinder-O5TPPKDM9FbxuvRNYueHMA==/base.apk
05-01 10:42:00.954  2459  2640 D NetSpeedPolicy: fg switch to bg, app uid = 10406 package name = com.example.valuefinder
05-01 10:42:00.954  2459  2640 I NetSpeedPolicy: bg app uid = 10406 packagename com.example.valuefinder
05-01 10:42:00.965  2459  2640 I NetSpeedPolicy: bg app uid = 10406 packagename com.example.valuefinder
05-01 10:42:00.991  2459  2531 I PackageManager.DexOptimizer: Running dexopt (dexoptNeeded=1) on: /data/app/com.example.valuefinder-O5TPPKDM9FbxuvRNYueHMA==/base.apk pkg=com.example.valuefinder isa=arm64 dexoptFlags=boot_complete,profile_guided,public,enable_hidden_api_checks targetFilter=speed-profile oatDir=/data/app/com.example.valuefinder-O5TPPKDM9FbxuvRNYueHMA==/oat classLoaderContext=PCL[] dexMetadataPath=null
05-01 10:42:00.998  1108  2572 V installed: DexInv: --- BEGIN '/data/app/com.example.valuefinder-O5TPPKDM9FbxuvRNYueHMA==/base.apk' ---
05-01 10:42:01.051  2459  3400 D PackageManager: getComponentMetadataForIconTray : com.example.valuefinder.MainActivity does not exist in mServices
05-01 10:42:01.051  2459  3400 D PackageManager: getComponentMetadataForIconTray : com.example.valuefinder.MainActivity does not exist in mProviders
05-01 10:42:01.051  2459  3400 D PackageManager: getComponentMetadataForIconTray : com.example.valuefinder.MainActivity does not exist in mReceivers
05-01 10:42:01.054  4081 32603 I AppIconSolution: return adaptive icon for com.example.valuefinder
05-01 10:42:01.056  2459  2640 I NetSpeedPolicy: bg app uid = 10406 packagename com.example.valuefinder
05-01 10:42:01.377 17227 17227 D GOS:GameServiceReceiver:  PkgInstallStarted for com.example.valuefinder UserID : 0
05-01 10:42:01.426 17227 17252 D GOS:MainIntentService: onHandleIntent(). type(PACKAGE_CHANGED), changeType(INSTALL_STARTED), packageName(com.example.valuefinder), UserHandle(0), Installed(true)
05-01 10:42:01.426 17227 17252 D GOS:SystemEventReactor: onPackageInstallStarted(). packageName: com.example.valuefinder
05-01 10:42:01.426 17227 17252 D GOS:SystemEventReactor: addPkgDataFromServer(), packageName : com.example.valuefinder
05-01 10:42:01.579 17227 17252 D GOS:NetworkConnector: getPkgData(), packageName : com.example.valuefinder
05-01 10:42:01.585 17244 17244 I dex2oat : /system/bin/dex2oat --input-vdex-fd=-1 --output-vdex-fd=17 --compiler-filter=speed-profile --classpath-dir=/data/app/com.example.valuefinder-O5TPPKDM9FbxuvRNYueHMA== --class-loader-context=PCL[] --generate-mini-debug-info --compact-dex-level=none --compilation-reason=install
05-01 10:42:02.289  2459  2640 I NetSpeedPolicy: bg app uid = 10406 packagename com.example.valuefinder
05-01 10:42:02.463 17227 17252 D GOS:NetworkConnector: doDirectly(), Response, responseCode: 200, URL: https://service.game-mode.net/gamemode/v3/packages/?type=install&device_name=gts3llte&package_names=com.example.valuefinder, response: {"code":"201001","message":"Success","packages":[{"package_name":"com.example.valuefinder","category_code":"undefined","game_genre":"N/A","device_group":"gts3l","game_oracle_cache":false,"cache":false}]}
05-01 10:42:02.463 17227 17252 D GOS:NetworkConnector: getPkgData(), request: https://service.game-mode.net/gamemode/v3/packages/?type=install&device_name=gts3llte&package_names=com.example.valuefinder, response: {"code":"201001","message":"Success","packages":[{"package_name":"com.example.valuefinder","category_code":"undefined","game_genre":"N/A","device_group":"gts3l","game_oracle_cache":false,"cache":false}]}
05-01 10:42:02.463 17227 17252 D GOS:ResponseParser: parsePkgDataList(), response: {"code":"201001","message":"Success","packages":[{"package_name":"com.example.valuefinder","category_code":"undefined","game_genre":"N/A","device_group":"gts3l","game_oracle_cache":false,"cache":false}]}
05-01 10:42:02.463 17227 17252 D GOS:ResponseParser: parsePkgDataList(), pkgArray: [{"package_name":"com.example.valuefinder","category_code":"undefined","game_genre":"N\/A","device_group":"gts3l","game_oracle_cache":false,"cache":false}]
05-01 10:42:02.463 17227 17252 D GOS:ResponseParser: parsePkgDataJsonObj(), packageName: com.example.valuefinder
05-01 10:42:02.470 17227 17252 D GOS:PkgData: PkgData(), pkgName: com.example.valuefinder
05-01 10:42:02.471 17227 17252 D GOS:PkgData: setCustomFeatureFlag, pkgName: com.example.valuefinder, old featureFlag: 342277969730895875, new featureFlag: 342277969730895875
05-01 10:42:02.473 17227 17252 D GOS:ResponseParser: parsePkgDataJsonObj(), pkgName: com.example.valuefinder, customFeatureFlag: 342277969730895875
05-01 10:42:02.473 17227 17252 D GOS:ResponseParser: parsePkgDataJsonObj(), get data from existingPkgData, pkgName: com.example.valuefinder, customFeatureFlag: 342277969730895875
05-01 10:42:02.474 17227 17252 D GOS:PkgData: PkgData(), pkgName: com.example.valuefinder
05-01 10:42:02.474 17227 17252 D GOS:PkgData: setCustomFeatureFlag, pkgName: com.example.valuefinder, old featureFlag: 342277969730895875, new featureFlag: 342277969730895875
05-01 10:42:02.482 17227 17252 D GOS:PackageDAO: updateTimeStamp(): com.example.valuefinder
05-01 10:42:02.530 17227 17252 D GOS:SystemEventReactor: addPkgDataFromServer(), A package was added : com.example.valuefinder as undefined
05-01 10:42:02.538 17227 17252 D GOS:PkgData: PkgData(), pkgName: com.example.valuefinder
05-01 10:42:02.538 17227 17252 D GOS:PkgData: setCustomFeatureFlag, pkgName: com.example.valuefinder, old featureFlag: 342277969730895875, new featureFlag: 342277969730895875
05-01 10:42:07.065  2459  2682 D PkgPredictorService-NapPreloadController: Sent pkg = com.example.valuefinder type: ml
05-01 10:42:07.080  2459  2459 D PkgPredictorService-NapPreloadController: Get reply pkgName = com.example.valuefinder type = ml
05-01 10:42:09.306 17244 17303 I chatty  : uid=50406(com.example.valuefinder) identical 1 line
05-01 10:42:15.076 17244 17244 D dex2oat : <SS>: trying at /data/app/com.example.valuefinder-O5TPPKDM9FbxuvRNYueHMA==/base.apk
05-01 10:42:15.076 17244 17244 D dex2oat : <SS>: going to process manifest for 64-bit.../data/app/com.example.valuefinder-O5TPPKDM9FbxuvRNYueHMA==/base.apk
05-01 10:42:15.077 17244 17244 I         : SS_ART_lib [I]: permission is absent: /data/app/com.example.valuefinder-O5TPPKDM9FbxuvRNYueHMA==/base.apk
05-01 10:42:15.119  1108  2572 V installed: DexInv: --- END '/data/app/com.example.valuefinder-O5TPPKDM9FbxuvRNYueHMA==/base.apk' (success) ---
05-01 10:42:15.128  2459  2531 I PackageManager.DexOptimizer: do mInstaller.syncDexopt : com.example.valuefinder
05-01 10:42:15.132 17306 17329 D ProfileInstaller: Installing profile for com.example.valuefinder
05-01 10:42:16.466 15433 15433 W msgr.AppInfoCore: Install status cache EVICT for com.example.valuefinder (package changed)
05-01 10:42:16.467  2179  2179 D BeaconManager[9.1.30.0]: BeaconService.PackageReceiver - action:android.intent.action.PACKAGE_REMOVED, package:com.example.valuefinder
05-01 10:42:16.475  2763  2763 D MetaDataParser: removePackage() key = com.example.valuefinder
05-01 10:42:16.493  2878  2935 D PackageInfoManager_FLP: action : ACTION_PACKAGE_REMOVED, packageName = com.example.valuefinder
05-01 10:42:16.497 16180 16180 I SEMS:RegistrationLog_1.0: [[ActivateLog]][2][ActivateReceiver] onReceive called  PACKAGE_REMOVED com.example.valuefinder
05-01 10:42:16.519 14927 17339 I [SC]PackageRemoveMonitorReceiverImpl: onReceive: com.example.valuefinder false
05-01 10:42:16.521 14927 15034 I [SC]SyncAuthority: com.example.valuefinder: authority not found!
05-01 10:42:16.532  2459  2506 D MediaSessionService: Received change in packages, intent=Intent { act=android.intent.action.PACKAGE_REMOVED dat=package:com.example.valuefinder flg=0x4000010 (has extras) }
05-01 10:42:16.536  2878  2935 D PackageInfoManager_FLP: action : ACTION_PACKAGE_ADDED, packageName = com.example.valuefinder
05-01 10:42:16.538  2763  2763 D MetaDataParser: updatePackage() com.example.valuefinder true
05-01 10:42:16.539  2763  2763 D MetaDataParser: removePackage() key = com.example.valuefinder
05-01 10:42:16.560  2179  2179 D BeaconManager[9.1.30.0]: BeaconService.PackageReceiver - action:android.intent.action.PACKAGE_ADDED, package:com.example.valuefinder
05-01 10:42:16.566 15433 15433 W msgr.AppInfoCore: Install status cache EVICT for com.example.valuefinder (package changed)
05-01 10:42:16.599 14927 17344 I [SC]SyncAuthority: com.example.valuefinder: authority not found!
05-01 10:42:16.605 14927 15034 I [SC]SyncAuthority: com.example.valuefinder: authority not found!
05-01 10:42:16.608 14927 17344 I [SC]PackageAddMonitorReceiverImpl: onReceive: com.example.valuefinder
05-01 10:42:16.620  2957  2957 D ImsServiceStub: packageStatus : android.intent.action.PACKAGE_REPLACED, packageName : com.example.valuefinder
05-01 10:42:16.663  2459  2459 D SdpManagerService.receiver: On android.intent.action.PACKAGE_REMOVED : DATA = package:com.example.valuefinder, UID = 10406, UserId = 0, Is replacing? true
05-01 10:42:16.694  2982  2982 I VVM.VvmPkgInstalledRcvr: onReceive() : action android.intent.action.PACKAGE_REMOVED packageName :com.example.valuefinder
05-01 10:42:16.746 16180 16180 I SEMS:RegistrationLog_1.0: [[ActivateLog]][2][ActivateReceiver] onReceive called  PACKAGE_ADDED com.example.valuefinder
05-01 10:42:16.756  9323  9323 I Finsky  : [2] AIM: AppInfoCacheUpdater -> invalidating apps: [com.example.valuefinder]
05-01 10:42:16.845  9323  9357 I Finsky  : [14186] AIM: AppInfoManager-Perf > OnDeviceAppInfo > cacheHitCount=0, cacheMissCount=1. Missed  in cache (limit 10) : [com.example.valuefinder]
05-01 10:42:17.192   702   765 I SurfaceFlinger: id=4981 createSurf (4096x4096),2 flag=4, AppWindowToken{7d3ce90 token=Token{7b65553 ActivityRecord{ab58142 u0 com.example.valuefinder/.MainActivity t986}}}#0
05-01 10:42:17.334  2982  2982 I VVM.VvmPkgInstalledRcvr: onReceive() : action android.intent.action.PACKAGE_ADDED packageName :com.example.valuefinder
05-01 10:42:17.348  9323  9323 I Finsky  : [2] AIM: AppInfoCacheUpdater -> invalidating apps: [com.example.valuefinder]
05-01 10:42:17.351  9323  9364 I Finsky  : [14193] AIM: AppInfoManager-Perf > OnDeviceAppInfo > cacheHitCount=0, cacheMissCount=1. Missed  in cache (limit 10) : [com.example.valuefinder]
05-01 10:42:17.399  2982  2982 D ImsResolver: maybeAddedImsService, packageName: com.example.valuefinder
05-01 10:42:17.708   702   765 I SurfaceFlinger: id=4982 createSurf (4096x4096),2 flag=4, 248b116 Splash Screen com.example.valuefinder#0
05-01 10:42:17.756   702   765 I SurfaceFlinger: id=4983 createSurf (1536x2048),1 flag=404, Splash Screen com.example.valuefinder#0
05-01 10:42:17.805  2459  2508 I PerfSDKService: Current foregroundpackage name : com.example.valuefinder
05-01 10:42:17.807  2459  2508 D CodecSolution: isMaxAspectPackageEx: com.example.valuefinder : false(0)
05-01 10:42:17.807  2459  2640 D NetSpeedPolicy: fg app list add new app uid = 10406 package name = com.example.valuefinder
05-01 10:42:17.903   702   702 I SurfaceFlinger:      Client | 0x701e433700 | 0002 | RGBA_8888 |   0.0    0.0 1536.0 2048.0 |    0    0 2048 1536 | Splash Screen com.example.valuefinder#0
05-01 10:42:17.906  2459  2508 D WindowManager: setSystemUiVisibility: vis= 0x18, fullscreenVis= 0x0, dockedVis= 0x0, win=Window{248b116 u0 Splash Screen com.example.valuefinder}
05-01 10:42:18.058  2459  2641 D WifiTrafficPoller: TrafficStats TxPkts=591749 RxPkts=1646699 TxBytes=223735649 RxBytes=1254150518 , Foreground uid=10406 pkgName=com.example.valuefinder TxPackets=2549 RxPackets=4033 TxBytes=289411 RxBytes=5090412
05-01 10:42:18.308 14927 17344 I [SC]ExternalAppInfoReader: load: Can't load package: com.example.valuefinder
05-01 10:42:18.351   702   762 I SurfaceFlinger: id=4986 createSurf (4096x4096),2 flag=4, a545a20 com.example.valuefinder/com.example.valuefinder.MainActivity#0
05-01 10:42:18.446 17434 17434 D WMStubBroadCastReceiver: ACTION_PACKAGE_REMOVED : com.example.valuefinder, upgrade : true
05-01 10:42:19.297  2459  2459 I PersonaManagerService::Proxy: newPackage is com.example.valuefinder
05-01 10:42:20.071 17417 17417 I chatty  : uid=10406(com.example.valuefinder) identical 1 line
05-01 10:42:20.483   702   762 I SurfaceFlinger: id=4987 createSurf (1536x2048),1 flag=404, com.example.valuefinder/com.example.valuefinder.MainActivity[17417]#0
05-01 10:42:20.486  2459  3965 D WindowManager: makeSurface duration=4 name=com.example.valuefinder/com.example.valuefinder.MainActivity[17417]
05-01 10:42:20.486  2459  3965 V WindowManager: Changing focus from null to Window{a545a20 u0 com.example.valuefinder/com.example.valuefinder.MainActivity} Callers=com.android.server.wm.WindowManagerService.relayoutWindow:2536 com.android.server.wm.Session.relayoutForTranslate:308 android.view.IWindowSession$Stub.onTransact:518 com.android.server.wm.Session.onTransact:192 
05-01 10:42:20.495 17520 17520 D PacakageChanageReceiver: The DATA: package:com.example.valuefinder
05-01 10:42:20.569  2459  3965 W BroadcastQueue: Background execution not allowed: receiving Intent { act=android.intent.action.PACKAGE_REMOVED dat=package:com.example.valuefinder flg=0x4000010 (has extras) } to com.sec.imsservice/com.sec.internal.ims.imsservice.ImsIntentReceiver
05-01 10:42:20.577  2459  2519 D WindowManager: reportFocusChangedSerialized, focused=true, inTouchMode=true, win=Window{a545a20 u0 com.example.valuefinder/com.example.valuefinder.MainActivity}
05-01 10:42:20.736  2459  4007 W BroadcastQueue: Background execution not allowed: receiving Intent { act=android.intent.action.PACKAGE_ADDED dat=package:com.example.valuefinder flg=0x4000010 (has extras) } to com.android.vending/com.google.android.finsky.packagemonitor.impl.PackageMonitorReceiverImpl$RegisteredReceiver
05-01 10:42:20.738  2459  2507 W BroadcastQueue: Background execution not allowed: receiving Intent { act=android.intent.action.PACKAGE_ADDED dat=package:com.example.valuefinder flg=0x4000010 (has extras) } to com.android.vending/com.google.android.finsky.packagemonitor.backgroundimpl.BackgroundPackageMonitorReceiverImpl$RegisteredReceiver
05-01 10:42:20.739  2459  2507 W BroadcastQueue: Background execution not allowed: receiving Intent { act=android.intent.action.PACKAGE_ADDED dat=package:com.example.valuefinder flg=0x4000010 (has extras) } to com.google.android.gms/.gass.chimera.PackageChangeBroadcastReceiver
05-01 10:42:20.739  2459  2507 W BroadcastQueue: Background execution not allowed: receiving Intent { act=android.intent.action.PACKAGE_ADDED dat=package:com.example.valuefinder flg=0x4000010 (has extras) } to com.google.android.gms/.chimera.GmsIntentOperationService$PersistentTrustedReceiver
05-01 10:42:20.740  2459  2507 W BroadcastQueue: Background execution not allowed: receiving Intent { act=android.intent.action.PACKAGE_ADDED dat=package:com.example.valuefinder flg=0x4000010 (has extras) } to com.samsung.accessibility/.assistantmenu.AssistantMenuReceiver
05-01 10:42:20.740  2459  2507 W BroadcastQueue: Background execution not allowed: receiving Intent { act=android.intent.action.PACKAGE_ADDED dat=package:com.example.valuefinder flg=0x4000010 (has extras) } to com.samsung.android.app.soundpicker/.HunReceiver
05-01 10:42:20.741  2459  2507 W BroadcastQueue: Background execution not allowed: receiving Intent { act=android.intent.action.PACKAGE_ADDED dat=package:com.example.valuefinder flg=0x4000010 (has extras) } to com.samsung.android.knox.containeragent/.KnoxPackageStateReceiver
05-01 10:42:20.757  2459  3948 W BroadcastQueue: Background execution not allowed: receiving Intent { act=android.intent.action.PACKAGE_ADDED dat=package:com.example.valuefinder flg=0x4000010 (has extras) } to com.samsung.knox.securefolder/.containeragent.detector.KnoxPackageStateReceiver
05-01 10:42:20.761  2459  2507 W BroadcastQueue: Background execution not allowed: receiving Intent { act=android.intent.action.PACKAGE_ADDED dat=package:com.example.valuefinder flg=0x4000010 (has extras) } to com.sec.android.app.samsungapps/.receiver.PackageAddedReceiver
05-01 10:42:20.765 17520 17520 D PacakageChanageReceiver: The DATA: package:com.example.valuefinder
05-01 10:42:20.766  2459  3948 W BroadcastQueue: Background execution not allowed: receiving Intent { act=android.intent.action.PACKAGE_ADDED dat=package:com.example.valuefinder flg=0x4000010 (has extras) } to com.sec.imsservice/com.sec.internal.ims.imsservice.ImsIntentReceiver
05-01 10:42:20.771  2459  2507 W BroadcastQueue: Background execution not allowed: receiving Intent { act=android.intent.action.PACKAGE_ADDED dat=package:com.example.valuefinder flg=0x4000010 (has extras) } to com.facebook.katana/com.facebook.feed.platformads.AppInstallReceiver
05-01 10:42:20.922  2459  2459 D RCPManagerService: App Installed with packageNAme = com.example.valuefinder
05-01 10:42:21.224  2459  2515 V MARsPolicyManager: onPackageStatusChange packageName = com.example.valuefinder, uid = 10406
05-01 10:42:21.332  2459  2516 D MARsDBManager: doInsertPkg com.example.valuefinder
05-01 10:42:21.332  2459  2516 D MARsDBManager: doInsertPkg com.example.valuefinder(uid : 10406) is already exist in DB!
05-01 10:42:21.352  2459  2459 D KnoxMUMContainerPolicy: packageInstalledForSBAExternalStorage com.example.valuefinder
05-01 10:42:21.360  2459  2459 D GameManagerService: MultiWindowEventListener.onFocusStackChanged(), state=0, top=ComponentInfo{com.example.valuefinder/com.example.valuefinder.MainActivity}
05-01 10:42:21.360  2459  2735 D GameManagerService: handleForegroundChange(). pkgName: com.example.valuefinder, clsName: com.example.valuefinder.MainActivity,FgActivityName:com.example.valuefinder/.MainActivity,userID:0
05-01 10:42:21.364  2459  2459 D Telecom:SamsungPrebindingServiceImpl: onTopActivityChanged : ComponentInfo{com.example.valuefinder/com.example.valuefinder.MainActivity}
05-01 10:42:21.539  2459  2939 D WindowManager: finishDrawingWindow: Window{a545a20 u0 com.example.valuefinder/com.example.valuefinder.MainActivity} mDrawState=DRAW_PENDING
05-01 10:42:21.542  2459  2560 I WindowManager: commitFinishDrawingLocked: mDrawState=READY_TO_SHOW Surface(name=com.example.valuefinder/com.example.valuefinder.MainActivity[17417])/@0x6d7c65d
05-01 10:42:21.551  2459  2560 I WindowManager: commitFinishDrawingLocked: mDrawState=READY_TO_SHOW Surface(name=com.example.valuefinder/com.example.valuefinder.MainActivity[17417])/@0x6d7c65d
05-01 10:42:21.551  2459  2560 I WindowManager: Cancelling animation restarting=false, leash=null, surface=Surface(name=a545a20 com.example.valuefinder/com.example.valuefinder.MainActivity)/@0x13dfbd2, parent=Surface(name=AppWindowToken{7d3ce90 token=Token{7b65553 ActivityRecord{ab58142 u0 com.example.valuefinder/.MainActivity t986}}})/@0xfe9d4f0
05-01 10:42:21.552  2459  2560 V WindowManager: performShowLocked: mDrawState=HAS_DRAWN in Window{a545a20 u0 com.example.valuefinder/com.example.valuefinder.MainActivity}
05-01 10:42:21.561  2459  2519 I ActivityManager: Displayed com.example.valuefinder/.MainActivity: +4s297ms
05-01 10:42:21.594  2459  2560 V WindowManager: Remove Window{248b116 u0 Splash Screen com.example.valuefinder}: mSurfaceController=Surface(name=Splash Screen com.example.valuefinder)/@0xba0f933 mAnimatingExit=false mRemoveOnExit=false mHasSurface=true surfaceShowing=true isAnimationSet=false app-animation=false mWillReplaceWindow=false inPendingTransaction=false mDisplayFrozen=false callers=com.android.server.wm.WindowState.removeIfPossible:2803 com.android.server.wm.WindowManagerService.removeWindow:1954 com.android.server.wm.Session.remove:274 android.view.ViewRootImpl.dispatchDetachedFromWindow:4651 android.view.ViewRootImpl.doDie:8119 android.view.ViewRootImpl$ViewRootHandler.handleMessage:5083 
05-01 10:42:21.599  2459  2560 I WindowManager: Cancelling animation restarting=true, leash=null, surface=Surface(name=248b116 Splash Screen com.example.valuefinder)/@0xea8b3a0, parent=Surface(name=AppWindowToken{7d3ce90 token=Token{7b65553 ActivityRecord{ab58142 u0 com.example.valuefinder/.MainActivity t986}}})/@0xfe9d4f0
05-01 10:42:21.599  2459  2560 I WindowManager: Reparenting to leash, surface=Surface(name=248b116 Splash Screen com.example.valuefinder)/@0xea8b3a0
05-01 10:42:21.601   702  5273 I SurfaceFlinger: id=4988 createSurf (4096x4096),2 flag=4, Surface(name=248b116 Splash Screen com.example.valuefinder)/@0xea8b3a0 - animation-leash#0
05-01 10:42:21.604  2459  2560 D WindowManager: makeSurface duration=4 leash=Surface(name=Surface(name=248b116 Splash Screen com.example.valuefinder)/@0xea8b3a0 - animation-leash)/@0x24f6b59
05-01 10:42:21.604  2459  2560 D SurfaceControl: reparent is called, sc=Surface(name=248b116 Splash Screen com.example.valuefinder)/@0xea8b3a0, newParentHandle=android.os.BinderProxy@e5c031e, transaction=android.view.SurfaceControl$Transaction@d54a7ff
05-01 10:42:21.612   702  5273 D Layer   : [248b116 Splash Screen com.example.valuefinder#0]::reparent oldParent:[AppWindowToken{7d3ce90 token=Token{7b65553 ActivityRecord{ab58142 u0 com.example.valuefinder/.MainActivity t986}}}#0], newParent:[Surface(name=248b116 Splash Screen com.example.valuefinder)/@0xea8b3a0 - animation-leash#0]
05-01 10:42:21.625   702   702 I SurfaceFlinger:      Device | 0x701e433d80 | 0002 | RGBA_8888 |   0.0    0.0 2048.0 1536.0 |    0    0 2048 1536 | com.example.valuefinder/com.example.valuefinder.MainActivity[17417]#0
05-01 10:42:21.650  2459  2560 I WindowManager: reset, Reparenting to original parent, shouldDeferScheduleAnimation=false, destroyLeash=true, surface=Surface(name=248b116 Splash Screen com.example.valuefinder)/@0xea8b3a0, parent=Surface(name=AppWindowToken{7d3ce90 token=Token{7b65553 ActivityRecord{ab58142 u0 com.example.valuefinder/.MainActivity t986}}})/@0xfe9d4f0, parentNativeHandle=android.os.BinderProxy@a55c51b, caller=com.android.server.wm.SurfaceAnimator.lambda$getFinishedCallback$0:97 com.android.server.wm.-$$Lambda$SurfaceAnimator$SIBia0mND666K8lMCPsoid8pUTI.run:4 com.android.server.wm.SurfaceAnimator.lambda$getFinishedCallback$1:104 com.android.server.wm.-$$Lambda$SurfaceAnimator$vdRZk66hQVbQCvVXEaQCT1kVmFc.onAnimationFinished:4 com.android.server.wm.LocalAnimationAdapter.lambda$startAnimation$0:74 
05-01 10:42:21.650  2459  2560 D SurfaceControl: reparent is called, sc=Surface(name=248b116 Splash Screen com.example.valuefinder)/@0xea8b3a0, newParentHandle=android.os.BinderProxy@a55c51b, transaction=android.view.SurfaceControl$Transaction@d54a7ff
05-01 10:42:21.653  2459  2560 D SurfaceControl: destroy(transaction), animation-leash is destroyed, sc=Surface(name=Surface(name=248b116 Splash Screen com.example.valuefinder)/@0xea8b3a0 - animation-leash)/@0x24f6b59, transaction=android.view.SurfaceControl$Transaction@d54a7ff, caller=com.android.server.wm.SurfaceAnimator.reset:344 com.android.server.wm.SurfaceAnimator.lambda$getFinishedCallback$0:97 com.android.server.wm.-$$Lambda$SurfaceAnimator$SIBia0mND666K8lMCPsoid8pUTI.run:4 com.android.server.wm.SurfaceAnimator.lambda$getFinishedCallback$1:104 com.android.server.wm.-$$Lambda$SurfaceAnimator$vdRZk66hQVbQCvVXEaQCT1kVmFc.onAnimationFinished:4 com.android.server.wm.LocalAnimationAdapter.lambda$startAnimation$0:74 com.android.server.wm.-$$Lambda$LocalAnimationAdapter$X--EomqUvw4qy89IeeTFTH7aCMo.run:4 
05-01 10:42:21.658  2459  2560 E WindowManager: win=Window{248b116 u0 Splash Screen com.example.valuefinder EXITING} destroySurfaces: appStopped=false win.mWindowRemovalAllowed=true win.mRemoveOnExit=true win.mViewVisibility=0 caller=com.android.server.wm.AppWindowToken.destroySurfaces:896 com.android.server.wm.AppWindowToken.destroySurfaces:877 com.android.server.wm.WindowState.onExitAnimationDone:5496 com.android.server.wm.WindowStateAnimator.onAnimationFinished:320 com.android.server.wm.WindowState.onAnimationFinished:5920 com.android.server.wm.-$$Lambda$yVRF8YoeNdTa8GR1wDStVsHu8xM.run:2 com.android.server.wm.SurfaceAnimator.lambda$getFinishedCallback$0:100 
