05-01 10:48:11.910  2459  2560 D SurfaceControl: reparent is called, sc=Surface(name=a71c387 com.example.valuefinder/com.example.valuefinder.MainActivity)/@0xdf58a52, newParentHandle=android.os.BinderProxy@4fd604d, transaction=android.view.SurfaceControl$Transaction@13d2bd9
05-01 10:48:11.910  2459  2560 D SurfaceControl: destroy(transaction), animation-leash is destroyed, sc=Surface(name=Surface(name=a71c387 com.example.valuefinder/com.example.valuefinder.MainActivity)/@0xdf58a52 - animation-leash)/@0x2b8674c, transaction=android.view.SurfaceControl$Transaction@13d2bd9, caller=com.android.server.wm.SurfaceAnimator.reset:344 com.android.server.wm.SurfaceAnimator.lambda$getFinishedCallback$0:97 com.android.server.wm.-$$Lambda$SurfaceAnimator$SIBia0mND666K8lMCPsoid8pUTI.run:4 com.android.server.wm.SurfaceAnimator.lambda$getFinishedCallback$1:104 com.android.server.wm.-$$Lambda$SurfaceAnimator$vdRZk66hQVbQCvVXEaQCT1kVmFc.onAnimationFinished:4 com.android.server.wm.LocalAnimationAdapter.lambda$startAnimation$0:74 com.android.server.wm.-$$Lambda$LocalAnimationAdapter$X--EomqUvw4qy89IeeTFTH7aCMo.run:4 
05-01 10:48:11.911  2459  2560 E WindowManager: win=Window{a71c387 u0 com.example.valuefinder/com.example.valuefinder.MainActivity EXITING} destroySurfaces: appStopped=false win.mWindowRemovalAllowed=true win.mRemoveOnExit=true win.mViewVisibility=0 caller=com.android.server.wm.AppWindowToken.destroySurfaces:896 com.android.server.wm.AppWindowToken.destroySurfaces:877 com.android.server.wm.WindowState.onExitAnimationDone:5496 com.android.server.wm.WindowStateAnimator.onAnimationFinished:320 com.android.server.wm.WindowState.onAnimationFinished:5920 com.android.server.wm.-$$Lambda$yVRF8YoeNdTa8GR1wDStVsHu8xM.run:2 com.android.server.wm.SurfaceAnimator.lambda$getFinishedCallback$0:100 
05-01 10:48:11.911  2459  2560 I WindowManager: Destroying surface Surface(name=com.example.valuefinder/com.example.valuefinder.MainActivity[17417])/@0xd6d92b4 called by com.android.server.wm.WindowStateAnimator.destroySurface:1893 com.android.server.wm.WindowStateAnimator.destroySurfaceLocked:821 com.android.server.wm.WindowState.destroySurfaceUnchecked:3882 com.android.server.wm.WindowState.destroySurface:3863 com.android.server.wm.AppWindowToken.destroySurfaces:896 com.android.server.wm.AppWindowToken.destroySurfaces:877 com.android.server.wm.WindowState.onExitAnimationDone:5496 com.android.server.wm.WindowStateAnimator.onAnimationFinished:320 
05-01 10:48:11.912   702   702 I SurfaceFlinger:      Device | 0x701e433d80 | 0002 | RGBA_8888 |   0.0    0.0 2048.0 1536.0 |    0    0 2048 1536 | com.example.valuefinder/com.example.valuefinder.MainActivity[17417]#0
05-01 10:48:11.912 17417 17417 V InputMethodManager: Starting input: tba=com.example.valuefinder ic=null mNaviBarColor -855310 mIsGetNaviBarColorSuccess true , NavVisible : true , NavTrans : false
05-01 10:48:11.912   702  5273 I SurfaceFlinger: id=4994 Removed com.example.valuefinder/com.example.valuefinder.MainActivity[17417]#1 (0/47)
05-01 10:48:11.912  2459  2560 D WindowManager: clearSavedLeashOnCommit, savedLeash=Surface(name=Surface(name=a71c387 com.example.valuefinder/com.example.valuefinder.MainActivity)/@0xdf58a52 - animation-leash)/@0x2b8674c, caller=com.android.server.wm.WindowContainer.removeImmediately:329 com.android.server.wm.WindowState.removeImmediately:2715 com.android.server.wm.WindowState.destroySurface:3866 com.android.server.wm.AppWindowToken.destroySurfaces:896 com.android.server.wm.AppWindowToken.destroySurfaces:877 com.android.server.wm.WindowState.onExitAnimationDone:5496 
05-01 10:48:11.915   702   702 I Layer   : id=4994 onRemoved com.example.valuefinder/com.example.valuefinder.MainActivity[17417]#1 
05-01 10:48:11.916   702  5273 D Layer   : [a71c387 com.example.valuefinder/com.example.valuefinder.MainActivity#0]::reparent oldParent:[Surface(name=a71c387 com.example.valuefinder/com.example.valuefinder.MainActivity)/@0xdf58a52 - animation-leash#0], newParent:[AppWindowToken{7d3ce90 token=Token{7b65553 ActivityRecord{ab58142 u0 com.example.valuefinder/.MainActivity t986}}}#0]
05-01 10:48:11.916   702  5273 I SurfaceFlinger: id=4999 Removed Surface(name=a71c387 com.example.valuefinder/com.example.valuefinder.MainActivity)/@0xdf58a52 - animation-leash#0 (2/46)
05-01 10:48:11.916   702  5273 I SurfaceFlinger: id=4993 Removed a71c387 com.example.valuefinder/com.example.valuefinder.MainActivity#0 (1/45)
05-01 10:48:11.921  2459  4005 V InputMethodManagerService: windowGainedFocus : reason=WINDOW_FOCUS_GAIN client=android.os.BinderProxy@ba69e52 inputContext=null missingMethods= attribute=android.view.inputmethod.EditorInfo@bc7a702 nm = com.example.valuefinder controlFlags=#100 softInputMode=#20 windowFlags=#81810100
05-01 10:48:11.924   702   702 I SurfaceFlinger:      Device | 0x701e433d80 | 0002 | RGBA_8888 |   0.0    0.0 2048.0 1536.0 |    0    0 2048 1536 | com.example.valuefinder/com.example.valuefinder.MainActivity[17417]#0
05-01 10:48:11.932   702   702 I Layer   : id=4993 onRemoved a71c387 com.example.valuefinder/com.example.valuefinder.MainActivity#0 
05-01 10:48:11.932   702   702 I Layer   : id=4999 onRemoved Surface(name=a71c387 com.example.valuefinder/com.example.valuefinder.MainActivity)/@0xdf58a52 - animation-leash#0 
05-01 10:48:12.618  2459  2641 D WifiTrafficPoller: TrafficStats TxPkts=592008 RxPkts=1648782 TxBytes=223782459 RxBytes=1254549656 , Foreground uid=10406 pkgName=com.example.valuefinder TxPackets=2549 RxPackets=4033 TxBytes=289411 RxBytes=5090412
05-01 10:48:14.750  2459  2612 I clp-JNI : Add pinfo) a545a20 com.example.valuefinder/com.example.valuefinder.MainActivity (server) : AppWindowToken{7d3ce90 token=Token{7b65553 ActivityRecord{ab58142 u0 com.example.valuefinder/.MainActivity t986}}} : 17417 : 10406 : 1
05-01 10:48:14.773  2459  2612 I clp-JNI : Add pinfo) a545a20 com.example.valuefinder/com.example.valuefinder.MainActivity (server) : AppWindowToken{7d3ce90 token=Token{7b65553 ActivityRecord{ab58142 u0 com.example.valuefinder/.MainActivity t986}}} : 17417 : 10406 : 1
05-01 10:48:14.853  2459  4005 D PackageManager: getComponentMetadataForIconTray : com.example.valuefinder.MainActivity does not exist in mServices
05-01 10:48:14.853  2459  4005 D PackageManager: getComponentMetadataForIconTray : com.example.valuefinder.MainActivity does not exist in mProviders
05-01 10:48:14.853  2459  4005 D PackageManager: getComponentMetadataForIconTray : com.example.valuefinder.MainActivity does not exist in mReceivers
05-01 10:48:14.856  4081  4590 I AppIconSolution: return adaptive icon for com.example.valuefinder
05-01 10:48:14.924  2459  4005 V WindowManager: Changing focus from Window{a545a20 u0 com.example.valuefinder/com.example.valuefinder.MainActivity} to null Callers=com.android.server.wm.WindowManagerService.setFocusedApp:3149 com.android.server.am.ActivityManagerService.setResumedActivityUncheckLocked:4559 com.android.server.am.ActivityStack.onActivityStateChanged:560 com.android.server.am.TaskRecord.onActivityStateChanged:2239 
05-01 10:48:14.932  2459  2519 D WindowManager: reportFocusChangedSerialized, focused=false, inTouchMode=true, win=Window{a545a20 u0 com.example.valuefinder/com.example.valuefinder.MainActivity}
05-01 10:48:14.946  2459  2507 V WindowManager: defer hiding client AppWindowToken{7d3ce90 token=Token{7b65553 ActivityRecord{ab58142 u0 com.example.valuefinder/.MainActivity t986}}}, caller=com.android.server.am.ActivityRecord.setVisibility:2017 com.android.server.am.ActivityRecord.setVisible:2025 
05-01 10:48:14.963  2459  4005 D PackageManager: getComponentMetadataForIconTray : com.example.valuefinder.MainActivity does not exist in mServices
05-01 10:48:14.963  2459  4005 D PackageManager: getComponentMetadataForIconTray : com.example.valuefinder.MainActivity does not exist in mProviders
05-01 10:48:14.963  2459  4005 D PackageManager: getComponentMetadataForIconTray : com.example.valuefinder.MainActivity does not exist in mReceivers
05-01 10:48:14.964  4081  4590 I AppIconSolution: return adaptive icon for com.example.valuefinder
05-01 10:48:14.991  2459  2939 V WindowManager: Relayout Window{a545a20 u0 com.example.valuefinder/com.example.valuefinder.MainActivity}: viewVisibility=4 req=1536x2048 {(0,0)(fillxfill) sim={adjust=pan forwardNavigation} ty=BASE_APPLICATION wanim=0x10302ff
05-01 10:48:15.004  2459  2640 D NetSpeedPolicy: fg switch to bg, app uid = 10406 package name = com.example.valuefinder
05-01 10:48:15.004  2459  2640 I NetSpeedPolicy: bg app uid = 10406 packagename com.example.valuefinder
05-01 10:48:15.026  2459  2939 D PackageManager: getComponentMetadataForIconTray : com.example.valuefinder.MainActivity does not exist in mServices
05-01 10:48:15.026  2459  2939 D PackageManager: getComponentMetadataForIconTray : com.example.valuefinder.MainActivity does not exist in mProviders
05-01 10:48:15.026  2459  2939 D PackageManager: getComponentMetadataForIconTray : com.example.valuefinder.MainActivity does not exist in mReceivers
05-01 10:48:15.026  4081  4696 I AppIconSolution: return adaptive icon for com.example.valuefinder
05-01 10:48:15.150  4081  4886 D SuggestedItemsProvider: <ExcludingItems> : (2) [{com.example.valuefinder/com.example.valuefinder.MainActivity} / UserHandle{0}, {com.google.android.apps.docs/com.google.android.apps.docs.app.NewMainProxyActivity} / UserHandle{0}]
05-01 10:48:15.150  4081  4886 D AppIconUtils: createIconInfoFromModel: com.example.valuefinder, null, UserHandle{0}
05-01 10:48:15.215  2459  2560 I WindowManager: Cancelling animation restarting=false, leash=null, surface=Surface(name=AppWindowToken{7d3ce90 token=Token{7b65553 ActivityRecord{ab58142 u0 com.example.valuefinder/.MainActivity t986}}})/@0xfe9d4f0, parent=Surface(name=Task=986)/@0x710fa69
05-01 10:48:15.232  2459  2560 V WindowManager: Setting visibility of Window{a545a20 u0 com.example.valuefinder/com.example.valuefinder.MainActivity EXITING}: false, caller=com.android.server.wm.WindowContainer.sendAppVisibilityToClients:615 com.android.server.wm.AppWindowToken.setClientHidden:469 com.android.server.wm.AppWindowToken.onAnimationFinished:2464 com.android.server.wm.AppWindowToken.setVisibility:560 com.android.server.wm.WindowSurfacePlacer.handleClosingApps:559 
05-01 10:48:15.234  2459  2560 E WindowManager: win=Window{a545a20 u0 com.example.valuefinder/com.example.valuefinder.MainActivity EXITING} destroySurfaces: appStopped=true win.mWindowRemovalAllowed=false win.mRemoveOnExit=false win.mViewVisibility=4 caller=com.android.server.wm.AppWindowToken.destroySurfaces:896 com.android.server.wm.AppWindowToken.destroySurfaces:877 com.android.server.wm.WindowState.onExitAnimationDone:5496 com.android.server.wm.-$$Lambda$01bPtngJg5AqEoOWfW3rWfV7MH4.accept:2 java.util.ArrayList.forEach:1262 com.android.server.wm.AppWindowToken.onAnimationFinished:2479 com.android.server.wm.AppWindowToken.setVisibility:560 
05-01 10:48:15.234  2459  2560 I WindowManager: Destroying surface Surface(name=com.example.valuefinder/com.example.valuefinder.MainActivity[17417])/@0x6d7c65d called by com.android.server.wm.WindowStateAnimator.destroySurface:1893 com.android.server.wm.WindowStateAnimator.destroySurfaceLocked:821 com.android.server.wm.WindowState.destroySurfaceUnchecked:3882 com.android.server.wm.WindowState.destroySurface:3863 com.android.server.wm.AppWindowToken.destroySurfaces:896 com.android.server.wm.AppWindowToken.destroySurfaces:877 com.android.server.wm.WindowState.onExitAnimationDone:5496 com.android.server.wm.-$$Lambda$01bPtngJg5AqEoOWfW3rWfV7MH4.accept:2 
05-01 10:48:15.234   702   762 I SurfaceFlinger: id=4987 Removed com.example.valuefinder/com.example.valuefinder.MainActivity[17417]#0 (0/44)
05-01 10:48:15.245   702   762 W SurfaceFlinger: Attempting to set client state on removed layer: com.example.valuefinder/com.example.valuefinder.MainActivity[17417]#0 [s.what : 40]
05-01 10:48:15.245   702   762 W SurfaceFlinger: Attempting to destroy on removed layer: com.example.valuefinder/com.example.valuefinder.MainActivity[17417]#0
05-01 10:48:15.252   702   702 I Layer   : id=4987 onRemoved com.example.valuefinder/com.example.valuefinder.MainActivity[17417]#0 
05-01 10:48:15.261  2459  2939 V WindowManager: Relayout Window{a545a20 u0 com.example.valuefinder/com.example.valuefinder.MainActivity}: viewVisibility=8 req=1536x2048 {(0,0)(fillxfill) sim={adjust=pan forwardNavigation} ty=BASE_APPLICATION wanim=0x10302ff
05-01 10:56:22.398  2459  2531 D PackageManager: EAS IT Policy com.example.valuefinder isPackageSignedByPlatform = false
05-01 10:56:22.592  2459  2531 D PackageManager: EAS IT Policy com.example.valuefinder isPackageSignedByPlatform = false
05-01 10:56:22.606 17227 17227 D GOS:GameServiceReceiver:  PkgInstallStarted for com.example.valuefinder UserID : 0
05-01 10:56:22.633 17227 19842 D GOS:MainIntentService: onHandleIntent(). type(PACKAGE_CHANGED), changeType(INSTALL_STARTED), packageName(com.example.valuefinder), UserHandle(0), Installed(true)
05-01 10:56:22.633 17227 19842 D GOS:SystemEventReactor: onPackageInstallStarted(). packageName: com.example.valuefinder
05-01 10:56:22.633 17227 19842 D GOS:SystemEventReactor: addPkgDataFromServer(), packageName : com.example.valuefinder
05-01 10:56:22.702  2459  2531 W SELinux : SELinux: set fc_digest(/data/app/com.example.valuefinder-4wmgMzHOgqlRY6E3P545zg==)
05-01 10:56:22.703  2459  2507 I ActivityManager: Force stopping com.example.valuefinder appid=10406 user=-1: installPackageLI
05-01 10:56:22.706  2459  2507 I ActivityManager: Killing 17417:com.example.valuefinder/u0a406 (adj 700): stop com.example.valuefinder,installPackageLI
05-01 10:56:22.725  2459  2507 I ActivityManager:   Force finishing activity ActivityRecord{ab58142 u0 com.example.valuefinder/.MainActivity t986}
05-01 10:56:22.734  2459  2507 I WindowManager: Cancelling animation restarting=false, leash=null, surface=Surface(name=AppWindowToken{7d3ce90 token=Token{7b65553 ActivityRecord{ab58142 u0 com.example.valuefinder/.MainActivity t986}}})/@0xfe9d4f0, parent=Surface(name=Task=986)/@0x710fa69
05-01 10:56:22.743  2459  2507 V WindowManager: Remove Window{a545a20 u0 com.example.valuefinder/com.example.valuefinder.MainActivity}: mSurfaceController=null mAnimatingExit=false mRemoveOnExit=false mHasSurface=false surfaceShowing=false isAnimationSet=false app-animation=false mWillReplaceWindow=false inPendingTransaction=false mDisplayFrozen=false callers=com.android.server.wm.WindowState.removeIfPossible:2803 com.android.server.wm.WindowToken.removeAllWindowsIfPossible:150 com.android.server.wm.AppWindowToken.removeIfPossible:769 com.android.server.wm.AppWindowToken.onRemovedFromDisplay:845 com.android.server.wm.DisplayContent.removeAppToken:1097 com.android.server.wm.AppWindowContainerController.removeContainer:305 
05-01 10:56:22.748   702  5273 I SurfaceFlinger: id=4986 Removed a545a20 com.example.valuefinder/com.example.valuefinder.MainActivity#0 (0/43)
05-01 10:56:22.752   702   702 I Layer   : id=4986 onRemoved a545a20 com.example.valuefinder/com.example.valuefinder.MainActivity#0 
05-01 10:56:22.756   702  5273 I SurfaceFlinger: id=4981 Removed AppWindowToken{7d3ce90 token=Token{7b65553 ActivityRecord{ab58142 u0 com.example.valuefinder/.MainActivity t986}}}#0 (0/42)
05-01 10:56:22.770   702   702 I Layer   : id=4981 onRemoved AppWindowToken{7d3ce90 token=Token{7b65553 ActivityRecord{ab58142 u0 com.example.valuefinder/.MainActivity t986}}}#0 
05-01 10:56:23.644 17227 19842 D GOS:NetworkConnector: getPkgData(), packageName : com.example.valuefinder
05-01 10:56:23.648  2459  2531 I PackageManager: Update package com.example.valuefinder code path from /data/app/com.example.valuefinder-O5TPPKDM9FbxuvRNYueHMA== to /data/app/com.example.valuefinder-4wmgMzHOgqlRY6E3P545zg==; Retain data and using new
05-01 10:56:23.649  2459  2531 I PackageManager: Update package com.example.valuefinder resource path from /data/app/com.example.valuefinder-O5TPPKDM9FbxuvRNYueHMA== to /data/app/com.example.valuefinder-4wmgMzHOgqlRY6E3P545zg==; Retain data and using new
05-01 10:56:23.654  2459  2531 D PackageManager: EAS IT Policy com.example.valuefinder isPackageSignedByPlatform = false
05-01 10:56:23.654  2459  2531 D PackageManager: EAS IT Policy destCodeFile /data/app/com.example.valuefinder-4wmgMzHOgqlRY6E3P545zg==
05-01 10:56:23.962 19850 19850 I         : SS_ART_lib [I]: permission is absent: /data/app/com.example.valuefinder-4wmgMzHOgqlRY6E3P545zg==/base.apk
05-01 10:56:23.975  2459  2531 I PackageManager.DexOptimizer: Running dexopt (dexoptNeeded=1) on: /data/app/com.example.valuefinder-4wmgMzHOgqlRY6E3P545zg==/base.apk pkg=com.example.valuefinder isa=arm64 dexoptFlags=boot_complete,profile_guided,public,enable_hidden_api_checks targetFilter=speed-profile oatDir=/data/app/com.example.valuefinder-4wmgMzHOgqlRY6E3P545zg==/oat classLoaderContext=PCL[] dexMetadataPath=null
05-01 10:56:23.976  1108  2572 V installed: DexInv: --- BEGIN '/data/app/com.example.valuefinder-4wmgMzHOgqlRY6E3P545zg==/base.apk' ---
05-01 10:56:24.218 19852 19852 I dex2oat : /system/bin/dex2oat --input-vdex-fd=-1 --output-vdex-fd=17 --compiler-filter=speed-profile --classpath-dir=/data/app/com.example.valuefinder-4wmgMzHOgqlRY6E3P545zg== --class-loader-context=PCL[] --generate-mini-debug-info --compact-dex-level=none --compilation-reason=install
05-01 10:56:28.296 17227 19842 D GOS:NetworkConnector: doDirectly(), Response, responseCode: 200, URL: https://service.game-mode.net/gamemode/v3/packages/?type=install&device_name=gts3llte&package_names=com.example.valuefinder, response: {"code":"201001","message":"Success","packages":[{"package_name":"com.example.valuefinder","category_code":"undefined","game_genre":"N/A","device_group":"gts3l","game_oracle_cache":false,"cache":false}]}
05-01 10:56:28.296 17227 19842 D GOS:NetworkConnector: getPkgData(), request: https://service.game-mode.net/gamemode/v3/packages/?type=install&device_name=gts3llte&package_names=com.example.valuefinder, response: {"code":"201001","message":"Success","packages":[{"package_name":"com.example.valuefinder","category_code":"undefined","game_genre":"N/A","device_group":"gts3l","game_oracle_cache":false,"cache":false}]}
05-01 10:56:28.296 17227 19842 D GOS:ResponseParser: parsePkgDataList(), response: {"code":"201001","message":"Success","packages":[{"package_name":"com.example.valuefinder","category_code":"undefined","game_genre":"N/A","device_group":"gts3l","game_oracle_cache":false,"cache":false}]}
05-01 10:56:28.296 17227 19842 D GOS:ResponseParser: parsePkgDataList(), pkgArray: [{"package_name":"com.example.valuefinder","category_code":"undefined","game_genre":"N\/A","device_group":"gts3l","game_oracle_cache":false,"cache":false}]
05-01 10:56:28.296 17227 19842 D GOS:ResponseParser: parsePkgDataJsonObj(), packageName: com.example.valuefinder
05-01 10:56:28.331 17227 19842 D GOS:PkgData: PkgData(), pkgName: com.example.valuefinder
05-01 10:56:28.331 17227 19842 D GOS:PkgData: setCustomFeatureFlag, pkgName: com.example.valuefinder, old featureFlag: 342277969730895875, new featureFlag: 342277969730895875
05-01 10:56:28.334 17227 19842 D GOS:ResponseParser: parsePkgDataJsonObj(), pkgName: com.example.valuefinder, customFeatureFlag: 342277969730895875
05-01 10:56:28.334 17227 19842 D GOS:ResponseParser: parsePkgDataJsonObj(), get data from existingPkgData, pkgName: com.example.valuefinder, customFeatureFlag: 342277969730895875
05-01 10:56:28.335 17227 19842 D GOS:PkgData: PkgData(), pkgName: com.example.valuefinder
05-01 10:56:28.335 17227 19842 D GOS:PkgData: setCustomFeatureFlag, pkgName: com.example.valuefinder, old featureFlag: 342277969730895875, new featureFlag: 342277969730895875
05-01 10:56:28.350 17227 19842 D GOS:PackageDAO: updateTimeStamp(): com.example.valuefinder
05-01 10:56:28.366 17227 19842 D GOS:SystemEventReactor: addPkgDataFromServer(), A package was added : com.example.valuefinder as undefined
05-01 10:56:28.373 17227 19842 D GOS:PkgData: PkgData(), pkgName: com.example.valuefinder
05-01 10:56:28.373 17227 19842 D GOS:PkgData: setCustomFeatureFlag, pkgName: com.example.valuefinder, old featureFlag: 342277969730895875, new featureFlag: 342277969730895875
05-01 10:56:30.884 19852 19863 I chatty  : uid=50406(com.example.valuefinder) identical 1 line
05-01 10:56:31.680 19852 19852 W dex2oat : Verification of void com.example.valuefinder.ui.DetailsScreenKt.DetailsScreen(com.example.valuefinder.ValuedItem, java.util.List, java.util.List, java.util.List, kotlin.jvm.functions.Function2, kotlin.jvm.functions.Function3, kotlin.jvm.functions.Function2, kotlin.jvm.functions.Function2, kotlin.jvm.functions.Function0, kotlin.jvm.functions.Function0, kotlin.jvm.functions.Function0, kotlin.jvm.functions.Function1, boolean, kotlin.jvm.functions.Function1, com.example.valuefinder.ui.ThemeMode, kotlin.jvm.functions.Function1, kotlin.jvm.functions.Function1, kotlin.jvm.functions.Function2, kotlin.jvm.functions.Function1, kotlin.jvm.functions.Function2, androidx.compose.runtime.Composer, int, int) took 119.760ms
05-01 10:56:35.499 19852 19852 D dex2oat : <SS>: trying at /data/app/com.example.valuefinder-4wmgMzHOgqlRY6E3P545zg==/base.apk
05-01 10:56:35.499 19852 19852 D dex2oat : <SS>: going to process manifest for 64-bit.../data/app/com.example.valuefinder-4wmgMzHOgqlRY6E3P545zg==/base.apk
05-01 10:56:35.500 19852 19852 I         : SS_ART_lib [I]: permission is absent: /data/app/com.example.valuefinder-4wmgMzHOgqlRY6E3P545zg==/base.apk
05-01 10:56:35.541  1108  2572 V installed: DexInv: --- END '/data/app/com.example.valuefinder-4wmgMzHOgqlRY6E3P545zg==/base.apk' (success) ---
05-01 10:56:35.565  2459  2531 I PackageManager.DexOptimizer: do mInstaller.syncDexopt : com.example.valuefinder
05-01 10:56:36.364  2459  2531 I ActivityManager: Force stopping com.example.valuefinder appid=10406 user=0: pkg removed
05-01 10:56:36.450  2179  2179 D BeaconManager[9.1.30.0]: BeaconService.PackageReceiver - action:android.intent.action.PACKAGE_REMOVED, package:com.example.valuefinder
05-01 10:56:36.462  2459  2506 D MediaSessionService: Received change in packages, intent=Intent { act=android.intent.action.PACKAGE_REMOVED dat=package:com.example.valuefinder flg=0x4000010 (has extras) }
05-01 10:56:36.463  2459  2506 D MetaDataCollector: onReceive: done pkgName=com.example.valuefinder
05-01 10:56:36.536  2763  2763 D MetaDataParser: removePackage() key = com.example.valuefinder
05-01 10:56:36.556  2763  2763 D MetaDataParser: updatePackage() com.example.valuefinder true
05-01 10:56:36.562  2878  2935 D PackageInfoManager_FLP: action : ACTION_PACKAGE_REMOVED, packageName = com.example.valuefinder
05-01 10:56:36.565  2763  2763 D MetaDataParser: removePackage() key = com.example.valuefinder
05-01 10:56:36.568  2878  2935 D PackageInfoManager_FLP: action : ACTION_PACKAGE_ADDED, packageName = com.example.valuefinder
05-01 10:56:36.579  2179  2179 D BeaconManager[9.1.30.0]: BeaconService.PackageReceiver - action:android.intent.action.PACKAGE_ADDED, package:com.example.valuefinder
05-01 10:56:36.580  9323  9323 I Finsky  : [2] AIM: AppInfoCacheUpdater -> invalidating apps: [com.example.valuefinder]
05-01 10:56:36.584  9323  9357 I Finsky  : [14186] AIM: AppInfoManager-Perf > OnDeviceAppInfo > cacheHitCount=0, cacheMissCount=1. Missed  in cache (limit 10) : [com.example.valuefinder]
05-01 10:56:36.622  2459  4928 W BroadcastQueue: Background execution not allowed: receiving Intent { act=android.intent.action.PACKAGE_REMOVED dat=package:com.example.valuefinder flg=0x4000010 (has extras) } to com.samsung.android.securitylogagent/com.samsung.android.apppermissionmonitor.APMApplist$APMPackageRemove
05-01 10:56:36.624  2957  2957 D ImsServiceStub: packageStatus : android.intent.action.PACKAGE_REPLACED, packageName : com.example.valuefinder
05-01 10:56:36.665  2459  4004 I ActivityManager: Force stopping com.example.valuefinder appid=10406 user=0: from pid 19891 caller com.android.server.am.ActivityManagerShellCommand.runForceStop:967 
05-01 10:56:36.683  2459  4004 D GameManagerService: identifyGamePackage. com.example.valuefinder
05-01 10:56:36.683  2459  4004 D GamePkgDataHelper: getGamePkgData(). com.example.valuefinder
05-01 10:56:36.705  2982  2982 I VVM.VvmPkgInstalledRcvr: onReceive() : action android.intent.action.PACKAGE_REMOVED packageName :com.example.valuefinder
05-01 10:56:36.745 17558 17611 I Finsky:background: [14456] IQ:PSL: skipping onPackageRemoved(replacing=true) for untracked package=com.example.valuefinder
05-01 10:56:36.777  2459  4928 W BroadcastQueue: Background execution not allowed: receiving Intent { act=android.intent.action.PACKAGE_REMOVED dat=package:com.example.valuefinder flg=0x4000010 (has extras) } to android/com.kddi.android.CpaNotiReceiver
05-01 10:56:36.782  2459  2459 D SdpManagerService.receiver: On android.intent.action.PACKAGE_REMOVED : DATA = package:com.example.valuefinder, UID = 10406, UserId = 0, Is replacing? true
05-01 10:56:36.783  2459  2507 W BroadcastQueue: Background execution not allowed: receiving Intent { act=android.intent.action.PACKAGE_REMOVED dat=package:com.example.valuefinder flg=0x4000010 (has extras) } to com.android.vending/com.google.android.finsky.packagemonitor.impl.PackageMonitorReceiverImpl$RegisteredReceiver
05-01 10:56:36.783  2459  2507 W BroadcastQueue: Background execution not allowed: receiving Intent { act=android.intent.action.PACKAGE_REMOVED dat=package:com.example.valuefinder flg=0x4000010 (has extras) } to com.android.vending/com.google.android.finsky.packagemonitor.backgroundimpl.BackgroundPackageMonitorReceiverImpl$RegisteredReceiver
05-01 10:56:36.783  2459  2507 W BroadcastQueue: Background execution not allowed: receiving Intent { act=android.intent.action.PACKAGE_REMOVED dat=package:com.example.valuefinder flg=0x4000010 (has extras) } to com.google.android.apps.maps/com.google.android.libraries.social.peoplekit.thirdparty.viewcontrollers.ThirdPartyReceiver
05-01 10:56:36.783  2459  2507 W BroadcastQueue: Background execution not allowed: receiving Intent { act=android.intent.action.PACKAGE_REMOVED dat=package:com.example.valuefinder flg=0x4000010 (has extras) } to com.google.android.apps.photos/com.google.android.libraries.social.peoplekit.thirdparty.viewcontrollers.ThirdPartyReceiver
05-01 10:56:36.785  2459  2507 W BroadcastQueue: Background execution not allowed: receiving Intent { act=android.intent.action.PACKAGE_REMOVED dat=package:com.example.valuefinder flg=0x4000010 (has extras) } to com.google.android.gms/.chimera.GmsIntentOperationService$PersistentTrustedReceiver
05-01 10:56:36.786  2459  2507 W BroadcastQueue: Background execution not allowed: receiving Intent { act=android.intent.action.PACKAGE_REMOVED dat=package:com.example.valuefinder flg=0x4000010 (has extras) } to com.google.android.videos/com.google.android.libraries.social.peoplekit.thirdparty.viewcontrollers.ThirdPartyReceiver
05-01 10:56:36.786  2459  2507 W BroadcastQueue: Background execution not allowed: receiving Intent { act=android.intent.action.PACKAGE_REMOVED dat=package:com.example.valuefinder flg=0x4000010 (has extras) } to com.samsung.accessibility/.assistantmenu.AssistantMenuReceiver
05-01 10:56:36.787  2459  2507 W BroadcastQueue: Background execution not allowed: receiving Intent { act=android.intent.action.PACKAGE_REMOVED dat=package:com.example.valuefinder flg=0x4000010 (has extras) } to com.samsung.android.app.soundpicker/.HunReceiver
05-01 10:56:36.809  2459  2515 V MARsPolicyManager: onPackageStatusChange packageName = com.example.valuefinder, uid = 10406
05-01 10:56:36.943  2982  2982 I VVM.VvmPkgInstalledRcvr: onReceive() : action android.intent.action.PACKAGE_ADDED packageName :com.example.valuefinder
05-01 10:56:36.993  2459  4004 I ActivityManager: START u0 {act=null typ=null flg=0x10000000 cmp=ComponentInfo{com.example.valuefinder/com.example.valuefinder.MainActivity}} from uid 2000
05-01 10:56:37.008  2982  2982 D ImsResolver: maybeAddedImsService, packageName: com.example.valuefinder
05-01 10:56:37.031  9323  9323 I Finsky  : [2] AIM: AppInfoCacheUpdater -> invalidating apps: [com.example.valuefinder]
05-01 10:56:37.087  9323  9360 I Finsky  : [14189] AIM: AppInfoManager-Perf > OnDeviceAppInfo > cacheHitCount=0, cacheMissCount=1. Missed  in cache (limit 10) : [com.example.valuefinder]
05-01 10:56:37.373  2459  4004 I ActivityManager: [IOP] sourceDir : /data/app/com.example.valuefinder-4wmgMzHOgqlRY6E3P545zg== in ActivityStacksupervisor
05-01 10:56:37.454   702   765 I SurfaceFlinger: id=5006 createSurf (4096x4096),2 flag=4, AppWindowToken{ef7874e token=Token{8b2a249 ActivityRecord{aabb050 u0 com.example.valuefinder/.MainActivity t987}}}#0
05-01 10:56:37.517  2459  2641 D WifiTrafficPoller: TrafficStats TxPkts=592443 RxPkts=1652013 TxBytes=223908057 RxBytes=1255236121 , Foreground uid=10406 pkgName=com.example.valuefinder TxPackets=2549 RxPackets=4033 TxBytes=289411 RxBytes=5090412
05-01 10:56:37.531  2459  2939 D StorageManagerService: getExternalStorageMountMode : final mountMode=3, uid : 10406, packageName : com.example.valuefinder
05-01 10:56:37.531  2459  2939 D ActivityManager: package  com.example.valuefinder, user - 0 is SDcard whitelisted
05-01 10:56:37.750  2459  2509 I ActivityManager: Start proc 19998:com.example.valuefinder/u0a406 for activity com.example.valuefinder/.MainActivity
05-01 10:56:37.754  4081 32603 W ziparchive: Unable to open '/data/app/com.example.valuefinder-O5TPPKDM9FbxuvRNYueHMA==/base.apk': No such file or directory
05-01 10:56:37.754  4081 32603 E id.app.launche: Failed to open APK '/data/app/com.example.valuefinder-O5TPPKDM9FbxuvRNYueHMA==/base.apk' I/O error
05-01 10:56:37.755  4081 32603 E ResourcesManager: failed to add asset path /data/app/com.example.valuefinder-O5TPPKDM9FbxuvRNYueHMA==/base.apk
05-01 10:56:37.755  4081 32603 W PackageManager: Failure retrieving resources for com.example.valuefinder
05-01 10:56:37.755  4081 32603 W ziparchive: Unable to open '/data/app/com.example.valuefinder-O5TPPKDM9FbxuvRNYueHMA==/base.apk': No such file or directory
05-01 10:56:37.755  4081 32603 E id.app.launche: Failed to open APK '/data/app/com.example.valuefinder-O5TPPKDM9FbxuvRNYueHMA==/base.apk' I/O error
05-01 10:56:37.755  4081 32603 E ResourcesManager: failed to add asset path /data/app/com.example.valuefinder-O5TPPKDM9FbxuvRNYueHMA==/base.apk
05-01 10:56:37.756  4081 32603 W PackageManager: Failure retrieving resources for com.example.valuefinder
05-01 10:56:37.758  4081 32603 W ziparchive: Unable to open '/data/app/com.example.valuefinder-O5TPPKDM9FbxuvRNYueHMA==/base.apk': No such file or directory
05-01 10:56:37.758  4081 32603 E id.app.launche: Failed to open APK '/data/app/com.example.valuefinder-O5TPPKDM9FbxuvRNYueHMA==/base.apk' I/O error
05-01 10:56:37.758  4081 32603 E ResourcesManager: failed to add asset path /data/app/com.example.valuefinder-O5TPPKDM9FbxuvRNYueHMA==/base.apk
05-01 10:56:37.759  4081 32603 W PackageManager: Failure retrieving resources for com.example.valuefinder
05-01 10:56:37.867  2459  4791 I ActivityManager: DSS on for com.example.valuefinder and scale is 1.0
05-01 10:56:37.880  2459  4791 D GamePkgDataHelper: notifyAppCreate(), pkgName: com.example.valuefinder, sendRet: true
05-01 10:56:37.880  2459  2735 D GamePkgDataHelper: getGamePkgData(). com.example.valuefinder
05-01 10:56:37.880  2459  2735 D GameManagerService: handleMessage(), MSG_APP_CREATE. ignore. pkgName: com.example.valuefinder
05-01 10:56:37.887  2459  4791 D GamePkgDataHelper: getSosPolicy(). com.example.valuefinder
05-01 10:56:37.888  2459  4791 D GameManagerService: noteResumeComponent(), resumeComponent: com.example.valuefinder
05-01 10:56:37.888  2459  4791 D MARsPolicyManager: onPackageResumedFG pkgName = com.example.valuefinder, userId = 0
05-01 10:56:37.888  2459  4005 D GamePkgDataHelper: getGamePkgDataIncServer(). com.example.valuefinder
05-01 10:56:37.888  2459  6471 D GameManagerService: identifyGamePackage. com.example.valuefinder
05-01 10:56:37.888  2459  6471 D GamePkgDataHelper: getGamePkgData(). com.example.valuefinder
05-01 10:56:37.894  2459  2735 D GameManagerService: handleForegroundChange(). pkgName: com.example.valuefinder, clsName: com.example.valuefinder.MainActivity,FgActivityName:com.example.valuefinder/.MainActivity,userID:0
05-01 10:56:37.894  2459  2735 D GameManagerService:   handleForegroundChange(). set mFgApp: com.example.valuefinder
05-01 10:56:37.894  2459  2735 D GameManagerService: notifyResumePause(). pkg: com.example.valuefinder, type: 4, isMinimized: false, isTunableApp: false
05-01 10:56:37.912  2459  2508 I PerfSDKService: Current foregroundpackage name : com.example.valuefinder
05-01 10:56:37.913  2459  2508 D HardcoderService: FG change to com.example.valuefinder (10406, 19998)
05-01 10:56:37.914  2459  2640 D NetSpeedPolicy: fg app list add new app uid = 10406 package name = com.example.valuefinder
05-01 10:56:37.921  2459  4005 D GamePkgDataHelper: getSosPolicy(). com.example.valuefinder
05-01 10:56:37.923  2459  2508 D CodecSolution: isMaxAspectPackageEx: com.example.valuefinder : false(0)
05-01 10:56:37.943  2459  4788 D GameManagerService: identifyGamePackage. com.example.valuefinder
05-01 10:56:37.943  2459  4788 D GamePkgDataHelper: getGamePkgData(). com.example.valuefinder
05-01 10:56:38.028 19988 19988 D WMStubBroadCastReceiver: ACTION_PACKAGE_REMOVED : com.example.valuefinder, upgrade : true
05-01 10:56:38.029  2459  5119 W BroadcastQueue: Background execution not allowed: receiving Intent { act=android.intent.action.PACKAGE_REMOVED dat=package:com.example.valuefinder flg=0x4000010 (has extras) } to com.samsung.android.knox.containeragent/.KnoxPackageStateReceiver
05-01 10:56:38.067  2459  2923 D MdnieScenarioControlService:  packageName : com.example.valuefinder    className : com.example.valuefinder.MainActivity
05-01 10:56:38.159   702   762 I SurfaceFlinger: id=5007 createSurf (4096x4096),2 flag=4, fdf9c74 Splash Screen com.example.valuefinder#0
05-01 10:56:38.184  2459  2560 V WindowManager: Relayout Window{fdf9c74 u0 Splash Screen com.example.valuefinder}: viewVisibility=0 req=1536x2048 {(0,0)(fillxfill) sim={adjust=pan} ty=APPLICATION_STARTING wanim=0x10302ff
05-01 10:56:38.186  2459  2560 V WindowManager: Resize reasons for w=Window{fdf9c74 u0 Splash Screen com.example.valuefinder}:  contentInsetsChanged=false [0,48][0,0] visibleInsetsChanged=false [0,48][0,0] stableInsetsChanged=false [0,48][0,0] outsetsChanged=false [0,0][0,0] surfaceResized=false configChanged=true dragResizingChanged=false reportOrientationChanged=false displayCutoutChanged=false nextForceRelayoutToClient=false
05-01 10:56:38.192   702   762 I SurfaceFlinger: id=5008 createSurf (1536x2048),1 flag=404, Splash Screen com.example.valuefinder#0
05-01 10:56:38.195  2459  2560 D WindowManager: makeSurface duration=5 name=Splash Screen com.example.valuefinder
05-01 10:56:38.420   702   762 I SurfaceFlinger: id=5009 createSurf (4096x4096),2 flag=4, f65c42f com.example.valuefinder/com.example.valuefinder.MainActivity#0
05-01 10:56:38.464  2459  2560 D WindowManager: finishDrawingWindow: Window{fdf9c74 u0 Splash Screen com.example.valuefinder} mDrawState=DRAW_PENDING
05-01 10:56:38.472  2459  2560 I WindowManager: commitFinishDrawingLocked: mDrawState=READY_TO_SHOW Surface(name=Splash Screen com.example.valuefinder)/@0xcb40a27
05-01 10:56:38.479  2459  2560 I WindowManager: Cancelling animation restarting=false, leash=null, surface=Surface(name=AppWindowToken{ef7874e token=Token{8b2a249 ActivityRecord{aabb050 u0 com.example.valuefinder/.MainActivity t987}}})/@0x27db67d, parent=Surface(name=Task=987)/@0xecef972
05-01 10:56:38.480  2459  2560 V WindowManager: performShowLocked: mDrawState=HAS_DRAWN in Window{fdf9c74 u0 Splash Screen com.example.valuefinder}
05-01 10:56:38.498  2459  2508 D WindowManager: setSystemUiVisibility: vis= 0x18, fullscreenVis= 0x0, dockedVis= 0x0, win=Window{fdf9c74 u0 Splash Screen com.example.valuefinder}
05-01 10:56:38.521   702   702 I SurfaceFlinger:      Client | 0x701e433f00 | 0002 | RGBA_8888 |   0.0    0.0 1536.0 2048.0 |    0    0 2048 1536 | Splash Screen com.example.valuefinder#0
05-01 10:56:38.687  2459  2459 D ApplicationPolicy: checkExternalStoragePkg - uid - 1000, key - PackageNameExternalStorageWhiteList, packageName- com.example.valuefinder
05-01 10:56:38.687  2459  2459 D ApplicationPolicy: checkExternalStoragePkg - uid - 1000, key - PackageNameExternalStorageBlackList, packageName- com.example.valuefinder
05-01 10:56:38.687  2459  2459 D ApplicationPolicy: checkExternalStoragePkg - uid - 10018, key - PackageNameExternalStorageWhiteList, packageName- com.example.valuefinder
05-01 10:56:38.687  2459  2459 D ApplicationPolicy: checkExternalStoragePkg - uid - 10018, key - PackageNameExternalStorageBlackList, packageName- com.example.valuefinder
05-01 10:56:38.687  2459  2459 D ApplicationPolicy: checkExternalStoragePkg - uid - 10028, key - PackageNameExternalStorageWhiteList, packageName- com.example.valuefinder
05-01 10:56:38.688  2459  2459 D ApplicationPolicy: checkExternalStoragePkg - uid - 10028, key - PackageNameExternalStorageBlackList, packageName- com.example.valuefinder
05-01 10:56:38.697  2459  2459 I PersonaManagerService::Proxy: newPackage is com.example.valuefinder
05-01 10:56:38.829  2459  4928 W BroadcastQueue: Background execution not allowed: receiving Intent { act=android.intent.action.PACKAGE_REMOVED dat=package:com.example.valuefinder flg=0x4000010 (has extras) } to com.samsung.cmh/.core.ClearDataReceiver
05-01 10:56:38.834  2459  2507 W BroadcastQueue: Background execution not allowed: receiving Intent { act=android.intent.action.PACKAGE_REMOVED dat=package:com.example.valuefinder flg=0x4000010 (has extras) } to com.sec.android.app.samsungapps/com.samsung.android.iap.receiver.IapReceiver
05-01 10:56:39.019  2459  2459 D RCPManagerService: App Installed with packageNAme = com.example.valuefinder
05-01 10:56:39.060  2459  2515 V MARsPolicyManager: onPackageStatusChange packageName = com.example.valuefinder, uid = 10406
05-01 10:56:39.076  2459  2459 D SamsungAlarmManager: Remove alarm for next reason : android.intent.action.PACKAGE_RESTARTED : package: com.example.valuefinder
05-01 10:56:39.092  2459  2516 D MARsDBManager: doInsertPkg com.example.valuefinder
05-01 10:56:39.092  2459  2516 D MARsDBManager: doInsertPkg com.example.valuefinder(uid : 10406) is already exist in DB!
05-01 10:56:39.108  2459  2459 D KnoxMUMContainerPolicy: packageInstalledForSBAExternalStorage com.example.valuefinder
05-01 10:56:39.113 20078 20078 D PacakageChanageReceiver: The DATA: package:com.example.valuefinder
05-01 10:56:39.133  2459  2459 D GameManagerService: MultiWindowEventListener.onFocusStackChanged(), state=0, top=ComponentInfo{com.example.valuefinder/com.example.valuefinder.MainActivity}
05-01 10:56:39.134  2459  2459 D Telecom:SamsungPrebindingServiceImpl: onTopActivityChanged : ComponentInfo{com.example.valuefinder/com.example.valuefinder.MainActivity}
05-01 10:56:39.135  2459  2735 D GameManagerService: handleForegroundChange(). pkgName: com.example.valuefinder, clsName: com.example.valuefinder.MainActivity,FgActivityName:com.example.valuefinder/.MainActivity,userID:0
05-01 10:56:39.137  2459  4928 W BroadcastQueue: Background execution not allowed: receiving Intent { act=android.intent.action.PACKAGE_REMOVED dat=package:com.example.valuefinder flg=0x4000010 (has extras) } to com.sec.imsservice/com.sec.internal.ims.imsservice.ImsIntentReceiver
05-01 10:56:39.207  2459  4008 W BroadcastQueue: Background execution not allowed: receiving Intent { act=android.intent.action.PACKAGE_ADDED dat=package:com.example.valuefinder flg=0x4000010 (has extras) } to com.android.vending/com.google.android.finsky.packagemonitor.impl.PackageMonitorReceiverImpl$RegisteredReceiver
05-01 10:56:39.209  2459  2507 W BroadcastQueue: Background execution not allowed: receiving Intent { act=android.intent.action.PACKAGE_ADDED dat=package:com.example.valuefinder flg=0x4000010 (has extras) } to com.android.vending/com.google.android.finsky.packagemonitor.backgroundimpl.BackgroundPackageMonitorReceiverImpl$RegisteredReceiver
05-01 10:56:39.209  2459  2507 W BroadcastQueue: Background execution not allowed: receiving Intent { act=android.intent.action.PACKAGE_ADDED dat=package:com.example.valuefinder flg=0x4000010 (has extras) } to com.google.android.gms/.gass.chimera.PackageChangeBroadcastReceiver
05-01 10:56:39.209  2459  2507 W BroadcastQueue: Background execution not allowed: receiving Intent { act=android.intent.action.PACKAGE_ADDED dat=package:com.example.valuefinder flg=0x4000010 (has extras) } to com.google.android.gms/.chimera.GmsIntentOperationService$PersistentTrustedReceiver
05-01 10:56:39.210  2459  2507 W BroadcastQueue: Background execution not allowed: receiving Intent { act=android.intent.action.PACKAGE_ADDED dat=package:com.example.valuefinder flg=0x4000010 (has extras) } to com.samsung.accessibility/.assistantmenu.AssistantMenuReceiver
05-01 10:56:39.210  2459  2507 W BroadcastQueue: Background execution not allowed: receiving Intent { act=android.intent.action.PACKAGE_ADDED dat=package:com.example.valuefinder flg=0x4000010 (has extras) } to com.samsung.android.app.soundpicker/.HunReceiver
05-01 10:56:39.214  2459  2507 W BroadcastQueue: Background execution not allowed: receiving Intent { act=android.intent.action.PACKAGE_ADDED dat=package:com.example.valuefinder flg=0x4000010 (has extras) } to com.samsung.android.knox.containeragent/.KnoxPackageStateReceiver
05-01 10:56:39.285  2459  3972 W BroadcastQueue: Background execution not allowed: receiving Intent { act=android.intent.action.PACKAGE_ADDED dat=package:com.example.valuefinder flg=0x4000010 (has extras) } to com.samsung.knox.securefolder/.containeragent.detector.KnoxPackageStateReceiver
05-01 10:56:39.289  2459  2507 W BroadcastQueue: Background execution not allowed: receiving Intent { act=android.intent.action.PACKAGE_ADDED dat=package:com.example.valuefinder flg=0x4000010 (has extras) } to com.sec.android.app.samsungapps/.receiver.PackageAddedReceiver
05-01 10:56:39.296 20078 20078 D PacakageChanageReceiver: The DATA: package:com.example.valuefinder
05-01 10:56:39.311  2459  3972 W BroadcastQueue: Background execution not allowed: receiving Intent { act=android.intent.action.PACKAGE_ADDED dat=package:com.example.valuefinder flg=0x4000010 (has extras) } to com.sec.imsservice/com.sec.internal.ims.imsservice.ImsIntentReceiver
05-01 10:56:39.315  2459  2507 W BroadcastQueue: Background execution not allowed: receiving Intent { act=android.intent.action.PACKAGE_ADDED dat=package:com.example.valuefinder flg=0x4000010 (has extras) } to com.facebook.katana/com.facebook.feed.platformads.AppInstallReceiver
05-01 10:56:39.434  2459  2923 D MdnieScenarioControlService:  packageName : com.example.valuefinder    className : com.example.valuefinder.MainActivity
05-01 10:56:39.573 19998 19998 I chatty  : uid=10406(com.example.valuefinder) identical 1 line
05-01 10:56:39.961  2459  3972 V WindowManager: Relayout Window{f65c42f u0 com.example.valuefinder/com.example.valuefinder.MainActivity}: viewVisibility=0 req=1536x2048 {(0,0)(fillxfill) sim={adjust=pan forwardNavigation} ty=BASE_APPLICATION wanim=0x10302ff
05-01 10:56:39.964  2459  3972 V WindowManager: Resize reasons for w=Window{f65c42f u0 com.example.valuefinder/com.example.valuefinder.MainActivity}:  contentInsetsChanged=false [0,48][0,0] visibleInsetsChanged=false [0,48][0,0] stableInsetsChanged=false [0,48][0,0] outsetsChanged=false [0,0][0,0] surfaceResized=false configChanged=true dragResizingChanged=false reportOrientationChanged=false displayCutoutChanged=false nextForceRelayoutToClient=false
05-01 10:56:39.969   702  5273 I SurfaceFlinger: id=5010 createSurf (1536x2048),1 flag=404, com.example.valuefinder/com.example.valuefinder.MainActivity[19998]#0
05-01 10:56:39.970  2459  3972 D WindowManager: makeSurface duration=3 name=com.example.valuefinder/com.example.valuefinder.MainActivity[19998]
05-01 10:56:39.971  2459  3972 V WindowManager: Changing focus from null to Window{f65c42f u0 com.example.valuefinder/com.example.valuefinder.MainActivity} Callers=com.android.server.wm.WindowManagerService.relayoutWindow:2536 com.android.server.wm.Session.relayoutForTranslate:308 android.view.IWindowSession$Stub.onTransact:518 com.android.server.wm.Session.onTransact:192 
05-01 10:56:39.976  2459  2519 D WindowManager: reportFocusChangedSerialized, focused=true, inTouchMode=true, win=Window{f65c42f u0 com.example.valuefinder/com.example.valuefinder.MainActivity}
05-01 10:56:40.313  2459  4008 W BroadcastQueue: Background execution not allowed: receiving Intent { act=android.intent.action.PACKAGE_REPLACED dat=package:com.example.valuefinder flg=0x4000010 (has extras) } to com.google.android.gms/.gass.chimera.PackageChangeBroadcastReceiver
05-01 10:56:40.340  2459  2507 W BroadcastQueue: Background execution not allowed: receiving Intent { act=android.intent.action.PACKAGE_REPLACED dat=package:com.example.valuefinder flg=0x4000010 (has extras) } to com.google.android.gms/.chimera.GmsIntentOperationService$PersistentTrustedReceiver
05-01 10:56:40.341  2459  2507 W BroadcastQueue: Background execution not allowed: receiving Intent { act=android.intent.action.PACKAGE_REPLACED dat=package:com.example.valuefinder flg=0x4000010 (has extras) } to com.samsung.accessibility/.assistantmenu.AssistantMenuReceiver
05-01 10:56:40.341  2459  2507 W BroadcastQueue: Background execution not allowed: receiving Intent { act=android.intent.action.PACKAGE_REPLACED dat=package:com.example.valuefinder flg=0x4000010 (has extras) } to com.samsung.android.beaconmanager/.BeaconBroadcastReceiver
05-01 10:56:40.342  2459  2507 W BroadcastQueue: Background execution not allowed: receiving Intent { act=android.intent.action.PACKAGE_REPLACED dat=package:com.example.valuefinder flg=0x4000010 (has extras) } to com.samsung.android.calendar/com.samsung.android.app.calendar.model.settings.receiver.UpdateReceiver
05-01 10:56:40.342  2459  2507 W BroadcastQueue: Background execution not allowed: receiving Intent { act=android.intent.action.PACKAGE_REPLACED dat=package:com.example.valuefinder flg=0x4000010 (has extras) } to com.sec.android.app.samsungapps/.receiver.PackageAddedReceiver
05-01 10:56:40.343  2459  2507 W BroadcastQueue: Background execution not allowed: receiving Intent { act=android.intent.action.PACKAGE_REPLACED dat=package:com.example.valuefinder flg=0x4000010 (has extras) } to com.sec.android.app.samsungapps/com.samsung.android.iap.receiver.IapReceiver
05-01 10:56:40.357 20078 20078 D PacakageChanageReceiver: The DATA: package:com.example.valuefinder
05-01 10:56:40.358  2459  3972 W BroadcastQueue: Background execution not allowed: receiving Intent { act=android.intent.action.PACKAGE_REPLACED dat=package:com.example.valuefinder flg=0x4000010 (has extras) } to com.sec.imsservice/com.sec.internal.tapi.service.receiver.PackageEventReceiver
05-01 10:56:40.370  2459  2507 W BroadcastQueue: Background execution not allowed: receiving Intent { act=android.intent.action.PACKAGE_REPLACED dat=package:com.example.valuefinder flg=0x4000010 (has extras) } to com.sec.imsservice/com.sec.internal.ims.imsservice.ImsIntentReceiver
05-01 10:56:40.379  2459  2507 W BroadcastQueue: Background execution not allowed: receiving Intent { act=android.intent.action.PACKAGE_RESTARTED dat=package:com.example.valuefinder flg=0x10 (has extras) } to android/com.kddi.android.CpaNotiReceiver
05-01 10:56:40.633  2459  3972 D WindowManager: finishDrawingWindow: Window{f65c42f u0 com.example.valuefinder/com.example.valuefinder.MainActivity} mDrawState=DRAW_PENDING
05-01 10:56:40.636  2459  2560 I WindowManager: commitFinishDrawingLocked: mDrawState=READY_TO_SHOW Surface(name=com.example.valuefinder/com.example.valuefinder.MainActivity[19998])/@0xb1bd4bf
05-01 10:56:40.644  2459  2560 I WindowManager: commitFinishDrawingLocked: mDrawState=READY_TO_SHOW Surface(name=com.example.valuefinder/com.example.valuefinder.MainActivity[19998])/@0xb1bd4bf
05-01 10:56:40.644  2459  2560 I WindowManager: Cancelling animation restarting=false, leash=null, surface=Surface(name=f65c42f com.example.valuefinder/com.example.valuefinder.MainActivity)/@0x65f78c, parent=Surface(name=AppWindowToken{ef7874e token=Token{8b2a249 ActivityRecord{aabb050 u0 com.example.valuefinder/.MainActivity t987}}})/@0x27db67d
05-01 10:56:40.645  2459  2560 V WindowManager: performShowLocked: mDrawState=HAS_DRAWN in Window{f65c42f u0 com.example.valuefinder/com.example.valuefinder.MainActivity}
05-01 10:56:40.659  2459  2519 I ActivityManager: Displayed com.example.valuefinder/.MainActivity: +3s119ms
05-01 10:56:40.671  2459  2560 V WindowManager: Remove Window{fdf9c74 u0 Splash Screen com.example.valuefinder}: mSurfaceController=Surface(name=Splash Screen com.example.valuefinder)/@0xcb40a27 mAnimatingExit=false mRemoveOnExit=false mHasSurface=true surfaceShowing=true isAnimationSet=false app-animation=false mWillReplaceWindow=false inPendingTransaction=false mDisplayFrozen=false callers=com.android.server.wm.WindowState.removeIfPossible:2803 com.android.server.wm.WindowManagerService.removeWindow:1954 com.android.server.wm.Session.remove:274 android.view.ViewRootImpl.dispatchDetachedFromWindow:4651 android.view.ViewRootImpl.doDie:8119 android.view.ViewRootImpl$ViewRootHandler.handleMessage:5083 
05-01 10:56:40.682  2459  2560 I WindowManager: Cancelling animation restarting=true, leash=null, surface=Surface(name=fdf9c74 Splash Screen com.example.valuefinder)/@0x42fddb, parent=Surface(name=AppWindowToken{ef7874e token=Token{8b2a249 ActivityRecord{aabb050 u0 com.example.valuefinder/.MainActivity t987}}})/@0x27db67d
05-01 10:56:40.682  2459  2560 I WindowManager: Reparenting to leash, surface=Surface(name=fdf9c74 Splash Screen com.example.valuefinder)/@0x42fddb
