05-01 10:56:40.682   702  5273 I SurfaceFlinger: id=5011 createSurf (4096x4096),2 flag=4, Surface(name=fdf9c74 Splash Screen com.example.valuefinder)/@0x42fddb - animation-leash#0
05-01 10:56:40.689  2459  2560 D WindowManager: makeSurface duration=7 leash=Surface(name=Surface(name=fdf9c74 Splash Screen com.example.valuefinder)/@0x42fddb - animation-leash)/@0x8410078
05-01 10:56:40.689  2459  2560 D SurfaceControl: reparent is called, sc=Surface(name=fdf9c74 Splash Screen com.example.valuefinder)/@0x42fddb, newParentHandle=android.os.BinderProxy@6a1f351, transaction=android.view.SurfaceControl$Transaction@cbd77b6
05-01 10:56:40.692   702   762 D Layer   : [fdf9c74 Splash Screen com.example.valuefinder#0]::reparent oldParent:[AppWindowToken{ef7874e token=Token{8b2a249 ActivityRecord{aabb050 u0 com.example.valuefinder/.MainActivity t987}}}#0], newParent:[Surface(name=fdf9c74 Splash Screen com.example.valuefinder)/@0x42fddb - animation-leash#0]
05-01 10:56:40.712  2459  2560 I WindowManager: reset, Reparenting to original parent, shouldDeferScheduleAnimation=false, destroyLeash=true, surface=Surface(name=fdf9c74 Splash Screen com.example.valuefinder)/@0x42fddb, parent=Surface(name=AppWindowToken{ef7874e token=Token{8b2a249 ActivityRecord{aabb050 u0 com.example.valuefinder/.MainActivity t987}}})/@0x27db67d, parentNativeHandle=android.os.BinderProxy@c1738d, caller=com.android.server.wm.SurfaceAnimator.lambda$getFinishedCallback$0:97 com.android.server.wm.-$$Lambda$SurfaceAnimator$SIBia0mND666K8lMCPsoid8pUTI.run:4 com.android.server.wm.SurfaceAnimator.lambda$getFinishedCallback$1:104 com.android.server.wm.-$$Lambda$SurfaceAnimator$vdRZk66hQVbQCvVXEaQCT1kVmFc.onAnimationFinished:4 com.android.server.wm.LocalAnimationAdapter.lambda$startAnimation$0:74 
05-01 10:56:40.712  2459  2560 D SurfaceControl: reparent is called, sc=Surface(name=fdf9c74 Splash Screen com.example.valuefinder)/@0x42fddb, newParentHandle=android.os.BinderProxy@c1738d, transaction=android.view.SurfaceControl$Transaction@cbd77b6
05-01 10:56:40.712  2459  2560 D SurfaceControl: destroy(transaction), animation-leash is destroyed, sc=Surface(name=Surface(name=fdf9c74 Splash Screen com.example.valuefinder)/@0x42fddb - animation-leash)/@0x8410078, transaction=android.view.SurfaceControl$Transaction@cbd77b6, caller=com.android.server.wm.SurfaceAnimator.reset:344 com.android.server.wm.SurfaceAnimator.lambda$getFinishedCallback$0:97 com.android.server.wm.-$$Lambda$SurfaceAnimator$SIBia0mND666K8lMCPsoid8pUTI.run:4 com.android.server.wm.SurfaceAnimator.lambda$getFinishedCallback$1:104 com.android.server.wm.-$$Lambda$SurfaceAnimator$vdRZk66hQVbQCvVXEaQCT1kVmFc.onAnimationFinished:4 com.android.server.wm.LocalAnimationAdapter.lambda$startAnimation$0:74 com.android.server.wm.-$$Lambda$LocalAnimationAdapter$X--EomqUvw4qy89IeeTFTH7aCMo.run:4 
05-01 10:56:40.712  2459  2560 E WindowManager: win=Window{fdf9c74 u0 Splash Screen com.example.valuefinder EXITING} destroySurfaces: appStopped=false win.mWindowRemovalAllowed=true win.mRemoveOnExit=true win.mViewVisibility=0 caller=com.android.server.wm.AppWindowToken.destroySurfaces:896 com.android.server.wm.AppWindowToken.destroySurfaces:877 com.android.server.wm.WindowState.onExitAnimationDone:5496 com.android.server.wm.WindowStateAnimator.onAnimationFinished:320 com.android.server.wm.WindowState.onAnimationFinished:5920 com.android.server.wm.-$$Lambda$yVRF8YoeNdTa8GR1wDStVsHu8xM.run:2 com.android.server.wm.SurfaceAnimator.lambda$getFinishedCallback$0:100 
05-01 10:56:40.712  2459  2560 I WindowManager: Destroying surface Surface(name=Splash Screen com.example.valuefinder)/@0xcb40a27 called by com.android.server.wm.WindowStateAnimator.destroySurface:1893 com.android.server.wm.WindowStateAnimator.destroySurfaceLocked:821 com.android.server.wm.WindowState.destroySurfaceUnchecked:3882 com.android.server.wm.WindowState.destroySurface:3863 com.android.server.wm.AppWindowToken.destroySurfaces:896 com.android.server.wm.AppWindowToken.destroySurfaces:877 com.android.server.wm.WindowState.onExitAnimationDone:5496 com.android.server.wm.WindowStateAnimator.onAnimationFinished:320 
05-01 10:56:40.713   702   762 I SurfaceFlinger: id=5008 Removed Splash Screen com.example.valuefinder#0 (0/46)
05-01 10:56:40.716  2459  2560 D WindowManager: clearSavedLeashOnCommit, savedLeash=Surface(name=Surface(name=fdf9c74 Splash Screen com.example.valuefinder)/@0x42fddb - animation-leash)/@0x8410078, caller=com.android.server.wm.WindowContainer.removeImmediately:329 com.android.server.wm.WindowState.removeImmediately:2715 com.android.server.wm.WindowState.destroySurface:3866 com.android.server.wm.AppWindowToken.destroySurfaces:896 com.android.server.wm.AppWindowToken.destroySurfaces:877 com.android.server.wm.WindowState.onExitAnimationDone:5496 
05-01 10:56:40.716   702   702 I SurfaceFlinger:      Device | 0x701c770e80 | 0002 | RGBA_8888 |   0.0    0.0 2048.0 1536.0 |    0    0 2048 1536 | com.example.valuefinder/com.example.valuefinder.MainActivity[19998]#0
05-01 10:56:40.722   702   702 I Layer   : id=5008 onRemoved Splash Screen com.example.valuefinder#0 
05-01 10:56:40.733   702   762 D Layer   : [fdf9c74 Splash Screen com.example.valuefinder#0]::reparent oldParent:[Surface(name=fdf9c74 Splash Screen com.example.valuefinder)/@0x42fddb - animation-leash#0], newParent:[AppWindowToken{ef7874e token=Token{8b2a249 ActivityRecord{aabb050 u0 com.example.valuefinder/.MainActivity t987}}}#0]
05-01 10:56:40.733   702   762 I SurfaceFlinger: id=5011 Removed Surface(name=fdf9c74 Splash Screen com.example.valuefinder)/@0x42fddb - animation-leash#0 (2/45)
05-01 10:56:40.733   702   762 I SurfaceFlinger: id=5007 Removed fdf9c74 Splash Screen com.example.valuefinder#0 (1/44)
05-01 10:56:40.739   702   702 I Layer   : id=5007 onRemoved fdf9c74 Splash Screen com.example.valuefinder#0 
05-01 10:56:40.739   702   702 I Layer   : id=5011 onRemoved Surface(name=fdf9c74 Splash Screen com.example.valuefinder)/@0x42fddb - animation-leash#0 
05-01 10:56:40.953 19998 19998 D ConnectivityManager: requestNetwork; CallingUid : 10406, CallingPid : 19998, PackageName : com.example.valuefinder
05-01 10:56:41.560  2459  2641 D WifiTrafficPoller: TrafficStats TxPkts=592461 RxPkts=1652064 TxBytes=223908867 RxBytes=1255241675 , Foreground uid=10406 pkgName=com.example.valuefinder TxPackets=2549 RxPackets=4033 TxBytes=289411 RxBytes=5090412
05-01 10:56:41.587 19998 19998 V InputMethodManager: Starting input: tba=com.example.valuefinder ic=null mNaviBarColor -855310 mIsGetNaviBarColorSuccess true , NavVisible : true , NavTrans : false
05-01 10:56:41.589  2459  3972 V InputMethodManagerService: windowGainedFocus : reason=WINDOW_FOCUS_GAIN client=android.os.BinderProxy@833b00d inputContext=null missingMethods= attribute=android.view.inputmethod.EditorInfo@73b13cb nm = com.example.valuefinder controlFlags=#104 softInputMode=#120 windowFlags=#81810100
05-01 10:56:41.680 19998 19998 V InputMethodManager: Starting input: tba=com.example.valuefinder ic=null mNaviBarColor -855310 mIsGetNaviBarColorSuccess true , NavVisible : true , NavTrans : false
05-01 10:56:41.788  2459  2508 D CodecSolution: isMaxAspectPackageEx: com.example.valuefinder : false(0)
05-01 10:56:41.921  2459  2923 D MdnieScenarioControlService:  packageName : com.example.valuefinder    className : com.example.valuefinder.MainActivity
05-01 10:56:42.662  2459  2506 D MediaSessionService: Received change in packages, intent=Intent { act=android.intent.action.PACKAGE_ADDED dat=package:com.example.valuefinder flg=0x4000010 (has extras) }
05-01 10:56:42.672  2459  2506 I GameManagerService: PkgInstallationReceiver, onPackageUpdateFinished : com.example.valuefinder uid : 10406 userID : UserHandle{0}
05-01 10:56:42.672  2459  2736 D GameManagerService:GosNotifyThread: notifyPackageChangedToGos(), before send intent to GOS. type:2, changeType: 8, packageName:com.example.valuefinder
05-01 10:56:42.674  2459  2506 D MetaDataCollector: onReceive: done pkgName=com.example.valuefinder
05-01 10:56:42.675  4081  4081 D Launcher.Model: onPackageChanged:com.example.valuefinder, user:UserHandle{0}, isUpsModeEnabled = false, isEmergencyEnabled = false
05-01 10:56:42.676  4081  4081 D SuggestedItemsProvider: onPackageChanged: com.example.valuefinder / UserHandle{0}
05-01 10:56:42.676  4081  4081 D SuggestedItemsProvider: onPackageRemoved: com.example.valuefinder / UserHandle{0}
05-01 10:56:42.676  4081  4316 D Launcher.Model: Loader.updatePackage com.example.valuefinder
05-01 10:56:42.678  4081  4081 D SuggestedItemsProvider: onPackageAdded: com.example.valuefinder / UserHandle{0}
05-01 10:56:42.680  2459  2506 D MediaSessionService: Received change in packages, intent=Intent { act=android.intent.action.PACKAGE_REPLACED dat=package:com.example.valuefinder flg=0x4000010 (has extras) }
05-01 10:56:42.680  2459  2506 D MetaDataCollector: onReceive: done pkgName=com.example.valuefinder
05-01 10:56:42.686 17227 20171 D GOS:MainIntentService: onHandleIntent(). type(PACKAGE_CHANGED), changeType(REPLACED), packageName(com.example.valuefinder), UserHandle(0), Installed(true)
05-01 10:56:42.687 17227 20171 D GOS:SystemEventReactor: onPackageUpdated(). packageName: com.example.valuefinder, versionCode: 50
05-01 10:56:42.693 17227 20171 D GOS:PkgData: PkgData(), pkgName: com.example.valuefinder
05-01 10:56:42.693 17227 20171 D GOS:PkgData: setCustomFeatureFlag, pkgName: com.example.valuefinder, old featureFlag: 342277969730895875, new featureFlag: 342277969730895875
05-01 10:56:42.696  2459  4928 D PackageManager: getComponentMetadataForIconTray : com.example.valuefinder.MainActivity does not exist in mServices
05-01 10:56:42.696  2459  4928 D PackageManager: getComponentMetadataForIconTray : com.example.valuefinder.MainActivity does not exist in mProviders
05-01 10:56:42.696  2459  4928 D PackageManager: getComponentMetadataForIconTray : com.example.valuefinder.MainActivity does not exist in mReceivers
05-01 10:56:42.702  4081  4316 D LauncherActivityInfo: packageName: com.example.valuefinder, supportTheme: false, height: 144, width: 144, density: 480
05-01 10:56:42.720  4081  4316 D DataLoader: updatePackage:com.example.valuefinder
05-01 10:56:42.721  4081  4316 D DataLoader: updatePackageActivities, modified : IconInfo(title=ValuePics intent=Intent { act=android.intent.action.MAIN cat=[android.intent.category.LAUNCHER] flg=0x10200000 cmp=com.example.valuefinder/.MainActivity (has extras) } id=240 type=0 container=-102 screen=1 cellX=4 cellY=4 spanX=1 spanY=1 rank=28 hidden=0 dropPos=null user=UserHandle{0} screenType=0)
05-01 10:56:42.723  4081  4316 I AppsLoader: addOrUpdater cn = ComponentInfo{com.example.valuefinder/com.example.valuefinder.MainActivity}, UserHandle{0}, screenType = 0
05-01 10:56:42.730 17227 20171 D GOS:PkgData: PkgData(), pkgName: com.example.valuefinder
05-01 10:56:42.730 17227 20171 D GOS:PkgData: setCustomFeatureFlag, pkgName: com.example.valuefinder, old featureFlag: 342277969730895875, new featureFlag: 342277969730895875
05-01 10:56:42.732 17227 20171 D GOS:MonitoredAppsDAO: getSubscriberApps(com.example.valuefinder)
05-01 10:56:42.734  4081  4316 I AppsLoader: addOrUpdater update item = IconInfo(title=ValuePics intent=Intent { act=android.intent.action.MAIN cat=[android.intent.category.LAUNCHER] flg=0x10200000 cmp=com.example.valuefinder/.MainActivity (has extras) } id=240 type=0 container=-102 screen=1 cellX=4 cellY=4 spanX=1 spanY=1 rank=28 hidden=0 dropPos=null user=UserHandle{0} screenType=0)
05-01 10:56:43.109 19998 20008 I ple.valuefinde: Compiler allocated 6MB to compile void com.example.valuefinder.ui.ValuePicsAppKt.ValuePicsApp(androidx.compose.runtime.Composer, int)
05-01 10:56:43.550 19998 20008 I ple.valuefinde: JIT allocated 139KB for stack maps of void com.example.valuefinder.ui.ItemListScreenKt.ItemListScreen(java.util.List, java.util.List, kotlin.jvm.functions.Function0, kotlin.jvm.functions.Function1, kotlin.jvm.functions.Function1, kotlin.jvm.functions.Function0, kotlin.jvm.functions.Function0, kotlin.jvm.functions.Function0, kotlin.jvm.functions.Function0, kotlin.jvm.functions.Function0, kotlin.jvm.functions.Function1, boolean, boolean, kotlin.jvm.functions.Function5, kotlin.jvm.functions.Function4, kotlin.jvm.functions.Function5, kotlin.jvm.functions.Function2, boolean, com.example.valuefinder.ExportProgress, java.lang.String, kotlin.jvm.functions.Function0, int, kotlin.jvm.functions.Function1, kotlin.jvm.functions.Function0, java.lang.String, int, int, java.lang.String, java.lang.String, java.lang.String, int, int, int, int, java.lang.String, int, kotlin.jvm.functions.Function0, kotlin.jvm.functions.Function0, boolean, kotlin.jvm.functions.Function2, kotlin.jvm.functions.Function3, kotlin.jvm.functions.Func
05-01 10:56:43.556 19998 20008 I ple.valuefinde: JIT allocated 57KB for compiled code of void com.example.valuefinder.ui.ItemListScreenKt.ItemListScreen(java.util.List, java.util.List, kotlin.jvm.functions.Function0, kotlin.jvm.functions.Function1, kotlin.jvm.functions.Function1, kotlin.jvm.functions.Function0, kotlin.jvm.functions.Function0, kotlin.jvm.functions.Function0, kotlin.jvm.functions.Function0, kotlin.jvm.functions.Function0, kotlin.jvm.functions.Function1, boolean, boolean, kotlin.jvm.functions.Function5, kotlin.jvm.functions.Function4, kotlin.jvm.functions.Function5, kotlin.jvm.functions.Function2, boolean, com.example.valuefinder.ExportProgress, java.lang.String, kotlin.jvm.functions.Function0, int, kotlin.jvm.functions.Function1, kotlin.jvm.functions.Function0, java.lang.String, int, int, java.lang.String, java.lang.String, java.lang.String, int, int, int, int, java.lang.String, int, kotlin.jvm.functions.Function0, kotlin.jvm.functions.Function0, boolean, kotlin.jvm.functions.Function2, kotlin.jvm.functions.Function3, kotlin.jvm.functions.Fu
05-01 10:56:43.556 19998 20008 I ple.valuefinde: Compiler allocated 21MB to compile void com.example.valuefinder.ui.ItemListScreenKt.ItemListScreen(java.util.List, java.util.List, kotlin.jvm.functions.Function0, kotlin.jvm.functions.Function1, kotlin.jvm.functions.Function1, kotlin.jvm.functions.Function0, kotlin.jvm.functions.Function0, kotlin.jvm.functions.Function0, kotlin.jvm.functions.Function0, kotlin.jvm.functions.Function0, kotlin.jvm.functions.Function1, boolean, boolean, kotlin.jvm.functions.Function5, kotlin.jvm.functions.Function4, kotlin.jvm.functions.Function5, kotlin.jvm.functions.Function2, boolean, com.example.valuefinder.ExportProgress, java.lang.String, kotlin.jvm.functions.Function0, int, kotlin.jvm.functions.Function1, kotlin.jvm.functions.Function0, java.lang.String, int, int, java.lang.String, java.lang.String, java.lang.String, int, int, int, int, java.lang.String, int, kotlin.jvm.functions.Function0, kotlin.jvm.functions.Function0, boolean, kotlin.jvm.functions.Function2, kotlin.jvm.functions.Function3, kotlin.jvm.functions.Functio
05-01 10:56:43.608 19998 20176 D ProfileInstaller: Installing profile for com.example.valuefinder
05-01 10:56:43.916  2459  6471 D GameManagerService: identifyGamePackage. com.example.valuefinder
05-01 10:56:43.917  2459  6471 D GamePkgDataHelper: getGamePkgData(). com.example.valuefinder
05-01 10:56:45.615  2459  2641 D WifiTrafficPoller: TrafficStats TxPkts=592475 RxPkts=1652087 TxBytes=223910651 RxBytes=1255248761 , Foreground uid=10406 pkgName=com.example.valuefinder TxPackets=2549 RxPackets=4033 TxBytes=289411 RxBytes=5090412
05-01 10:56:50.688  2459  2641 D WifiTrafficPoller: TrafficStats TxPkts=592492 RxPkts=1652122 TxBytes=223923274 RxBytes=1255256850 , Foreground uid=10406 pkgName=com.example.valuefinder TxPackets=2549 RxPackets=4033 TxBytes=289411 RxBytes=5090412
05-01 10:56:54.725  2459  2641 D WifiTrafficPoller: TrafficStats TxPkts=592492 RxPkts=1652150 TxBytes=223923274 RxBytes=1255261054 , Foreground uid=10406 pkgName=com.example.valuefinder TxPackets=2549 RxPackets=4033 TxBytes=289411 RxBytes=5090412
05-01 10:56:58.766  2459  2641 D WifiTrafficPoller: TrafficStats TxPkts=592495 RxPkts=1652182 TxBytes=223923502 RxBytes=1255268046 , Foreground uid=10406 pkgName=com.example.valuefinder TxPackets=2549 RxPackets=4033 TxBytes=289411 RxBytes=5090412
05-01 10:56:58.919 20221 20221 D AndroidRuntime: >>>>>> START com.android.internal.os.RuntimeInit uid 2000 <<<<<<
05-01 10:56:59.220 20221 20221 D AndroidRuntime: Calling main entry com.android.commands.input.Input
05-01 10:56:59.291 20221 20221 D AndroidRuntime: Shutting down VM
05-01 10:56:59.339  2459  3948 V WindowManager: Changing focus from Window{f65c42f u0 com.example.valuefinder/com.example.valuefinder.MainActivity} to Window{95f088d u0 Pop-up window} Callers=com.android.server.wm.WindowManagerService.addWindow:1773 com.android.server.wm.Session.addToDisplayForTranslate:250 android.view.IWindowSession$Stub.onTransact:208 com.android.server.wm.Session.onTransact:192 
05-01 10:56:59.956 19998 19998 V InputMethodManager: Starting input: tba=com.example.valuefinder ic=null mNaviBarColor Fail mIsGetNaviBarColorSuccess false , NavVisible : true , NavTrans : false
05-01 10:56:59.967  2459  4924 V InputMethodManagerService: windowGainedFocus : reason=WINDOW_FOCUS_GAIN client=android.os.BinderProxy@833b00d inputContext=null missingMethods= attribute=android.view.inputmethod.EditorInfo@a356a53 nm = com.example.valuefinder controlFlags=#104 softInputMode=#20 windowFlags=#1040000
05-01 10:56:59.976  2459  2519 D WindowManager: reportFocusChangedSerialized, focused=false, inTouchMode=true, win=Window{f65c42f u0 com.example.valuefinder/com.example.valuefinder.MainActivity}
05-01 10:56:59.980   702   702 I SurfaceFlinger:      Device | 0x701c7b3380 | 0002 | RGBA_8888 |   0.0    0.0 2048.0 1536.0 |    0    0 2048 1536 | com.example.valuefinder/com.example.valuefinder.MainActivity[19998]#0
05-01 10:57:00.701 20239 20239 D AndroidRuntime: >>>>>> START com.android.internal.os.RuntimeInit uid 2000 <<<<<<
05-01 10:57:00.889 20239 20239 D AndroidRuntime: Calling main entry com.android.commands.input.Input
05-01 10:57:00.985 20239 20239 D AndroidRuntime: Shutting down VM
05-01 10:57:01.065   702   765 I SurfaceFlinger: id=5014 createSurf (4096x4096),2 flag=4, 28ed7c1 com.example.valuefinder/com.example.valuefinder.MainActivity#0
05-01 10:57:01.067  2459  3948 V WindowManager: Changing focus from Window{95f088d u0 Pop-up window} to Window{28ed7c1 u0 com.example.valuefinder/com.example.valuefinder.MainActivity} Callers=com.android.server.wm.WindowManagerService.addWindow:1773 com.android.server.wm.Session.addToDisplayForTranslate:250 android.view.IWindowSession$Stub.onTransact:208 com.android.server.wm.Session.onTransact:192 
05-01 10:57:01.069  2459  2519 D WindowManager: reportFocusChangedSerialized, focused=true, inTouchMode=true, win=Window{28ed7c1 u0 com.example.valuefinder/com.example.valuefinder.MainActivity}
05-01 10:57:01.150  2459  2502 V WindowManager: Relayout Window{28ed7c1 u0 com.example.valuefinder/com.example.valuefinder.MainActivity}: viewVisibility=0 req=1120x744 {(0,0)(wrapxwrap) gr=CENTER sim={adjust=pan} ty=APPLICATION fmt=TRANSPARENT wanim=0x1030300 surfaceInsets=Rect(64, 64 - 64, 64)
05-01 10:57:01.153  2459  2502 V WindowManager: Resize reasons for w=Window{28ed7c1 u0 com.example.valuefinder/com.example.valuefinder.MainActivity}:  contentInsetsChanged=false [0,0][0,0] visibleInsetsChanged=false [0,0][0,0] stableInsetsChanged=false [0,0][0,0] outsetsChanged=false [0,0][0,0] surfaceResized=false configChanged=true dragResizingChanged=false reportOrientationChanged=false displayCutoutChanged=false nextForceRelayoutToClient=false
05-01 10:57:01.163   702   762 D SurfaceFlinger: duplicate layer name: changing com.example.valuefinder/com.example.valuefinder.MainActivity[19998] to com.example.valuefinder/com.example.valuefinder.MainActivity[19998]#1
05-01 10:57:01.163   702   762 I SurfaceFlinger: id=5015 createSurf (1248x872),1 flag=4, com.example.valuefinder/com.example.valuefinder.MainActivity[19998]#1
05-01 10:57:01.165  2459  2502 D WindowManager: makeSurface duration=5 name=com.example.valuefinder/com.example.valuefinder.MainActivity[19998]
05-01 10:57:01.296  2459  2502 V WindowManager: Relayout Window{28ed7c1 u0 com.example.valuefinder/com.example.valuefinder.MainActivity}: viewVisibility=0 req=1120x744 {(0,0)(wrapxwrap) gr=CENTER sim={adjust=pan} ty=APPLICATION fmt=TRANSPARENT wanim=0x1030300 surfaceInsets=Rect(64, 64 - 64, 64)
05-01 10:57:01.298   702   702 I SurfaceFlinger:      Device | 0x701c770e80 | 0002 | RGBA_8888 |   0.0    0.0 2048.0 1536.0 |    0    0 2048 1536 | com.example.valuefinder/com.example.valuefinder.MainActivity[19998]#0
05-01 10:57:01.331  2459  2502 D WindowManager: finishDrawingWindow: Window{28ed7c1 u0 com.example.valuefinder/com.example.valuefinder.MainActivity} mDrawState=DRAW_PENDING
05-01 10:57:01.334  2459  2560 I WindowManager: commitFinishDrawingLocked: mDrawState=READY_TO_SHOW Surface(name=com.example.valuefinder/com.example.valuefinder.MainActivity[19998])/@0xcd4db66
05-01 10:57:01.337  2459  2560 I WindowManager: commitFinishDrawingLocked: mDrawState=READY_TO_SHOW Surface(name=com.example.valuefinder/com.example.valuefinder.MainActivity[19998])/@0xcd4db66
05-01 10:57:01.338  2459  2560 I WindowManager: Cancelling animation restarting=true, leash=null, surface=Surface(name=28ed7c1 com.example.valuefinder/com.example.valuefinder.MainActivity)/@0x5b16f54, parent=Surface(name=AppWindowToken{ef7874e token=Token{8b2a249 ActivityRecord{aabb050 u0 com.example.valuefinder/.MainActivity t987}}})/@0x27db67d
05-01 10:57:01.338  2459  2560 I WindowManager: Reparenting to leash, surface=Surface(name=28ed7c1 com.example.valuefinder/com.example.valuefinder.MainActivity)/@0x5b16f54
05-01 10:57:01.339   702   762 I SurfaceFlinger: id=5016 createSurf (4096x4096),2 flag=4, Surface(name=28ed7c1 com.example.valuefinder/com.example.valuefinder.MainActivity)/@0x5b16f54 - animation-leash#0
05-01 10:57:01.340 19998 19998 V InputMethodManager: Starting input: tba=com.example.valuefinder ic=null mNaviBarColor -855310 mIsGetNaviBarColorSuccess true , NavVisible : true , NavTrans : false
05-01 10:57:01.341  2459  2560 D WindowManager: makeSurface duration=3 leash=Surface(name=Surface(name=28ed7c1 com.example.valuefinder/com.example.valuefinder.MainActivity)/@0x5b16f54 - animation-leash)/@0xb702efd
05-01 10:57:01.341  2459  2560 D SurfaceControl: reparent is called, sc=Surface(name=28ed7c1 com.example.valuefinder/com.example.valuefinder.MainActivity)/@0x5b16f54, newParentHandle=android.os.BinderProxy@1c347f2, transaction=android.view.SurfaceControl$Transaction@73d8e43
05-01 10:57:01.341  2459  2560 V WindowManager: performShowLocked: mDrawState=HAS_DRAWN in Window{28ed7c1 u0 com.example.valuefinder/com.example.valuefinder.MainActivity}
05-01 10:57:01.347   702   762 D Layer   : [28ed7c1 com.example.valuefinder/com.example.valuefinder.MainActivity#0]::reparent oldParent:[AppWindowToken{ef7874e token=Token{8b2a249 ActivityRecord{aabb050 u0 com.example.valuefinder/.MainActivity t987}}}#0], newParent:[Surface(name=28ed7c1 com.example.valuefinder/com.example.valuefinder.MainActivity)/@0x5b16f54 - animation-leash#0]
05-01 10:57:01.349  2459  2508 D WindowManager: setSystemUiVisibility: vis= 0x8, fullscreenVis= 0x0, dockedVis= 0x0, win=Window{28ed7c1 u0 com.example.valuefinder/com.example.valuefinder.MainActivity}
05-01 10:57:01.351  2459  2502 V InputMethodManagerService: windowGainedFocus : reason=WINDOW_FOCUS_GAIN client=android.os.BinderProxy@833b00d inputContext=null missingMethods= attribute=android.view.inputmethod.EditorInfo@2eb40b5 nm = com.example.valuefinder controlFlags=#104 softInputMode=#20 windowFlags=#1800002
05-01 10:57:01.353  2459  2560 I WindowManager: reset, Reparenting to original parent, shouldDeferScheduleAnimation=false, destroyLeash=true, surface=Surface(name=28ed7c1 com.example.valuefinder/com.example.valuefinder.MainActivity)/@0x5b16f54, parent=Surface(name=AppWindowToken{ef7874e token=Token{8b2a249 ActivityRecord{aabb050 u0 com.example.valuefinder/.MainActivity t987}}})/@0x27db67d, parentNativeHandle=android.os.BinderProxy@c1738d, caller=com.android.server.wm.SurfaceAnimator.lambda$getFinishedCallback$0:97 com.android.server.wm.-$$Lambda$SurfaceAnimator$SIBia0mND666K8lMCPsoid8pUTI.run:4 com.android.server.wm.SurfaceAnimator.lambda$getFinishedCallback$1:104 com.android.server.wm.-$$Lambda$SurfaceAnimator$vdRZk66hQVbQCvVXEaQCT1kVmFc.onAnimationFinished:4 com.android.server.wm.LocalAnimationAdapter.lambda$startAnimation$0:74 
05-01 10:57:01.354  2459  2560 D SurfaceControl: reparent is called, sc=Surface(name=28ed7c1 com.example.valuefinder/com.example.valuefinder.MainActivity)/@0x5b16f54, newParentHandle=android.os.BinderProxy@c1738d, transaction=android.view.SurfaceControl$Transaction@73d8e43
05-01 10:57:01.354  2459  2560 D SurfaceControl: destroy(transaction), animation-leash is destroyed, sc=Surface(name=Surface(name=28ed7c1 com.example.valuefinder/com.example.valuefinder.MainActivity)/@0x5b16f54 - animation-leash)/@0xb702efd, transaction=android.view.SurfaceControl$Transaction@73d8e43, caller=com.android.server.wm.SurfaceAnimator.reset:344 com.android.server.wm.SurfaceAnimator.lambda$getFinishedCallback$0:97 com.android.server.wm.-$$Lambda$SurfaceAnimator$SIBia0mND666K8lMCPsoid8pUTI.run:4 com.android.server.wm.SurfaceAnimator.lambda$getFinishedCallback$1:104 com.android.server.wm.-$$Lambda$SurfaceAnimator$vdRZk66hQVbQCvVXEaQCT1kVmFc.onAnimationFinished:4 com.android.server.wm.LocalAnimationAdapter.lambda$startAnimation$0:74 com.android.server.wm.-$$Lambda$LocalAnimationAdapter$X--EomqUvw4qy89IeeTFTH7aCMo.run:4 
05-01 10:57:01.355  2459  2560 D WindowManager: prepareSurfaces, request to clear saved leash, surface=Surface(name=28ed7c1 com.example.valuefinder/com.example.valuefinder.MainActivity)/@0x5b16f54
05-01 10:57:01.355   702   762 D Layer   : [28ed7c1 com.example.valuefinder/com.example.valuefinder.MainActivity#0]::reparent oldParent:[Surface(name=28ed7c1 com.example.valuefinder/com.example.valuefinder.MainActivity)/@0x5b16f54 - animation-leash#0], newParent:[AppWindowToken{ef7874e token=Token{8b2a249 ActivityRecord{aabb050 u0 com.example.valuefinder/.MainActivity t987}}}#0]
05-01 10:57:01.355   702   762 I SurfaceFlinger: id=5016 Removed Surface(name=28ed7c1 com.example.valuefinder/com.example.valuefinder.MainActivity)/@0x5b16f54 - animation-leash#0 (2/48)
05-01 10:57:01.356  2459  2560 D WindowManager: clearSavedLeashOnCommit, savedLeash=Surface(name=Surface(name=28ed7c1 com.example.valuefinder/com.example.valuefinder.MainActivity)/@0x5b16f54 - animation-leash)/@0xb702efd, caller=com.android.server.wm.WindowContainer.clearSavedLeashOnCommit:1156 com.android.server.wm.WindowContainer.clearSavedLeashOnCommit:1160 com.android.server.wm.WindowContainer.clearSavedLeashOnCommit:1160 com.android.server.wm.WindowContainer.clearSavedLeashOnCommit:1160 com.android.server.wm.WindowContainer.clearSavedLeashOnCommit:1160 com.android.server.wm.WindowContainer.clearSavedLeashOnCommit:1160 
05-01 10:57:01.359   702   702 I Layer   : id=5016 onRemoved Surface(name=28ed7c1 com.example.valuefinder/com.example.valuefinder.MainActivity)/@0x5b16f54 - animation-leash#0 
05-01 10:57:01.370   702   702 I SurfaceFlinger:      Device | 0x701c7b3300 | 0002 | RGBA_8888 |   0.0    0.0 2048.0 1536.0 |    0    0 2048 1536 | com.example.valuefinder/com.example.valuefinder.MainActivity[19998]#0
05-01 10:57:01.370   702   702 I SurfaceFlinger:      Device | 0x701e433800 | 0000 | RGBA_8888 |   0.0    0.0  872.0 1248.0 |  612  144 1484 1392 | com.example.valuefinder/com.example.valuefinder.MainActivity[19998]#1
05-01 10:57:02.814  2459  2641 D WifiTrafficPoller: TrafficStats TxPkts=592496 RxPkts=1652199 TxBytes=223923574 RxBytes=1255271111 , Foreground uid=10406 pkgName=com.example.valuefinder TxPackets=2549 RxPackets=4033 TxBytes=289411 RxBytes=5090412
05-01 10:57:03.401 20266 20266 D AndroidRuntime: >>>>>> START com.android.internal.os.RuntimeInit uid 2000 <<<<<<
05-01 10:57:03.674 20266 20266 D AndroidRuntime: Calling main entry com.android.commands.uiautomator.Launcher
05-01 10:57:04.952 20266 20266 D AndroidRuntime: Shutting down VM
05-01 10:57:06.869  2459  2641 D WifiTrafficPoller: TrafficStats TxPkts=592497 RxPkts=1652227 TxBytes=223923614 RxBytes=1255274559 , Foreground uid=10406 pkgName=com.example.valuefinder TxPackets=2549 RxPackets=4033 TxBytes=289411 RxBytes=5090412
05-01 10:57:10.937  2459  2641 D WifiTrafficPoller: TrafficStats TxPkts=592499 RxPkts=1652249 TxBytes=223923754 RxBytes=1255277492 , Foreground uid=10406 pkgName=com.example.valuefinder TxPackets=2549 RxPackets=4033 TxBytes=289411 RxBytes=5090412
05-01 10:57:14.990  2459  2641 D WifiTrafficPoller: TrafficStats TxPkts=592501 RxPkts=1652264 TxBytes=223923942 RxBytes=1255279186 , Foreground uid=10406 pkgName=com.example.valuefinder TxPackets=2549 RxPackets=4033 TxBytes=289411 RxBytes=5090412
05-01 10:57:19.049  2459  2641 D WifiTrafficPoller: TrafficStats TxPkts=592502 RxPkts=1652287 TxBytes=223924014 RxBytes=1255282422 , Foreground uid=10406 pkgName=com.example.valuefinder TxPackets=2549 RxPackets=4033 TxBytes=289411 RxBytes=5090412
05-01 10:57:23.105  2459  2641 D WifiTrafficPoller: TrafficStats TxPkts=592504 RxPkts=1652335 TxBytes=223924150 RxBytes=1255289576 , Foreground uid=10406 pkgName=com.example.valuefinder TxPackets=2549 RxPackets=4033 TxBytes=289411 RxBytes=5090412
05-01 10:57:25.499 20375 20375 D AndroidRuntime: >>>>>> START com.android.internal.os.RuntimeInit uid 2000 <<<<<<
05-01 10:57:25.695 20375 20375 D AndroidRuntime: Calling main entry com.android.commands.input.Input
05-01 10:57:25.727 20375 20375 D AndroidRuntime: Shutting down VM
05-01 10:57:25.836  2459  3970 V WindowManager: Relayout Window{28ed7c1 u0 com.example.valuefinder/com.example.valuefinder.MainActivity}: viewVisibility=0 req=1120x1056 {(0,0)(wrapxwrap) gr=CENTER sim={adjust=pan} ty=APPLICATION fmt=TRANSPARENT wanim=0x1030300 surfaceInsets=Rect(64, 64 - 64, 64)
05-01 10:57:25.841  2459  3970 I WindowManager: Cancelling animation restarting=true, leash=null, surface=Surface(name=28ed7c1 com.example.valuefinder/com.example.valuefinder.MainActivity)/@0x5b16f54, parent=Surface(name=AppWindowToken{ef7874e token=Token{8b2a249 ActivityRecord{aabb050 u0 com.example.valuefinder/.MainActivity t987}}})/@0x27db67d
05-01 10:57:25.842  2459  3970 I WindowManager: Reparenting to leash, surface=Surface(name=28ed7c1 com.example.valuefinder/com.example.valuefinder.MainActivity)/@0x5b16f54
05-01 10:57:25.843   702  5273 I SurfaceFlinger: id=5020 createSurf (4096x4096),2 flag=4, Surface(name=28ed7c1 com.example.valuefinder/com.example.valuefinder.MainActivity)/@0x5b16f54 - animation-leash#0
05-01 10:57:25.847  2459  3970 D WindowManager: makeSurface duration=5 leash=Surface(name=Surface(name=28ed7c1 com.example.valuefinder/com.example.valuefinder.MainActivity)/@0x5b16f54 - animation-leash)/@0x5ced7c8
05-01 10:57:25.847  2459  3970 D SurfaceControl: reparent is called, sc=Surface(name=28ed7c1 com.example.valuefinder/com.example.valuefinder.MainActivity)/@0x5b16f54, newParentHandle=android.os.BinderProxy@b810061, transaction=android.view.SurfaceControl$Transaction@73d8e43
05-01 10:57:25.848  2459  3970 V WindowManager: Resize reasons for w=Window{28ed7c1 u0 com.example.valuefinder/com.example.valuefinder.MainActivity}:  contentInsetsChanged=false [0,0][0,0] visibleInsetsChanged=false [0,0][0,0] stableInsetsChanged=false [0,0][0,0] outsetsChanged=false [0,0][0,0] surfaceResized=false configChanged=false dragResizingChanged=false reportOrientationChanged=false displayCutoutChanged=false nextForceRelayoutToClient=false
05-01 10:57:25.851   702  5273 D Layer   : [28ed7c1 com.example.valuefinder/com.example.valuefinder.MainActivity#0]::reparent oldParent:[AppWindowToken{ef7874e token=Token{8b2a249 ActivityRecord{aabb050 u0 com.example.valuefinder/.MainActivity t987}}}#0], newParent:[Surface(name=28ed7c1 com.example.valuefinder/com.example.valuefinder.MainActivity)/@0x5b16f54 - animation-leash#0]
05-01 10:57:25.860  2459  2560 I WindowManager: reset, Reparenting to original parent, shouldDeferScheduleAnimation=false, destroyLeash=true, surface=Surface(name=28ed7c1 com.example.valuefinder/com.example.valuefinder.MainActivity)/@0x5b16f54, parent=Surface(name=AppWindowToken{ef7874e token=Token{8b2a249 ActivityRecord{aabb050 u0 com.example.valuefinder/.MainActivity t987}}})/@0x27db67d, parentNativeHandle=android.os.BinderProxy@c1738d, caller=com.android.server.wm.SurfaceAnimator.lambda$getFinishedCallback$0:97 com.android.server.wm.-$$Lambda$SurfaceAnimator$SIBia0mND666K8lMCPsoid8pUTI.run:4 com.android.server.wm.SurfaceAnimator.lambda$getFinishedCallback$1:104 com.android.server.wm.-$$Lambda$SurfaceAnimator$vdRZk66hQVbQCvVXEaQCT1kVmFc.onAnimationFinished:4 com.android.server.wm.LocalAnimationAdapter.lambda$startAnimation$0:74 
05-01 10:57:25.860  2459  2560 D SurfaceControl: reparent is called, sc=Surface(name=28ed7c1 com.example.valuefinder/com.example.valuefinder.MainActivity)/@0x5b16f54, newParentHandle=android.os.BinderProxy@c1738d, transaction=android.view.SurfaceControl$Transaction@73d8e43
05-01 10:57:25.860  2459  2560 D SurfaceControl: destroy(transaction), animation-leash is destroyed, sc=Surface(name=Surface(name=28ed7c1 com.example.valuefinder/com.example.valuefinder.MainActivity)/@0x5b16f54 - animation-leash)/@0x5ced7c8, transaction=android.view.SurfaceControl$Transaction@73d8e43, caller=com.android.server.wm.SurfaceAnimator.reset:344 com.android.server.wm.SurfaceAnimator.lambda$getFinishedCallback$0:97 com.android.server.wm.-$$Lambda$SurfaceAnimator$SIBia0mND666K8lMCPsoid8pUTI.run:4 com.android.server.wm.SurfaceAnimator.lambda$getFinishedCallback$1:104 com.android.server.wm.-$$Lambda$SurfaceAnimator$vdRZk66hQVbQCvVXEaQCT1kVmFc.onAnimationFinished:4 com.android.server.wm.LocalAnimationAdapter.lambda$startAnimation$0:74 com.android.server.wm.-$$Lambda$LocalAnimationAdapter$X--EomqUvw4qy89IeeTFTH7aCMo.run:4 
05-01 10:57:25.862  2459  2560 D WindowManager: prepareSurfaces, request to clear saved leash, surface=Surface(name=28ed7c1 com.example.valuefinder/com.example.valuefinder.MainActivity)/@0x5b16f54
05-01 10:57:25.863   702   765 D Layer   : [28ed7c1 com.example.valuefinder/com.example.valuefinder.MainActivity#0]::reparent oldParent:[Surface(name=28ed7c1 com.example.valuefinder/com.example.valuefinder.MainActivity)/@0x5b16f54 - animation-leash#0], newParent:[AppWindowToken{ef7874e token=Token{8b2a249 ActivityRecord{aabb050 u0 com.example.valuefinder/.MainActivity t987}}}#0]
05-01 10:57:25.863   702   765 I SurfaceFlinger: id=5020 Removed Surface(name=28ed7c1 com.example.valuefinder/com.example.valuefinder.MainActivity)/@0x5b16f54 - animation-leash#0 (2/47)
05-01 10:57:25.863  2459  2560 D WindowManager: clearSavedLeashOnCommit, savedLeash=Surface(name=Surface(name=28ed7c1 com.example.valuefinder/com.example.valuefinder.MainActivity)/@0x5b16f54 - animation-leash)/@0x5ced7c8, caller=com.android.server.wm.WindowContainer.clearSavedLeashOnCommit:1156 com.android.server.wm.WindowContainer.clearSavedLeashOnCommit:1160 com.android.server.wm.WindowContainer.clearSavedLeashOnCommit:1160 com.android.server.wm.WindowContainer.clearSavedLeashOnCommit:1160 com.android.server.wm.WindowContainer.clearSavedLeashOnCommit:1160 com.android.server.wm.WindowContainer.clearSavedLeashOnCommit:1160 
05-01 10:57:25.872   702   702 I SurfaceFlinger:      Device | 0x701c7b3300 | 0002 | RGBA_8888 |   0.0    0.0 2048.0 1536.0 |    0    0 2048 1536 | com.example.valuefinder/com.example.valuefinder.MainActivity[19998]#0
05-01 10:57:25.873   702   702 I Layer   : id=5020 onRemoved Surface(name=28ed7c1 com.example.valuefinder/com.example.valuefinder.MainActivity)/@0x5b16f54 - animation-leash#0 
05-01 10:57:25.884   702   702 I SurfaceFlinger:      Device | 0x701c7b3300 | 0002 | RGBA_8888 |   0.0    0.0 2048.0 1536.0 |    0    0 2048 1536 | com.example.valuefinder/com.example.valuefinder.MainActivity[19998]#0
05-01 10:57:25.884   702   702 I SurfaceFlinger:      Device | 0x701e433380 | 0000 | RGBA_8888 |   0.0    0.0  872.0 1248.0 |  456  144 1328 1392 | com.example.valuefinder/com.example.valuefinder.MainActivity[19998]#1
05-01 10:57:27.150  2459  2641 D WifiTrafficPoller: TrafficStats TxPkts=592504 RxPkts=1652375 TxBytes=223924150 RxBytes=1255302013 , Foreground uid=10406 pkgName=com.example.valuefinder TxPackets=2549 RxPackets=4033 TxBytes=289411 RxBytes=5090412
05-01 10:57:28.084 20406 20406 D AndroidRuntime: >>>>>> START com.android.internal.os.RuntimeInit uid 2000 <<<<<<
05-01 10:57:28.281 20406 20406 D AndroidRuntime: Calling main entry com.android.commands.uiautomator.Launcher
05-01 10:57:29.515 20406 20406 D AndroidRuntime: Shutting down VM
05-01 10:57:31.180  2459  2641 D WifiTrafficPoller: TrafficStats TxPkts=592507 RxPkts=1652415 TxBytes=223924337 RxBytes=1255310053 , Foreground uid=10406 pkgName=com.example.valuefinder TxPackets=2549 RxPackets=4033 TxBytes=289411 RxBytes=5090412
05-01 10:57:35.234  2459  2641 D WifiTrafficPoller: TrafficStats TxPkts=592507 RxPkts=1652434 TxBytes=223924337 RxBytes=1255312784 , Foreground uid=10406 pkgName=com.example.valuefinder TxPackets=2549 RxPackets=4033 TxBytes=289411 RxBytes=5090412
05-01 10:57:39.295  2459  2641 D WifiTrafficPoller: TrafficStats TxPkts=592508 RxPkts=1652438 TxBytes=223924409 RxBytes=1255313473 , Foreground uid=10406 pkgName=com.example.valuefinder TxPackets=2549 RxPackets=4033 TxBytes=289411 RxBytes=5090412
05-01 10:57:43.357  2459  2641 D WifiTrafficPoller: TrafficStats TxPkts=592508 RxPkts=1652467 TxBytes=223924409 RxBytes=1255318090 , Foreground uid=10406 pkgName=com.example.valuefinder TxPackets=2549 RxPackets=4033 TxBytes=289411 RxBytes=5090412
05-01 10:57:47.431  2459  2641 D WifiTrafficPoller: TrafficStats TxPkts=592508 RxPkts=1652486 TxBytes=223924409 RxBytes=1255320849 , Foreground uid=10406 pkgName=com.example.valuefinder TxPackets=2549 RxPackets=4033 TxBytes=289411 RxBytes=5090412
05-01 10:57:51.490  2459  2641 D WifiTrafficPoller: TrafficStats TxPkts=592530 RxPkts=1652518 TxBytes=223928394 RxBytes=1255331352 , Foreground uid=10406 pkgName=com.example.valuefinder TxPackets=2549 RxPackets=4033 TxBytes=289411 RxBytes=5090412
05-01 10:57:55.558  2459  2641 D WifiTrafficPoller: TrafficStats TxPkts=592531 RxPkts=1652551 TxBytes=223928466 RxBytes=1255339632 , Foreground uid=10406 pkgName=com.example.valuefinder TxPackets=2549 RxPackets=4033 TxBytes=289411 RxBytes=5090412
05-01 10:57:59.611  2459  2641 D WifiTrafficPoller: TrafficStats TxPkts=592531 RxPkts=1652571 TxBytes=223928466 RxBytes=1255342676 , Foreground uid=10406 pkgName=com.example.valuefinder TxPackets=2549 RxPackets=4033 TxBytes=289411 RxBytes=5090412
